<html>
<body>
<pre>
<h1>µVision Build Log</h1>
<h2>Project:</h2>
C:\Users\ducept\Documents\Quadrirotor\Partie modèle\Quadricoptere.uvproj
Project File Date:  09/27/2014

<h2>Output:</h2>
Rebuild target 'Target 1'
compiling alti.c...
conf\alti.c(9): warning:  #550-D: variable "tabAlti" was set but never used
  static float tabAlti[10] = {0};
conf\alti.c: 1 warning, 0 errors
compiling battery.c...
compiling gyro.c...
compiling main.c...
conf\main.c(104): warning:  #550-D: variable "alti" was set but never used
        float alti = 0;
conf\main.c(121): warning:  #550-D: variable "data" was set but never used
                DATA_GYRO data __attribute__((aligned(sizeof(stkalign_t))));
conf\main.c(41): warning:  #177-D: variable "waMotor" was declared but never referenced
  static WORKING_AREA(waMotor, 128);
conf\main.c(42): warning:  #177-D: function "ThreadMotor" was declared but never referenced
  static msg_t ThreadMotor( void *arg )
conf\main.c(59): warning:  #177-D: variable "waComSnd" was declared but never referenced
  static WORKING_AREA(waComSnd, 128);
conf\main.c(60): warning:  #177-D: function "ThreadComSnd" was declared but never referenced
  static msg_t ThreadComSnd( void *arg )
conf\main.c(84): warning:  #177-D: variable "waComRcv" was declared but never referenced
  static WORKING_AREA(waComRcv, 512);
conf\main.c(85): warning:  #177-D: function "ThreadComRcv" was declared but never referenced
  static msg_t ThreadComRcv( void *arg )
conf\main.c: 8 warnings, 0 errors
compiling motor.c...
compiling XBee.c...
conf\XBee.c(36): warning:  #550-D: variable "timeRst" was set but never used
  static systime_t timeRst;
conf\XBee.c: 1 warning, 0 errors
compiling board.c...
compiling chdebug.c...
compiling chmboxes.c...
compiling chmempools.c...
compiling chmsg.c...
compiling chsys.c...
compiling chthreads.c...
compiling chevents.c...
compiling chcond.c...
compiling chdynamic.c...
compiling chheap.c...
compiling chlists.c...
compiling chmemcore.c...
compiling chmtx.c...
compiling chqueues.c...
compiling chregistry.c...
compiling chschd.c...
compiling chsem.c...
compiling chvt.c...
compiling hal.c...
compiling i2c.c...
compiling pwm.c...
compiling serial.c...
compiling tm.c...
compiling hal_lld.c...
compiling i2c_lld.c...
compiling serial_lld.c...
compiling pal_lld.c...
compiling icu_lld.c...
compiling pwm_lld.c...
compiling stm32_dma.c...
compiling chcore.c...
compiling nvic.c...
assembling cstartup.s...
assembling vectors.s...
compiling chcore_v7m.c...
assembling chcoreasm_v7m.s...
linking...
Program Size: Code=30884 RO-data=1124 RW-data=132 ZI-data=7188  
".\Quadricoptere.axf" - 0 Error(s), 10 Warning(s).
Clean started: Project: 'Quadricoptere'
   deleting intermediate output files for target 'Target 1'
