ARM Linker, 5.03 [Build 76] [MDK-ARM Lite]

==============================================================================

Section Cross References

    board.o(.text) refers to hal_lld.o(.text) for stm32_clock_init
    cstartup.o(MSTACK) refers (Special) to heapauxi.o(.text) for __use_two_region_memory
    cstartup.o(CSTACK) refers (Special) to heapauxi.o(.text) for __use_two_region_memory
    cstartup.o(HEAP) refers (Special) to heapauxi.o(.text) for __use_two_region_memory
    cstartup.o(.text) refers (Special) to heapauxi.o(.text) for __use_two_region_memory
    cstartup.o(.text) refers to board.o(.text) for __early_init
    cstartup.o(.text) refers to cstartup.o(CSTACK) for __initial_sp
    cstartup.o(.text) refers to __main.o(!!!main) for __main
    cstartup.o(.text) refers to cstartup.o(HEAP) for Heap_Mem
    chcoreasm_v7m.o(.text) refers to chthreads.o(.text) for chThdExit
    chcoreasm_v7m.o(.text) refers to chschd.o(.text) for chSchDoReschedule
    chcore_v7m.o(.text) refers to chsys.o(.text) for chSysTimerHandlerI
    chcore_v7m.o(.text) refers to nvic.o(.text) for nvicSetSystemHandlerPriority
    chcore_v7m.o(.text) refers to chschd.o(.bss) for rlist
    chcore_v7m.o(.text) refers to chcoreasm_v7m.o(.text) for _port_switch_from_isr
    vectors.o(RESET) refers to cstartup.o(MSTACK) for __initial_msp
    vectors.o(RESET) refers to cstartup.o(.text) for Reset_Handler
    vectors.o(RESET) refers to vectors.o(.text) for NMIVector
    vectors.o(RESET) refers to chcore_v7m.o(.text) for SVCallVector
    vectors.o(RESET) refers to stm32_dma.o(.text) for Vector6C
    vectors.o(RESET) refers to adc_lld.o(.text) for Vector88
    vectors.o(RESET) refers to pwm_lld.o(.text) for VectorB8
    vectors.o(RESET) refers to i2c_lld.o(.text) for VectorBC
    vectors.o(RESET) refers to serial_lld.o(.text) for VectorD8
    chcond.o(.text) refers to chschd.o(.text) for chSchWakeupS
    chcond.o(.text) refers to chmtx.o(.text) for chMtxUnlockS
    chcond.o(.text) refers to chschd.o(.bss) for rlist
    chdynamic.o(.text) refers to chmempools.o(.text) for chPoolFree
    chdynamic.o(.text) refers to chheap.o(.text) for chHeapFree
    chdynamic.o(.text) refers to chthreads.o(.text) for chThdCreateI
    chdynamic.o(.text) refers to chschd.o(.text) for chSchWakeupS
    chevents.o(.text) refers to chschd.o(.text) for chSchReadyI
    chevents.o(.text) refers to chschd.o(.bss) for rlist
    chheap.o(.text) refers to chmtx.o(.text) for chMtxInit
    chheap.o(.text) refers to chmemcore.o(.text) for chCoreAlloc
    chheap.o(.text) refers to chheap.o(.bss) for .bss
    chmboxes.o(.text) refers to chsem.o(.text) for chSemInit
    chmboxes.o(.text) refers to chschd.o(.text) for chSchRescheduleS
    chmemcore.o(.text) refers to chmemcore.o(.data) for .data
    chmsg.o(.text) refers to chschd.o(.text) for chSchReadyI
    chmsg.o(.text) refers to chschd.o(.bss) for rlist
    chmtx.o(.text) refers to chschd.o(.text) for chSchReadyI
    chmtx.o(.text) refers to chschd.o(.bss) for rlist
    chqueues.o(.text) refers to chschd.o(.text) for chSchReadyI
    chqueues.o(.text) refers to chschd.o(.bss) for rlist
    chregistry.o(.text) refers to chdynamic.o(.text) for chThdRelease
    chregistry.o(.text) refers to chschd.o(.bss) for rlist
    chschd.o(.text) refers to chcoreasm_v7m.o(.text) for _port_switch
    chschd.o(.text) refers to chvt.o(.text) for chVTSetI
    chschd.o(.text) refers to chschd.o(.bss) for .bss
    chsem.o(.text) refers to chschd.o(.text) for chSchReadyI
    chsem.o(.text) refers to chschd.o(.bss) for rlist
    chsys.o(.text) refers to chcore_v7m.o(.text) for _port_init
    chsys.o(.text) refers to chschd.o(.text) for _scheduler_init
    chsys.o(.text) refers to chvt.o(.text) for _vt_init
    chsys.o(.text) refers to chmemcore.o(.text) for _core_init
    chsys.o(.text) refers to chheap.o(.text) for _heap_init
    chsys.o(.text) refers to chthreads.o(.text) for _thread_init
    chsys.o(.text) refers to chschd.o(.bss) for rlist
    chsys.o(.text) refers to chsys.o(.bss) for .bss
    chsys.o(.text) refers to chregistry.o(.constdata) for ch_debug
    chsys.o(.text) refers to chvt.o(.bss) for vtlist
    chthreads.o(.text) refers to chschd.o(.text) for chSchWakeupS
    chthreads.o(.text) refers to chdynamic.o(.text) for chThdRelease
    chthreads.o(.text) refers to chschd.o(.bss) for rlist
    chthreads.o(.text) refers to chcoreasm_v7m.o(.text) for _port_thread_start
    chthreads.o(.text) refers to chvt.o(.bss) for vtlist
    chvt.o(.text) refers to chvt.o(.bss) for .bss
    adc.o(.text) refers to adc_lld.o(.text) for adc_lld_init
    adc.o(.text) refers to chmtx.o(.text) for chMtxInit
    adc.o(.text) refers to chschd.o(.text) for chSchWakeupS
    adc.o(.text) refers to chschd.o(.bss) for rlist
    hal.o(.text) refers to hal_lld.o(.text) for hal_lld_init
    hal.o(.text) refers to tm.o(.text) for tmInit
    hal.o(.text) refers to pal_lld.o(.text) for _pal_lld_init
    hal.o(.text) refers to adc.o(.text) for adcInit
[...]
    tm_start                                 0x08001ba1   Thumb Code     8  tm.o(.text)
    tm_stop                                  0x08001ba9   Thumb Code    38  tm.o(.text)
    .text                                    0x08001c20   Section        0  pal_lld.o(.text)
    .text                                    0x08001dd4   Section        0  pwm_lld.o(.text)
    .text                                    0x08002008   Section        0  serial_lld.o(.text)
    notify2                                  0x08002009   Thumb Code    12  serial_lld.o(.text)
    .text                                    0x080021bc   Section        0  spi_lld.o(.text)
    spi_lld_serve_rx_interrupt               0x080021bd   Thumb Code   114  spi_lld.o(.text)
    spi_lld_serve_tx_interrupt               0x0800222f   Thumb Code    12  spi_lld.o(.text)
    .text                                    0x080024bc   Section        0  stm32_dma.o(.text)
    .text                                    0x080026ac   Section        0  adc_lld.o(.text)
    adc_lld_serve_rx_interrupt               0x080026d9   Thumb Code   332  adc_lld.o(.text)
    .text                                    0x08002a28   Section        0  hal_lld.o(.text)
    .text                                    0x08002c10   Section        0  i2c_lld.o(.text)
    i2c_lld_safety_timeout                   0x08002c11   Thumb Code   106  i2c_lld.o(.text)
    i2c_lld_serve_rx_end_irq                 0x08002c7b   Thumb Code    92  i2c_lld.o(.text)
    i2c_lld_serve_tx_end_irq                 0x08002cd7   Thumb Code    52  i2c_lld.o(.text)
    i2c_lld_serve_event_interrupt            0x0800318b   Thumb Code   196  i2c_lld.o(.text)
    i2c_lld_serve_error_interrupt            0x0800324f   Thumb Code   216  i2c_lld.o(.text)
    .text                                    0x0800332c   Section        0  main.o(.text)
    ThreadComSnd                             0x0800332d   Thumb Code    50  main.o(.text)
    ThreadComRcv                             0x0800335f   Thumb Code    86  main.o(.text)
    ThreadRoulisTangage                      0x080033b5   Thumb Code   412  main.o(.text)
    ThreadAltitude                           0x080038b5   Thumb Code   832  main.o(.text)
    .text                                    0x08003cd0   Section        0  noretval__2printf.o(.text)
    .text                                    0x08003ce8   Section        0  noretval__2sprintf.o(.text)
    .text                                    0x08003d10   Section        0  _printf_pad.o(.text)
    .text                                    0x08003d62   Section        0  _printf_str.o(.text)
    .text                                    0x08003db4   Section        0  _printf_dec.o(.text)
    .text                                    0x08003e2c   Section        0  __printf_flags_ss_wp.o(.text)
    .text                                    0x08003fb8   Section        0  strlen.o(.text)
    .text                                    0x08003ff6   Section        0  heapauxi.o(.text)
    .text                                    0x08003ffc   Section        0  _rserrno.o(.text)
    .text                                    0x08004012   Section        0  _printf_intcommon.o(.text)
    .text                                    0x080040cc   Section        0  _printf_char_common.o(.text)
    _printf_input_char                       0x080040cd   Thumb Code    10  _printf_char_common.o(.text)
    .text                                    0x080040fc   Section        0  _sputc.o(.text)
    .text                                    0x08004106   Section        0  _printf_char.o(.text)
    .text                                    0x08004134   Section        0  _printf_char_file.o(.text)
    .text                                    0x08004158   Section        8  rt_errno_addr_intlibspace.o(.text)
    .text                                    0x08004160   Section        0  ferror.o(.text)
    .text                                    0x08004168   Section        0  initio.o(.text)
    .text                                    0x080042a0   Section        0  sys_io.o(.text)
    .text                                    0x08004306   Section        0  h1_free.o(.text)
    .text                                    0x08004354   Section        0  flsbuf.o(.text)
    .text                                    0x08004532   Section        0  setvbuf.o(.text)
    .text                                    0x08004578   Section        0  fopen.o(.text)
    _freopen_locked                          0x08004579   Thumb Code     0  fopen.o(.text)
    .text                                    0x08004664   Section        0  fclose.o(.text)
    .text                                    0x080046b0   Section        0  exit.o(.text)
    .text                                    0x080046bc   Section        0  defsig_rtred_outer.o(.text)
    .text                                    0x080046ca   Section       78  rt_memclr_w.o(.text)
    .text                                    0x08004718   Section        2  use_no_semi.o(.text)
    .text                                    0x0800471a   Section        0  indicate_semi.o(.text)
    .text                                    0x0800471c   Section        8  rt_heap_descriptor_intlibspace.o(.text)
    .text                                    0x08004724   Section        0  hguard.o(.text)
    .text                                    0x08004728   Section        0  init_alloc.o(.text)
    .text                                    0x080047b2   Section        0  h1_alloc.o(.text)
    .text                                    0x08004810   Section        0  fseek.o(.text)
    .text                                    0x08004908   Section        0  stdio.o(.text)
    .text                                    0x080049f8   Section        0  defsig_exit.o(.text)
    .text                                    0x08004a04   Section        0  defsig_rtred_inner.o(.text)
    .text                                    0x08004a38   Section        0  sys_exit.o(.text)
    .text                                    0x08004a44   Section        0  h1_init.o(.text)
    .text                                    0x08004a52   Section        0  h1_extend.o(.text)
    .text                                    0x08004a86   Section        0  ftell.o(.text)
    .text                                    0x08004acc   Section        0  defsig_general.o(.text)
    .text                                    0x08004afe   Section        0  defsig_rtmem_outer.o(.text)
    .text                                    0x08004b0c   Section        0  sys_wrch.o(.text)
    .text                                    0x08004b1c   Section        0  defsig_rtmem_inner.o(.text)
    i.__ARM_fpclassify                       0x08004b6c   Section        0  fpclassify.o(i.__ARM_fpclassify)
    i.__kernel_poly                          0x08004b94   Section        0  poly.o(i.__kernel_poly)
    i.__mathlib_dbl_underflow                0x08004c40   Section        0  dunder.o(i.__mathlib_dbl_underflow)
    i._is_digit                              0x08004c50   Section        0  __printf_wp.o(i._is_digit)
    i.fputc                                  0x08004c5e   Section        0  fputc.o(i.fputc)
    i.pow                                    0x08004c78   Section        0  pow.o(i.pow)
    i.sqrt                                   0x08005658   Section        0  sqrt.o(i.sqrt)
    x$fpl$dadd                               0x080056a4   Section      336  daddsub_clz.o(x$fpl$dadd)
    _dadd1                                   0x080056b5   Thumb Code     0  daddsub_clz.o(x$fpl$dadd)
    x$fpl$dcheck1                            0x080057f4   Section       16  dcheck1.o(x$fpl$dcheck1)
    x$fpl$dcmpinf                            0x08005804   Section       24  dcmpi.o(x$fpl$dcmpinf)
    x$fpl$ddiv                               0x0800581c   Section      688  ddiv.o(x$fpl$ddiv)
    ddiv_entry                               0x08005823   Thumb Code     0  ddiv.o(x$fpl$ddiv)
    x$fpl$dfix                               0x08005acc   Section       94  dfix.o(x$fpl$dfix)
    x$fpl$dflt                               0x08005b2a   Section       46  dflt_clz.o(x$fpl$dflt)
    x$fpl$dleqf                              0x08005b58   Section      120  dleqf.o(x$fpl$dleqf)
    x$fpl$dmul                               0x08005bd0   Section      340  dmul.o(x$fpl$dmul)
    x$fpl$dnaninf                            0x08005d24   Section      156  dnaninf.o(x$fpl$dnaninf)
    x$fpl$dretinf                            0x08005dc0   Section       12  dretinf.o(x$fpl$dretinf)
    x$fpl$drleqf                             0x08005dcc   Section      108  drleqf.o(x$fpl$drleqf)
    x$fpl$drsb                               0x08005e38   Section       22  daddsub_clz.o(x$fpl$drsb)
    x$fpl$dsqrt                              0x08005e50   Section      460  dsqrt_noumaal.o(x$fpl$dsqrt)
    x$fpl$dsub                               0x0800601c   Section      468  daddsub_clz.o(x$fpl$dsub)
    _dsub1                                   0x0800602d   Thumb Code     0  daddsub_clz.o(x$fpl$dsub)
    x$fpl$retnan                             0x080061f0   Section      100  retnan.o(x$fpl$retnan)
    x$fpl$scalbn                             0x08006254   Section       92  scalbn.o(x$fpl$scalbn)
    x$fpl$trapveneer                         0x080062b0   Section       48  trapv.o(x$fpl$trapveneer)
    .constdata                               0x080062e0   Section      168  board.o(.constdata)
    x$fpl$usenofp                            0x080062e0   Section        0  usenofp.o(x$fpl$usenofp)
    .constdata                               0x08006388   Section       22  chregistry.o(.constdata)
    .constdata                               0x080063a0   Section       32  serial.o(.constdata)
    vmt                                      0x080063a0   Data          32  serial.o(.constdata)
    .constdata                               0x080063c0   Section       12  serial_lld.o(.constdata)
    default_config                           0x080063c0   Data          12  serial_lld.o(.constdata)
    .constdata                               0x080063cc   Section       84  stm32_dma.o(.constdata)
    .constdata                               0x08006420   Section       12  main.o(.constdata)
    i2ccfg1                                  0x08006420   Data          12  main.o(.constdata)
    .constdata                               0x0800642c   Section       17  __printf_flags_ss_wp.o(.constdata)
    maptable                                 0x0800642c   Data          17  __printf_flags_ss_wp.o(.constdata)
    .constdata                               0x08006440   Section      136  pow.o(.constdata)
    bp                                       0x08006440   Data          16  pow.o(.constdata)
    dp_h                                     0x08006450   Data          16  pow.o(.constdata)
    dp_l                                     0x08006460   Data          16  pow.o(.constdata)
    L                                        0x08006470   Data          48  pow.o(.constdata)
    P                                        0x080064a0   Data          40  pow.o(.constdata)
    .constdata                               0x080064c8   Section        8  qnan.o(.constdata)
    .constdata                               0x080064d0   Section        4  sys_io.o(.constdata)
    .constdata                               0x080064d4   Section        4  sys_io.o(.constdata)
    .constdata                               0x080064d8   Section        4  sys_io.o(.constdata)
    .data                                    0x20000000   Section        8  chmemcore.o(.data)
    nextmem                                  0x20000000   Data           4  chmemcore.o(.data)
    endmem                                   0x20000004   Data           4  chmemcore.o(.data)
    .data                                    0x20000008   Section        4  tm.o(.data)
    measurement_offset                       0x20000008   Data           4  tm.o(.data)
    .data                                    0x2000000c   Section        4  spi_lld.o(.data)
    dummytx                                  0x2000000c   Data           2  spi_lld.o(.data)
    dummyrx                                  0x2000000e   Data           2  spi_lld.o(.data)
    .data                                    0x20000010   Section        4  stm32_dma.o(.data)
    dma_streams_mask                         0x20000010   Data           4  stm32_dma.o(.data)
    .data                                    0x20000014   Section       28  main.o(.data)
    uartCfg                                  0x20000024   Data          12  main.o(.data)
    .data                                    0x20000030   Section        4  stdio_streams.o(.data)
    .data                                    0x20000034   Section        4  stdio_streams.o(.data)
    .data                                    0x20000038   Section        4  stdio_streams.o(.data)
    .bss                                     0x20000040   Section       32  chheap.o(.bss)
    default_heap                             0x20000040   Data          32  chheap.o(.bss)
    .bss                                     0x20000060   Section       28  chschd.o(.bss)
    .bss                                     0x20000080   Section      264  chsys.o(.bss)
    mainthread                               0x20000080   Data          72  chsys.o(.bss)
    .bss                                     0x20000188   Section       16  chvt.o(.bss)
    .bss                                     0x20000198   Section       20  pwm_lld.o(.bss)
    .bss                                     0x200001ac   Section      120  serial_lld.o(.bss)
    .bss                                     0x20000224   Section       48  spi_lld.o(.bss)
    .bss                                     0x20000254   Section       56  stm32_dma.o(.bss)
    dma_isr_redir                            0x20000254   Data          56  stm32_dma.o(.bss)
    .bss                                     0x2000028c   Section       52  adc_lld.o(.bss)
    .bss                                     0x200002c0   Section      112  i2c_lld.o(.bss)
    .bss                                     0x20000330   Section     1240  main.o(.bss)
    rxbuf                                    0x20000330   Data          10  main.o(.bss)
    txbuf                                    0x2000033a   Data          10  main.o(.bss)
    waComSnd                                 0x20000348   Data         304  main.o(.bss)
    waComRcv                                 0x20000478   Data         304  main.o(.bss)
    waRoulisTangage                          0x200005a8   Data         304  main.o(.bss)
    waAltitude                               0x200006d8   Data         304  main.o(.bss)
    .bss                                     0x20000808   Section       84  stdio_streams.o(.bss)
    .bss                                     0x2000085c   Section       84  stdio_streams.o(.bss)
    .bss                                     0x200008b0   Section       84  stdio_streams.o(.bss)
    .bss                                     0x20000904   Section       96  libspace.o(.bss)
    CSTACK                                   0x20000968   Section     1024  cstartup.o(CSTACK)
    proc_stack_mem                           0x20000968   Data        1024  cstartup.o(CSTACK)
    HEAP                                     0x20000d68   Section     1024  cstartup.o(HEAP)
    Heap_Mem                                 0x20000d68   Data        1024  cstartup.o(HEAP)
    MSTACK                                   0x20001168   Section     1024  cstartup.o(MSTACK)

    Global Symbols

    Symbol Name                              Value     Ov Type        Size  Object(Section)

    BuildAttributes$$THM_ISAv4$P$D$K$B$S$PE$A:L22UL41UL21$X:L11$S22US41US21$IEEE1$IW$USESV6$~STKCKD$USESV7$~SHL$OTIME$ROPI$IEEEX$EBA8$UX$STANDARDLIB$REQ8$PRES8$EABIv2 0x00000000   Number         0  anon$$obj.o ABSOLUTE
    __ARM_use_no_argv                        0x00000000   Number         0  main.o ABSOLUTE
    _printf_flags                            0x00000000   Number         0  printf_stubs.o ABSOLUTE
    _printf_return_value                     0x00000000   Number         0  printf_stubs.o ABSOLUTE
    _printf_sizespec                         0x00000000   Number         0  printf_stubs.o ABSOLUTE
    _printf_widthprec                        0x00000000   Number         0  printf_stubs.o ABSOLUTE
    __ARM_exceptions_init                     - Undefined Weak Reference
    __alloca_initialize                       - Undefined Weak Reference
    __cpp_initialize__aeabi_                  - Undefined Weak Reference
    __cxa_finalize                            - Undefined Weak Reference
    __rt_locale                               - Undefined Weak Reference
    __sigvec_lookup                           - Undefined Weak Reference
    __user_heap_extent                        - Undefined Weak Reference
    _atexit_init                              - Undefined Weak Reference
    _call_atexit_fns                          - Undefined Weak Reference
    _clock_init                               - Undefined Weak Reference
    _fp_trap_init                             - Undefined Weak Reference
    _fp_trap_shutdown                         - Undefined Weak Reference
    _get_lc_collate                           - Undefined Weak Reference
    _get_lc_ctype                             - Undefined Weak Reference
    _get_lc_monetary                          - Undefined Weak Reference
    _get_lc_numeric                           - Undefined Weak Reference
    _get_lc_time                              - Undefined Weak Reference
    _getenv_init                              - Undefined Weak Reference
    _handle_redirection                       - Undefined Weak Reference
    _mutex_acquire                            - Undefined Weak Reference
    _mutex_free                               - Undefined Weak Reference
    _mutex_release                            - Undefined Weak Reference
    _printf_mbtowc                            - Undefined Weak Reference
    _printf_truncate_signed                   - Undefined Weak Reference
    _printf_truncate_unsigned                 - Undefined Weak Reference
    _rand_init                                - Undefined Weak Reference
    _signal_finish                            - Undefined Weak Reference
    _signal_init                              - Undefined Weak Reference
    __Vectors                                0x08000000   Data           0  vectors.o(RESET)
    __main                                   0x080000f5   Thumb Code     8  __main.o(!!!main)
    __scatterload                            0x080000fd   Thumb Code     0  __scatter.o(!!!scatter)
    __scatterload_rt2                        0x080000fd   Thumb Code    44  __scatter.o(!!!scatter)
    __scatterload_rt2_thumb_only             0x080000fd   Thumb Code     0  __scatter.o(!!!scatter)
    __scatterload_null                       0x0800010b   Thumb Code     0  __scatter.o(!!!scatter)
    __scatterload_copy                       0x08000131   Thumb Code    26  __scatter_copy.o(!!handler_copy)
    __scatterload_zeroinit                   0x0800014d   Thumb Code    28  __scatter_zi.o(!!handler_zi)
    _printf_d                                0x08000169   Thumb Code     0  _printf_d.o(.ARM.Collect$$_printf_percent$$00000009)
    _printf_percent                          0x08000169   Thumb Code     0  _printf_percent.o(.ARM.Collect$$_printf_percent$$00000000)
    _printf_s                                0x0800016f   Thumb Code     0  _printf_s.o(.ARM.Collect$$_printf_percent$$00000014)
    _printf_percent_end                      0x08000175   Thumb Code     0  _printf_percent_end.o(.ARM.Collect$$_printf_percent$$00000017)
    __rt_lib_init                            0x08000179   Thumb Code     0  libinit.o(.ARM.Collect$$libinit$$00000000)
    __rt_lib_init_fp_1                       0x0800017b   Thumb Code     0  libinit2.o(.ARM.Collect$$libinit$$00000002)
    __rt_lib_init_heap_2                     0x0800017b   Thumb Code     0  libinit2.o(.ARM.Collect$$libinit$$00000003)
    __rt_lib_init_atexit_1                   0x08000183   Thumb Code     0  libinit2.o(.ARM.Collect$$libinit$$00000019)
    __rt_lib_init_clock_1                    0x08000183   Thumb Code     0  libinit2.o(.ARM.Collect$$libinit$$0000001F)
    __rt_lib_init_fp_trap_1                  0x08000183   Thumb Code     0  libinit2.o(.ARM.Collect$$libinit$$0000001D)
    __rt_lib_init_getenv_1                   0x08000183   Thumb Code     0  libinit2.o(.ARM.Collect$$libinit$$00000021)
    __rt_lib_init_heap_1                     0x08000183   Thumb Code     0  libinit2.o(.ARM.Collect$$libinit$$00000008)
    __rt_lib_init_lc_collate_1               0x08000183   Thumb Code     0  libinit2.o(.ARM.Collect$$libinit$$0000000F)
    __rt_lib_init_lc_ctype_1                 0x08000183   Thumb Code     0  libinit2.o(.ARM.Collect$$libinit$$00000011)
    __rt_lib_init_lc_monetary_1              0x08000183   Thumb Code     0  libinit2.o(.ARM.Collect$$libinit$$00000013)
    __rt_lib_init_lc_numeric_1               0x08000183   Thumb Code     0  libinit2.o(.ARM.Collect$$libinit$$00000015)
    __rt_lib_init_lc_time_1                  0x08000183   Thumb Code     0  libinit2.o(.ARM.Collect$$libinit$$00000017)
    __rt_lib_init_rand_1                     0x08000183   Thumb Code     0  libinit2.o(.ARM.Collect$$libinit$$0000000C)
    __rt_lib_init_signal_1                   0x08000183   Thumb Code     0  libinit2.o(.ARM.Collect$$libinit$$0000001B)
    __rt_lib_init_stdio_2                    0x08000183   Thumb Code     0  libinit2.o(.ARM.Collect$$libinit$$00000022)
    __rt_lib_init_user_alloc_1               0x08000183   Thumb Code     0  libinit2.o(.ARM.Collect$$libinit$$0000000A)
    __rt_lib_init_alloca_1                   0x08000187   Thumb Code     0  libinit2.o(.ARM.Collect$$libinit$$0000002C)
    __rt_lib_init_argv_1                     0x08000187   Thumb Code     0  libinit2.o(.ARM.Collect$$libinit$$0000002A)
    __rt_lib_init_cpp_1                      0x08000187   Thumb Code     0  libinit2.o(.ARM.Collect$$libinit$$00000030)
    __rt_lib_init_exceptions_1               0x08000187   Thumb Code     0  libinit2.o(.ARM.Collect$$libinit$$0000002E)
    __rt_lib_init_return                     0x08000187   Thumb Code     0  libinit2.o(.ARM.Collect$$libinit$$00000031)
    __rt_lib_init_stdio_1                    0x08000187   Thumb Code     0  libinit2.o(.ARM.Collect$$libinit$$00000023)
    __rt_lib_shutdown                        0x08000189   Thumb Code     0  libshutdown.o(.ARM.Collect$$libshutdown$$00000000)
    __rt_lib_shutdown_stdio_2                0x0800018b   Thumb Code     0  libshutdown2.o(.ARM.Collect$$libshutdown$$00000002)
    __rt_lib_shutdown_fp_trap_1              0x0800018f   Thumb Code     0  libshutdown2.o(.ARM.Collect$$libshutdown$$00000006)
    __rt_lib_shutdown_heap_1                 0x0800018f   Thumb Code     0  libshutdown2.o(.ARM.Collect$$libshutdown$$0000000E)
    __rt_lib_shutdown_return                 0x0800018f   Thumb Code     0  libshutdown2.o(.ARM.Collect$$libshutdown$$0000000F)
    __rt_lib_shutdown_signal_1               0x0800018f   Thumb Code     0  libshutdown2.o(.ARM.Collect$$libshutdown$$00000009)
    __rt_lib_shutdown_stdio_1                0x0800018f   Thumb Code     0  libshutdown2.o(.ARM.Collect$$libshutdown$$00000003)
    __rt_lib_shutdown_user_alloc_1           0x0800018f   Thumb Code     0  libshutdown2.o(.ARM.Collect$$libshutdown$$0000000B)
    __rt_entry                               0x08000191   Thumb Code     0  rtentry.o(.ARM.Collect$$rtentry$$00000000)
    __rt_entry_presh_1                       0x08000191   Thumb Code     0  rtentry2.o(.ARM.Collect$$rtentry$$00000002)
    __rt_entry_sh                            0x08000191   Thumb Code     0  rtentry5.o(.ARM.Collect$$rtentry$$00000005)
    __rt_entry_li                            0x08000195   Thumb Code     0  rtentry2.o(.ARM.Collect$$rtentry$$0000000A)
    __rt_entry_postsh_1                      0x08000195   Thumb Code     0  rtentry2.o(.ARM.Collect$$rtentry$$00000009)
    __rt_entry_main                          0x08000199   Thumb Code     0  rtentry2.o(.ARM.Collect$$rtentry$$0000000D)
    __rt_entry_postli_1                      0x08000199   Thumb Code     0  rtentry2.o(.ARM.Collect$$rtentry$$0000000C)
    __rt_exit                                0x080001a5   Thumb Code     0  rtexit.o(.ARM.Collect$$rtexit$$00000000)
    __rt_exit_ls                             0x080001a7   Thumb Code     0  rtexit2.o(.ARM.Collect$$rtexit$$00000003)
    __rt_exit_prels_1                        0x080001a7   Thumb Code     0  rtexit2.o(.ARM.Collect$$rtexit$$00000002)
    __rt_exit_exit                           0x080001ab   Thumb Code     0  rtexit2.o(.ARM.Collect$$rtexit$$00000004)
    __early_init                             0x080001b1   Thumb Code     4  board.o(.text)
    _maybe_terminate_alloc                   0x080001b1   Thumb Code     0  maybetermalloc1.o(.emb_text)
    boardInit                                0x080001b5   Thumb Code     2  board.o(.text)
    Reset_Handler                            0x080001b9   Thumb Code    26  cstartup.o(.text)
    __user_initial_stackheap                 0x080001d5   Thumb Code     0  cstartup.o(.text)
    _port_switch                             0x080001f9   Thumb Code    16  chcoreasm_v7m.o(.text)
    _port_thread_start                       0x08000209   Thumb Code    14  chcoreasm_v7m.o(.text)
    _port_switch_from_isr                    0x08000217   Thumb Code     6  chcoreasm_v7m.o(.text)
    _port_exit_from_isr                      0x0800021b   Thumb Code     0  chcoreasm_v7m.o(.text)
    port_halt                                0x0800021d   Thumb Code     4  chcore.o(.text)
    _port_irq_epilogue                       0x08000221   Thumb Code    74  chcore_v7m.o(.text)
    SysTickVector                            0x0800026b   Thumb Code    88  chcore_v7m.o(.text)
    SVCallVector                             0x080002c3   Thumb Code    18  chcore_v7m.o(.text)
    _port_init                               0x080002d5   Thumb Code    44  chcore_v7m.o(.text)
    BusFaultVector                           0x08000319   Thumb Code     0  vectors.o(.text)
    DebugMonitorVector                       0x08000319   Thumb Code     0  vectors.o(.text)
    HardFaultVector                          0x08000319   Thumb Code     0  vectors.o(.text)
    MemManageVector                          0x08000319   Thumb Code     0  vectors.o(.text)
    NMIVector                                0x08000319   Thumb Code     0  vectors.o(.text)
    PendSVVector                             0x08000319   Thumb Code     0  vectors.o(.text)
    UsageFaultVector                         0x08000319   Thumb Code     0  vectors.o(.text)
    Vector1C                                 0x08000319   Thumb Code     0  vectors.o(.text)
    Vector20                                 0x08000319   Thumb Code     0  vectors.o(.text)
    Vector24                                 0x08000319   Thumb Code     0  vectors.o(.text)
    Vector28                                 0x08000319   Thumb Code     0  vectors.o(.text)
    Vector34                                 0x08000319   Thumb Code     0  vectors.o(.text)
    Vector40                                 0x08000319   Thumb Code     0  vectors.o(.text)
    Vector44                                 0x08000319   Thumb Code     0  vectors.o(.text)
    Vector48                                 0x08000319   Thumb Code     0  vectors.o(.text)
    Vector4C                                 0x08000319   Thumb Code     0  vectors.o(.text)
    Vector50                                 0x08000319   Thumb Code     0  vectors.o(.text)
    Vector54                                 0x08000319   Thumb Code     0  vectors.o(.text)
    Vector58                                 0x08000319   Thumb Code     0  vectors.o(.text)
    Vector5C                                 0x08000319   Thumb Code     0  vectors.o(.text)
    Vector60                                 0x08000319   Thumb Code     0  vectors.o(.text)
    Vector64                                 0x08000319   Thumb Code     0  vectors.o(.text)
    Vector68                                 0x08000319   Thumb Code     0  vectors.o(.text)
    Vector8C                                 0x08000319   Thumb Code     0  vectors.o(.text)
    Vector90                                 0x08000319   Thumb Code     0  vectors.o(.text)
    Vector94                                 0x08000319   Thumb Code     0  vectors.o(.text)
    Vector98                                 0x08000319   Thumb Code     0  vectors.o(.text)
    Vector9C                                 0x08000319   Thumb Code     0  vectors.o(.text)
    VectorA0                                 0x08000319   Thumb Code     0  vectors.o(.text)
    VectorA4                                 0x08000319   Thumb Code     0  vectors.o(.text)
    VectorA8                                 0x08000319   Thumb Code     0  vectors.o(.text)
    VectorAC                                 0x08000319   Thumb Code     0  vectors.o(.text)
    VectorB0                                 0x08000319   Thumb Code     0  vectors.o(.text)
    VectorB4                                 0x08000319   Thumb Code     0  vectors.o(.text)
    VectorCC                                 0x08000319   Thumb Code     0  vectors.o(.text)
    VectorD0                                 0x08000319   Thumb Code     0  vectors.o(.text)
    VectorD4                                 0x08000319   Thumb Code     0  vectors.o(.text)
    VectorDC                                 0x08000319   Thumb Code     0  vectors.o(.text)
    VectorE0                                 0x08000319   Thumb Code     0  vectors.o(.text)
    VectorE4                                 0x08000319   Thumb Code     0  vectors.o(.text)
    VectorE8                                 0x08000319   Thumb Code     0  vectors.o(.text)
    VectorEC                                 0x08000319   Thumb Code     0  vectors.o(.text)
    VectorF0                                 0x08000319   Thumb Code     0  vectors.o(.text)
    _unhandled_exception                     0x08000319   Thumb Code     2  vectors.o(.text)
    nvicEnableVector                         0x0800031d   Thumb Code    64  nvic.o(.text)
    nvicDisableVector                        0x0800035d   Thumb Code    52  nvic.o(.text)
    nvicSetSystemHandlerPriority             0x08000391   Thumb Code    34  nvic.o(.text)
    chThdAddRef                              0x080003bd   Thumb Code    20  chdynamic.o(.text)
    chThdRelease                             0x080003d1   Thumb Code    86  chdynamic.o(.text)
    chThdCreateFromHeap                      0x08000427   Thumb Code    62  chdynamic.o(.text)
    chThdCreateFromMemoryPool                0x08000465   Thumb Code    64  chdynamic.o(.text)
    chEvtRegisterMask                        0x080004a5   Thumb Code    30  chevents.o(.text)
    chEvtUnregister                          0x080004c3   Thumb Code    42  chevents.o(.text)
    chEvtGetAndClearEvents                   0x080004ed   Thumb Code    32  chevents.o(.text)
    chEvtAddEvents                           0x0800050d   Thumb Code    24  chevents.o(.text)
    chEvtSignalI                             0x08000525   Thumb Code    50  chevents.o(.text)
    chEvtBroadcastFlagsI                     0x08000557   Thumb Code    78  chevents.o(.text)
    chEvtGetAndClearFlags                    0x080005a5   Thumb Code    20  chevents.o(.text)
    chEvtSignal                              0x080005b9   Thumb Code    60  chevents.o(.text)
    chEvtBroadcastFlags                      0x080005f5   Thumb Code    90  chevents.o(.text)
    chEvtGetAndClearFlagsI                   0x0800064f   Thumb Code    10  chevents.o(.text)
    chEvtDispatch                            0x08000659   Thumb Code    48  chevents.o(.text)
    chEvtWaitOne                             0x08000689   Thumb Code    50  chevents.o(.text)
    chEvtWaitAny                             0x080006bb   Thumb Code    46  chevents.o(.text)
    chEvtWaitAll                             0x080006e9   Thumb Code    46  chevents.o(.text)
    chEvtWaitOneTimeout                      0x08000717   Thumb Code    68  chevents.o(.text)
    chEvtWaitAnyTimeout                      0x0800075b   Thumb Code    64  chevents.o(.text)
    chEvtWaitAllTimeout                      0x0800079b   Thumb Code    62  chevents.o(.text)
    _heap_init                               0x080007dd   Thumb Code    18  chheap.o(.text)
    chHeapInit                               0x080007ef   Thumb Code    20  chheap.o(.text)
    chHeapAlloc                              0x08000803   Thumb Code   128  chheap.o(.text)
    chHeapFree                               0x08000883   Thumb Code   106  chheap.o(.text)
    chHeapStatus                             0x080008ed   Thumb Code    54  chheap.o(.text)
    _core_init                               0x0800092d   Thumb Code    20  chmemcore.o(.text)
    chCoreAllocI                             0x08000941   Thumb Code    26  chmemcore.o(.text)
    chCoreAlloc                              0x0800095b   Thumb Code    40  chmemcore.o(.text)
    chCoreStatus                             0x08000983   Thumb Code    10  chmemcore.o(.text)
    chPoolInit                               0x08000999   Thumb Code    10  chmempools.o(.text)
    chPoolFreeI                              0x080009a3   Thumb Code     8  chmempools.o(.text)
    chPoolFree                               0x080009ab   Thumb Code    20  chmempools.o(.text)
    chPoolLoadArray                          0x080009bf   Thumb Code    40  chmempools.o(.text)
    chPoolAllocI                             0x080009e7   Thumb Code    28  chmempools.o(.text)
    chPoolAlloc                              0x08000a03   Thumb Code    40  chmempools.o(.text)
    chMtxInit                                0x08000a2d   Thumb Code    10  chmtx.o(.text)
    chMtxLockS                               0x08000a37   Thumb Code   210  chmtx.o(.text)
    chMtxLock                                0x08000b09   Thumb Code    20  chmtx.o(.text)
    chMtxTryLockS                            0x08000b1d   Thumb Code    30  chmtx.o(.text)
    chMtxTryLock                             0x08000b3b   Thumb Code    42  chmtx.o(.text)
    chMtxUnlock                              0x08000b65   Thumb Code    86  chmtx.o(.text)
    chMtxUnlockS                             0x08000bbb   Thumb Code    74  chmtx.o(.text)
    chMtxUnlockAll                           0x08000c05   Thumb Code    72  chmtx.o(.text)
    chIQInit                                 0x08000c51   Thumb Code    32  chqueues.o(.text)
    chIQResetI                               0x08000c71   Thumb Code    46  chqueues.o(.text)
    chIQPutI                                 0x08000c9f   Thumb Code    70  chqueues.o(.text)
    chIQGetTimeout                           0x08000ce5   Thumb Code   108  chqueues.o(.text)
    chIQReadTimeout                          0x08000d51   Thumb Code   148  chqueues.o(.text)
    chOQInit                                 0x08000de5   Thumb Code    26  chqueues.o(.text)
    chOQResetI                               0x08000dff   Thumb Code    48  chqueues.o(.text)
    chOQPutTimeout                           0x08000e2f   Thumb Code   124  chqueues.o(.text)
    chOQGetI                                 0x08000eab   Thumb Code    68  chqueues.o(.text)
    chOQWriteTimeout                         0x08000eef   Thumb Code   146  chqueues.o(.text)
    _scheduler_init                          0x08000f85   Thumb Code    16  chschd.o(.text)
    chSchReadyI                              0x08000f95   Thumb Code    30  chschd.o(.text)
    chSchGoSleepS                            0x08000fb3   Thumb Code    36  chschd.o(.text)
    chSchGoSleepTimeoutS                     0x08001037   Thumb Code   100  chschd.o(.text)
    chSchWakeupS                             0x0800109b   Thumb Code    94  chschd.o(.text)
    chSchDoRescheduleAhead                   0x080010f9   Thumb Code    62  chschd.o(.text)
    chSchRescheduleS                         0x08001137   Thumb Code    74  chschd.o(.text)
    chSchDoRescheduleBehind                  0x08001181   Thumb Code    66  chschd.o(.text)
    chSchDoReschedule                        0x080011c3   Thumb Code   130  chschd.o(.text)
    _idle_thread                             0x0800124d   Thumb Code    10  chsys.o(.text)
    chSysInit                                0x08001257   Thumb Code    68  chsys.o(.text)
    chSysTimerHandlerI                       0x0800129b   Thumb Code    88  chsys.o(.text)
    _thread_init                             0x08001311   Thumb Code    56  chthreads.o(.text)
    chThdCreateI                             0x08001349   Thumb Code    80  chthreads.o(.text)
    chThdCreateStatic                        0x08001399   Thumb Code   102  chthreads.o(.text)
    chThdSetPriority                         0x080013ff   Thumb Code    44  chthreads.o(.text)
    chThdResume                              0x0800142b   Thumb Code    26  chthreads.o(.text)
    chThdTerminate                           0x08001445   Thumb Code    22  chthreads.o(.text)
    chThdSleep                               0x0800145b   Thumb Code    24  chthreads.o(.text)
    chThdSleepUntil                          0x08001473   Thumb Code    30  chthreads.o(.text)
    chThdYield                               0x08001491   Thumb Code    34  chthreads.o(.text)
    chThdExitS                               0x080014b3   Thumb Code    64  chthreads.o(.text)
    chThdExit                                0x080014f3   Thumb Code    70  chthreads.o(.text)
    chThdWait                                0x08001539   Thumb Code    50  chthreads.o(.text)
    _vt_init                                 0x08001579   Thumb Code    18  chvt.o(.text)
    chVTSetI                                 0x0800158b   Thumb Code    56  chvt.o(.text)
    chVTResetI                               0x080015c3   Thumb Code    34  chvt.o(.text)
    chTimeIsWithin                           0x080015e5   Thumb Code    34  chvt.o(.text)
    adcInit                                  0x0800160d   Thumb Code     4  adc.o(.text)
    adcObjectInit                            0x08001611   Thumb Code    22  adc.o(.text)
    adcStart                                 0x08001627   Thumb Code    30  adc.o(.text)
    adcStop                                  0x08001645   Thumb Code    28  adc.o(.text)
    adcStartConversionI                      0x08001661   Thumb Code    14  adc.o(.text)
    adcStartConversion                       0x0800166f   Thumb Code    32  adc.o(.text)
    adcStopConversion                        0x0800168f   Thumb Code    48  adc.o(.text)
    adcStopConversionI                       0x080016bf   Thumb Code    50  adc.o(.text)
    adcConvert                               0x080016f1   Thumb Code    50  adc.o(.text)
    adcAcquireBus                            0x08001723   Thumb Code     6  adc.o(.text)
    adcReleaseBus                            0x08001729   Thumb Code     4  adc.o(.text)
    halInit                                  0x08001731   Thumb Code    44  hal.o(.text)
    halIsCounterWithin                       0x0800175d   Thumb Code    34  hal.o(.text)
    halPolledDelay                           0x0800177f   Thumb Code    32  hal.o(.text)
    i2cInit                                  0x080017a9   Thumb Code     4  i2c.o(.text)
    i2cObjectInit                            0x080017ad   Thumb Code    14  i2c.o(.text)
    i2cStart                                 0x080017bb   Thumb Code    30  i2c.o(.text)
    i2cStop                                  0x080017d9   Thumb Code    28  i2c.o(.text)
    i2cGetErrors                             0x080017f5   Thumb Code     4  i2c.o(.text)
    i2cMasterTransmitTimeout                 0x080017f9   Thumb Code    60  i2c.o(.text)
    i2cMasterReceiveTimeout                  0x08001835   Thumb Code    50  i2c.o(.text)
    i2cAcquireBus                            0x08001867   Thumb Code     6  i2c.o(.text)
    i2cReleaseBus                            0x0800186d   Thumb Code     4  i2c.o(.text)
    pwmInit                                  0x08001871   Thumb Code     4  pwm.o(.text)
    pwmObjectInit                            0x08001875   Thumb Code    10  pwm.o(.text)
    pwmStart                                 0x0800187f   Thumb Code    34  pwm.o(.text)
    pwmStop                                  0x080018a1   Thumb Code    28  pwm.o(.text)
    pwmChangePeriod                          0x080018bd   Thumb Code    24  pwm.o(.text)
    pwmEnableChannel                         0x080018d5   Thumb Code    20  pwm.o(.text)
    pwmDisableChannel                        0x080018e9   Thumb Code    20  pwm.o(.text)
    sdInit                                   0x0800193d   Thumb Code     4  serial.o(.text)
    sdObjectInit                             0x08001941   Thumb Code    56  serial.o(.text)
    sdStart                                  0x08001979   Thumb Code    28  serial.o(.text)
    sdStop                                   0x08001995   Thumb Code    48  serial.o(.text)
    sdIncomingDataI                          0x080019c5   Thumb Code    46  serial.o(.text)
    sdRequestDataI                           0x080019f3   Thumb Code    26  serial.o(.text)
    spiInit                                  0x08001a11   Thumb Code     4  spi.o(.text)
    spiObjectInit                            0x08001a15   Thumb Code    16  spi.o(.text)
    spiStart                                 0x08001a25   Thumb Code    30  spi.o(.text)
    spiStop                                  0x08001a43   Thumb Code    34  spi.o(.text)
    spiSelect                                0x08001a65   Thumb Code    20  spi.o(.text)
    spiUnselect                              0x08001a79   Thumb Code    20  spi.o(.text)
    spiStartIgnore                           0x08001a8d   Thumb Code    24  spi.o(.text)
    spiStartExchange                         0x08001aa5   Thumb Code    30  spi.o(.text)
    spiStartSend                             0x08001ac3   Thumb Code    24  spi.o(.text)
    spiStartReceive                          0x08001adb   Thumb Code    24  spi.o(.text)
    spiIgnore                                0x08001af3   Thumb Code    40  spi.o(.text)
    spiExchange                              0x08001b1b   Thumb Code    40  spi.o(.text)
    spiSend                                  0x08001b43   Thumb Code    40  spi.o(.text)
    spiReceive                               0x08001b6b   Thumb Code    40  spi.o(.text)
    spiAcquireBus                            0x08001b93   Thumb Code     6  spi.o(.text)
    spiReleaseBus                            0x08001b99   Thumb Code     4  spi.o(.text)
    tmObjectInit                             0x08001bcf   Thumb Code    20  tm.o(.text)
    tmInit                                   0x08001be3   Thumb Code    46  tm.o(.text)
    _pal_lld_init                            0x08001c21   Thumb Code   230  pal_lld.o(.text)
    _pal_lld_setgroupmode                    0x08001d07   Thumb Code   172  pal_lld.o(.text)
    VectorB8                                 0x08001dd5   Thumb Code    98  pwm_lld.o(.text)
    pwm_lld_init                             0x08001e37   Thumb Code    16  pwm_lld.o(.text)
    pwm_lld_start                            0x08001e47   Thumb Code   282  pwm_lld.o(.text)
    pwm_lld_stop                             0x08001f61   Thumb Code    50  pwm_lld.o(.text)
    pwm_lld_enable_channel                   0x08001f93   Thumb Code    60  pwm_lld.o(.text)
    pwm_lld_disable_channel                  0x08001fcf   Thumb Code    34  pwm_lld.o(.text)
    VectorD8                                 0x08002015   Thumb Code   240  serial_lld.o(.text)
    sd_lld_init                              0x08002105   Thumb Code    20  serial_lld.o(.text)
    sd_lld_start                             0x08002119   Thumb Code    90  serial_lld.o(.text)
    sd_lld_stop                              0x08002173   Thumb Code    42  serial_lld.o(.text)
    spi_lld_init                             0x0800223b   Thumb Code    44  spi_lld.o(.text)
    spi_lld_start                            0x08002267   Thumb Code   150  spi_lld.o(.text)
    spi_lld_stop                             0x080022fd   Thumb Code    54  spi_lld.o(.text)
    spi_lld_select                           0x08002333   Thumb Code    16  spi_lld.o(.text)
    spi_lld_unselect                         0x08002343   Thumb Code    16  spi_lld.o(.text)
    spi_lld_ignore                           0x08002353   Thumb Code    70  spi_lld.o(.text)
    spi_lld_exchange                         0x08002399   Thumb Code    86  spi_lld.o(.text)
    spi_lld_send                             0x080023ef   Thumb Code    84  spi_lld.o(.text)
    spi_lld_receive                          0x08002443   Thumb Code    72  spi_lld.o(.text)
    spi_lld_polled_exchange                  0x0800248b   Thumb Code    18  spi_lld.o(.text)
    Vector6C                                 0x080024bd   Thumb Code    34  stm32_dma.o(.text)
    Vector70                                 0x080024df   Thumb Code    34  stm32_dma.o(.text)
    Vector74                                 0x08002501   Thumb Code    36  stm32_dma.o(.text)
    Vector78                                 0x08002525   Thumb Code    36  stm32_dma.o(.text)
    Vector7C                                 0x08002549   Thumb Code    36  stm32_dma.o(.text)
    Vector80                                 0x0800256d   Thumb Code    36  stm32_dma.o(.text)
    Vector84                                 0x08002591   Thumb Code    36  stm32_dma.o(.text)
    dmaInit                                  0x080025b5   Thumb Code    44  stm32_dma.o(.text)
    dmaStreamAllocate                        0x080025e1   Thumb Code   134  stm32_dma.o(.text)
    dmaStreamRelease                         0x08002667   Thumb Code    48  stm32_dma.o(.text)
    adc_lld_stop_conversion                  0x080026ad   Thumb Code    44  adc_lld.o(.text)
    Vector88                                 0x08002825   Thumb Code   134  adc_lld.o(.text)
    adc_lld_init                             0x080028ab   Thumb Code    36  adc_lld.o(.text)
    adc_lld_start                            0x080028cf   Thumb Code    66  adc_lld.o(.text)
    adc_lld_stop                             0x08002911   Thumb Code    48  adc_lld.o(.text)
    adc_lld_start_conversion                 0x08002941   Thumb Code   178  adc_lld.o(.text)
    adcSTM32EnableTSVREFE                    0x080029f3   Thumb Code    12  adc_lld.o(.text)
    adcSTM32DisableTSVREFE                   0x080029ff   Thumb Code    12  adc_lld.o(.text)
    hal_lld_init                             0x08002a29   Thumb Code   166  hal_lld.o(.text)
    stm32_clock_init                         0x08002acf   Thumb Code   272  hal_lld.o(.text)
    VectorBC                                 0x08002d0b   Thumb Code    16  i2c_lld.o(.text)
    VectorC0                                 0x08002d1b   Thumb Code    30  i2c_lld.o(.text)
    VectorC4                                 0x08002d39   Thumb Code    16  i2c_lld.o(.text)
    VectorC8                                 0x08002d49   Thumb Code    30  i2c_lld.o(.text)
    i2c_lld_init                             0x08002d67   Thumb Code    50  i2c_lld.o(.text)
    i2c_lld_start                            0x08002d99   Thumb Code   400  i2c_lld.o(.text)
    i2c_lld_stop                             0x08002f29   Thumb Code   146  i2c_lld.o(.text)
    i2c_lld_master_receive_timeout           0x08002fbb   Thumb Code   184  i2c_lld.o(.text)
    i2c_lld_master_transmit_timeout          0x08003073   Thumb Code   280  i2c_lld.o(.text)
    readUncompensatedTemperature             0x08003551   Thumb Code   124  main.o(.text)
    readUncompensatedPressure                0x080035cd   Thumb Code   138  main.o(.text)
    calculateTemperature                     0x08003657   Thumb Code    58  main.o(.text)
    calculatePressure                        0x08003691   Thumb Code   548  main.o(.text)
    main                                     0x08003bf5   Thumb Code   154  main.o(.text)
    __2printf                                0x08003cd1   Thumb Code    20  noretval__2printf.o(.text)
    __2sprintf                               0x08003ce9   Thumb Code    34  noretval__2sprintf.o(.text)
    _printf_pre_padding                      0x08003d11   Thumb Code    46  _printf_pad.o(.text)
    _printf_post_padding                     0x08003d3f   Thumb Code    36  _printf_pad.o(.text)
    _printf_str                              0x08003d63   Thumb Code    82  _printf_str.o(.text)
    _printf_int_dec                          0x08003db5   Thumb Code   102  _printf_dec.o(.text)
    __printf                                 0x08003e2d   Thumb Code   390  __printf_flags_ss_wp.o(.text)
    strlen                                   0x08003fb9   Thumb Code    62  strlen.o(.text)
    __use_two_region_memory                  0x08003ff7   Thumb Code     2  heapauxi.o(.text)
    __rt_heap_escrow                         0x08003ff9   Thumb Code     2  heapauxi.o(.text)
    __rt_heap_expand                         0x08003ffb   Thumb Code     2  heapauxi.o(.text)
    __read_errno                             0x08003ffd   Thumb Code    10  _rserrno.o(.text)
    __set_errno                              0x08004007   Thumb Code    12  _rserrno.o(.text)
    _printf_int_common                       0x08004013   Thumb Code   184  _printf_intcommon.o(.text)
    _printf_char_common                      0x080040d7   Thumb Code    32  _printf_char_common.o(.text)
    _sputc                                   0x080040fd   Thumb Code    10  _sputc.o(.text)
    _printf_cs_common                        0x08004107   Thumb Code    20  _printf_char.o(.text)
    _printf_char                             0x0800411b   Thumb Code    16  _printf_char.o(.text)
    _printf_string                           0x0800412b   Thumb Code     8  _printf_char.o(.text)
    _printf_char_file                        0x08004135   Thumb Code    32  _printf_char_file.o(.text)
    __aeabi_errno_addr                       0x08004159   Thumb Code     8  rt_errno_addr_intlibspace.o(.text)
    __errno$intlibspace                      0x08004159   Thumb Code     0  rt_errno_addr_intlibspace.o(.text)
    __rt_errno_addr$intlibspace              0x08004159   Thumb Code     0  rt_errno_addr_intlibspace.o(.text)
    ferror                                   0x08004161   Thumb Code     8  ferror.o(.text)
    _initio                                  0x08004169   Thumb Code   210  initio.o(.text)
    _terminateio                             0x0800423b   Thumb Code    56  initio.o(.text)
    _sys_open                                0x080042a1   Thumb Code    20  sys_io.o(.text)
    _sys_close                               0x080042b5   Thumb Code    12  sys_io.o(.text)
    _sys_write                               0x080042c1   Thumb Code    16  sys_io.o(.text)
    _sys_read                                0x080042d1   Thumb Code    14  sys_io.o(.text)
    _sys_istty                               0x080042df   Thumb Code    12  sys_io.o(.text)
    _sys_seek                                0x080042eb   Thumb Code    14  sys_io.o(.text)
    _sys_ensure                              0x080042f9   Thumb Code     2  sys_io.o(.text)
    _sys_flen                                0x080042fb   Thumb Code    12  sys_io.o(.text)
    free                                     0x08004307   Thumb Code    78  h1_free.o(.text)
    __flsbuf                                 0x08004355   Thumb Code   478  flsbuf.o(.text)
    __flsbuf_byte                            0x08004355   Thumb Code     0  flsbuf.o(.text)
    __flsbuf_wide                            0x08004355   Thumb Code     0  flsbuf.o(.text)
    setvbuf                                  0x08004533   Thumb Code    70  setvbuf.o(.text)
    freopen                                  0x08004579   Thumb Code   158  fopen.o(.text)
    fopen                                    0x08004617   Thumb Code    74  fopen.o(.text)
    _fclose_internal                         0x08004665   Thumb Code    76  fclose.o(.text)
    fclose                                   0x08004665   Thumb Code     0  fclose.o(.text)
    exit                                     0x080046b1   Thumb Code    12  exit.o(.text)
    __rt_SIGRTRED                            0x080046bd   Thumb Code    14  defsig_rtred_outer.o(.text)
    __aeabi_memclr4                          0x080046cb   Thumb Code     0  rt_memclr_w.o(.text)
    __aeabi_memclr8                          0x080046cb   Thumb Code     0  rt_memclr_w.o(.text)
    __rt_memclr_w                            0x080046cb   Thumb Code    78  rt_memclr_w.o(.text)
    _memset_w                                0x080046cf   Thumb Code     0  rt_memclr_w.o(.text)
    __I$use$semihosting                      0x08004719   Thumb Code     0  use_no_semi.o(.text)
    __use_no_semihosting_swi                 0x08004719   Thumb Code     2  use_no_semi.o(.text)
    __semihosting_library_function           0x0800471b   Thumb Code     0  indicate_semi.o(.text)
    __rt_heap_descriptor                     0x0800471d   Thumb Code     8  rt_heap_descriptor_intlibspace.o(.text)
    __use_no_heap                            0x08004725   Thumb Code     2  hguard.o(.text)
    __heap$guard                             0x08004727   Thumb Code     2  hguard.o(.text)
    _terminate_user_alloc                    0x08004729   Thumb Code     2  init_alloc.o(.text)
    _init_user_alloc                         0x0800472b   Thumb Code     2  init_alloc.o(.text)
    __Heap_Full                              0x0800472d   Thumb Code    34  init_alloc.o(.text)
    __Heap_Broken                            0x0800474f   Thumb Code     6  init_alloc.o(.text)
    _init_alloc                              0x08004755   Thumb Code    94  init_alloc.o(.text)
    malloc                                   0x080047b3   Thumb Code    94  h1_alloc.o(.text)
    _fseek                                   0x08004811   Thumb Code   242  fseek.o(.text)
    fseek                                    0x08004811   Thumb Code     0  fseek.o(.text)
    _seterr                                  0x08004909   Thumb Code    20  stdio.o(.text)
    _writebuf                                0x0800491d   Thumb Code    84  stdio.o(.text)
    _fflush                                  0x08004971   Thumb Code    70  stdio.o(.text)
    _deferredlazyseek                        0x080049b7   Thumb Code    60  stdio.o(.text)
    __sig_exit                               0x080049f9   Thumb Code    10  defsig_exit.o(.text)
    __rt_SIGRTRED_inner                      0x08004a05   Thumb Code    14  defsig_rtred_inner.o(.text)
    _sys_exit                                0x08004a39   Thumb Code     8  sys_exit.o(.text)
    __Heap_Initialize                        0x08004a45   Thumb Code    10  h1_init.o(.text)
    __Heap_DescSize                          0x08004a4f   Thumb Code     4  h1_init.o(.text)
    __Heap_ProvideMemory                     0x08004a53   Thumb Code    52  h1_extend.o(.text)
    _ftell_internal                          0x08004a87   Thumb Code    70  ftell.o(.text)
    ftell                                    0x08004a87   Thumb Code     0  ftell.o(.text)
    __default_signal_display                 0x08004acd   Thumb Code    50  defsig_general.o(.text)
    __rt_SIGRTMEM                            0x08004aff   Thumb Code    14  defsig_rtmem_outer.o(.text)
    _ttywrch                                 0x08004b0d   Thumb Code    14  sys_wrch.o(.text)
    __rt_SIGRTMEM_inner                      0x08004b1d   Thumb Code    22  defsig_rtmem_inner.o(.text)
    __ARM_fpclassify                         0x08004b6d   Thumb Code    40  fpclassify.o(i.__ARM_fpclassify)
    __kernel_poly                            0x08004b95   Thumb Code   170  poly.o(i.__kernel_poly)
    __mathlib_dbl_underflow                  0x08004c41   Thumb Code    10  dunder.o(i.__mathlib_dbl_underflow)
    _is_digit                                0x08004c51   Thumb Code    14  __printf_wp.o(i._is_digit)
    fputc                                    0x08004c5f   Thumb Code    26  fputc.o(i.fputc)
    pow                                      0x08004c79   Thumb Code  2510  pow.o(i.pow)
    sqrt                                     0x08005659   Thumb Code    76  sqrt.o(i.sqrt)
    __aeabi_dadd                             0x080056a5   Thumb Code     0  daddsub_clz.o(x$fpl$dadd)
    _dadd                                    0x080056a5   Thumb Code   332  daddsub_clz.o(x$fpl$dadd)
    __fpl_dcheck_NaN1                        0x080057f5   Thumb Code    10  dcheck1.o(x$fpl$dcheck1)
    __fpl_dcmp_Inf                           0x08005805   Thumb Code    24  dcmpi.o(x$fpl$dcmpinf)
    __aeabi_ddiv                             0x0800581d   Thumb Code     0  ddiv.o(x$fpl$ddiv)
    _ddiv                                    0x0800581d   Thumb Code   552  ddiv.o(x$fpl$ddiv)
    __aeabi_d2iz                             0x08005acd   Thumb Code     0  dfix.o(x$fpl$dfix)
    _dfix                                    0x08005acd   Thumb Code    94  dfix.o(x$fpl$dfix)
    __aeabi_i2d                              0x08005b2b   Thumb Code     0  dflt_clz.o(x$fpl$dflt)
    _dflt                                    0x08005b2b   Thumb Code    46  dflt_clz.o(x$fpl$dflt)
    __aeabi_cdcmple                          0x08005b59   Thumb Code     0  dleqf.o(x$fpl$dleqf)
    _dcmple                                  0x08005b59   Thumb Code   120  dleqf.o(x$fpl$dleqf)
    __fpl_dcmple_InfNaN                      0x08005bbb   Thumb Code     0  dleqf.o(x$fpl$dleqf)
    __aeabi_dmul                             0x08005bd1   Thumb Code     0  dmul.o(x$fpl$dmul)
    _dmul                                    0x08005bd1   Thumb Code   332  dmul.o(x$fpl$dmul)
    __fpl_dnaninf                            0x08005d25   Thumb Code   156  dnaninf.o(x$fpl$dnaninf)
    __fpl_dretinf                            0x08005dc1   Thumb Code    12  dretinf.o(x$fpl$dretinf)
    __aeabi_cdrcmple                         0x08005dcd   Thumb Code     0  drleqf.o(x$fpl$drleqf)
    _drcmple                                 0x08005dcd   Thumb Code   108  drleqf.o(x$fpl$drleqf)
    __aeabi_drsub                            0x08005e39   Thumb Code     0  daddsub_clz.o(x$fpl$drsb)
    _drsb                                    0x08005e39   Thumb Code    22  daddsub_clz.o(x$fpl$drsb)
    _dsqrt                                   0x08005e51   Thumb Code   456  dsqrt_noumaal.o(x$fpl$dsqrt)
    __aeabi_dsub                             0x0800601d   Thumb Code     0  daddsub_clz.o(x$fpl$dsub)
    _dsub                                    0x0800601d   Thumb Code   464  daddsub_clz.o(x$fpl$dsub)
    __fpl_return_NaN                         0x080061f1   Thumb Code   100  retnan.o(x$fpl$retnan)
    __ARM_scalbn                             0x08006255   Thumb Code    92  scalbn.o(x$fpl$scalbn)
    __fpl_cmpreturn                          0x080062b1   Thumb Code    48  trapv.o(x$fpl$trapveneer)
    __I$use$fp                               0x080062e0   Number         0  usenofp.o(x$fpl$usenofp)
    pal_default_config                       0x080062e0   Data         168  board.o(.constdata)
    ch_debug                                 0x08006388   Data          22  chregistry.o(.constdata)
    _stm32_dma_streams                       0x080063cc   Data          84  stm32_dma.o(.constdata)
    __mathlib_zero                           0x080064c8   Data           8  qnan.o(.constdata)
    __stdin_name                             0x080064d0   Data           4  sys_io.o(.constdata)
    __stdout_name                            0x080064d4   Data           4  sys_io.o(.constdata)
    __stderr_name                            0x080064d8   Data           4  sys_io.o(.constdata)
    Region$$Table$$Base                      0x080064dc   Number         0  anon$$obj.o(Region$$Table)
    Region$$Table$$Limit                     0x080064fc   Number         0  anon$$obj.o(Region$$Table)
    stringAltitude                           0x20000014   Data           6  main.o(.data)
    stringTangageRoulis                      0x2000001a   Data           8  main.o(.data)
    __aeabi_stdin                            0x20000030   Data           4  stdio_streams.o(.data)
    __aeabi_stdout                           0x20000034   Data           4  stdio_streams.o(.data)
    __aeabi_stderr                           0x20000038   Data           4  stdio_streams.o(.data)
    rlist                                    0x20000060   Data          28  chschd.o(.bss)
    _idle_thread_wa                          0x200000c8   Data         192  chsys.o(.bss)
    vtlist                                   0x20000188   Data          16  chvt.o(.bss)
    PWMD4                                    0x20000198   Data          20  pwm_lld.o(.bss)
    SD2                                      0x200001ac   Data         120  serial_lld.o(.bss)
    SPID2                                    0x20000224   Data          48  spi_lld.o(.bss)
    ADCD1                                    0x2000028c   Data          52  adc_lld.o(.bss)
    I2CD1                                    0x200002c0   Data          56  i2c_lld.o(.bss)
    I2CD2                                    0x200002f8   Data          56  i2c_lld.o(.bss)
    __stdin                                  0x20000808   Data          84  stdio_streams.o(.bss)
    __stdout                                 0x2000085c   Data          84  stdio_streams.o(.bss)
    __stderr                                 0x200008b0   Data          84  stdio_streams.o(.bss)
    __libspace_start                         0x20000904   Data          96  libspace.o(.bss)
    __temporary_stack_top$libspace           0x20000964   Data           0  libspace.o(.bss)
    __main_thread_stack_base__               0x20000968   Data           0  cstartup.o(CSTACK)
    __initial_sp                             0x20000d68   Data           0  cstartup.o(CSTACK)
    Image$$RW_IRAM1$$ZI$$Limit               0x20001568   Number         0  cstartup.o(MSTACK)
    __initial_msp                            0x20001568   Data           0  cstartup.o(MSTACK)
    Image$$RW_IRAM2$$Base                    0x20004000   Number         0  anon$$obj.o(linker$$defined$$symbols)



==============================================================================

Memory Map of the image

  Image Entry point : 0x080000f5

  Load Region LR_IROM1 (Base: 0x08000000, Size: 0x00006538, Max: 0x00020000, ABSOLUTE)

    Execution Region ER_IROM1 (Base: 0x08000000, Size: 0x000064fc, Max: 0x00020000, ABSOLUTE)

    Base Addr    Size         Type   Attr      Idx    E Section Name        Object

    0x08000000   0x000000f4   Data   RO          293    RESET               vectors.o
    0x080000f4   0x00000008   Code   RO         1804  * !!!main             c_w.l(__main.o)
    0x080000fc   0x00000034   Code   RO         2230    !!!scatter          c_w.l(__scatter.o)
    0x08000130   0x0000001a   Code   RO         2232    !!handler_copy      c_w.l(__scatter_copy.o)
    0x0800014a   0x00000002   PAD
    0x0800014c   0x0000001c   Code   RO         2234    !!handler_zi        c_w.l(__scatter_zi.o)
    0x08000168   0x00000000   Code   RO         1799    .ARM.Collect$$_printf_percent$$00000000  c_w.l(_printf_percent.o)
    0x08000168   0x00000006   Code   RO         1798    .ARM.Collect$$_printf_percent$$00000009  c_w.l(_printf_d.o)
    0x0800016e   0x00000006   Code   RO         1797    .ARM.Collect$$_printf_percent$$00000014  c_w.l(_printf_s.o)
    0x08000174   0x00000004   Code   RO         1851    .ARM.Collect$$_printf_percent$$00000017  c_w.l(_printf_percent_end.o)
    0x08000178   0x00000002   Code   RO         2023    .ARM.Collect$$libinit$$00000000  c_w.l(libinit.o)
    0x0800017a   0x00000000   Code   RO         2025    .ARM.Collect$$libinit$$00000002  c_w.l(libinit2.o)
    0x0800017a   0x00000008   Code   RO         2026    .ARM.Collect$$libinit$$00000003  c_w.l(libinit2.o)
    0x08000182   0x00000000   Code   RO         2028    .ARM.Collect$$libinit$$00000008  c_w.l(libinit2.o)
    0x08000182   0x00000000   Code   RO         2030    .ARM.Collect$$libinit$$0000000A  c_w.l(libinit2.o)
    0x08000182   0x00000000   Code   RO         2032    .ARM.Collect$$libinit$$0000000C  c_w.l(libinit2.o)
    0x08000182   0x00000000   Code   RO         2035    .ARM.Collect$$libinit$$0000000F  c_w.l(libinit2.o)
    0x08000182   0x00000000   Code   RO         2037    .ARM.Collect$$libinit$$00000011  c_w.l(libinit2.o)
    0x08000182   0x00000000   Code   RO         2039    .ARM.Collect$$libinit$$00000013  c_w.l(libinit2.o)
    0x08000182   0x00000000   Code   RO         2041    .ARM.Collect$$libinit$$00000015  c_w.l(libinit2.o)
    0x08000182   0x00000000   Code   RO         2043    .ARM.Collect$$libinit$$00000017  c_w.l(libinit2.o)
    0x08000182   0x00000000   Code   RO         2045    .ARM.Collect$$libinit$$00000019  c_w.l(libinit2.o)
    0x08000182   0x00000000   Code   RO         2047    .ARM.Collect$$libinit$$0000001B  c_w.l(libinit2.o)
    0x08000182   0x00000000   Code   RO         2049    .ARM.Collect$$libinit$$0000001D  c_w.l(libinit2.o)
    0x08000182   0x00000000   Code   RO         2051    .ARM.Collect$$libinit$$0000001F  c_w.l(libinit2.o)
    0x08000182   0x00000000   Code   RO         2053    .ARM.Collect$$libinit$$00000021  c_w.l(libinit2.o)
    0x08000182   0x00000004   Code   RO         2054    .ARM.Collect$$libinit$$00000022  c_w.l(libinit2.o)
    0x08000186   0x00000000   Code   RO         2055    .ARM.Collect$$libinit$$00000023  c_w.l(libinit2.o)
    0x08000186   0x00000000   Code   RO         2059    .ARM.Collect$$libinit$$0000002A  c_w.l(libinit2.o)
    0x08000186   0x00000000   Code   RO         2061    .ARM.Collect$$libinit$$0000002C  c_w.l(libinit2.o)
    0x08000186   0x00000000   Code   RO         2063    .ARM.Collect$$libinit$$0000002E  c_w.l(libinit2.o)
    0x08000186   0x00000000   Code   RO         2065    .ARM.Collect$$libinit$$00000030  c_w.l(libinit2.o)
    0x08000186   0x00000002   Code   RO         2066    .ARM.Collect$$libinit$$00000031  c_w.l(libinit2.o)
    0x08000188   0x00000002   Code   RO         2208    .ARM.Collect$$libshutdown$$00000000  c_w.l(libshutdown.o)
    0x0800018a   0x00000004   Code   RO         2068    .ARM.Collect$$libshutdown$$00000002  c_w.l(libshutdown2.o)
    0x0800018e   0x00000000   Code   RO         2069    .ARM.Collect$$libshutdown$$00000003  c_w.l(libshutdown2.o)
    0x0800018e   0x00000000   Code   RO         2072    .ARM.Collect$$libshutdown$$00000006  c_w.l(libshutdown2.o)
    0x0800018e   0x00000000   Code   RO         2075    .ARM.Collect$$libshutdown$$00000009  c_w.l(libshutdown2.o)
    0x0800018e   0x00000000   Code   RO         2077    .ARM.Collect$$libshutdown$$0000000B  c_w.l(libshutdown2.o)
    0x0800018e   0x00000000   Code   RO         2080    .ARM.Collect$$libshutdown$$0000000E  c_w.l(libshutdown2.o)
    0x0800018e   0x00000002   Code   RO         2081    .ARM.Collect$$libshutdown$$0000000F  c_w.l(libshutdown2.o)
    0x08000190   0x00000000   Code   RO         1838    .ARM.Collect$$rtentry$$00000000  c_w.l(rtentry.o)
    0x08000190   0x00000000   Code   RO         1883    .ARM.Collect$$rtentry$$00000002  c_w.l(rtentry2.o)
    0x08000190   0x00000004   Code   RO         1897    .ARM.Collect$$rtentry$$00000005  c_w.l(rtentry5.o)
    0x08000194   0x00000000   Code   RO         1885    .ARM.Collect$$rtentry$$00000009  c_w.l(rtentry2.o)
    0x08000194   0x00000004   Code   RO         1886    .ARM.Collect$$rtentry$$0000000A  c_w.l(rtentry2.o)
    0x08000198   0x00000000   Code   RO         1888    .ARM.Collect$$rtentry$$0000000C  c_w.l(rtentry2.o)
    0x08000198   0x00000008   Code   RO         1889    .ARM.Collect$$rtentry$$0000000D  c_w.l(rtentry2.o)
    0x080001a0   0x00000004   Code   RO         1898    .ARM.Collect$$rtentry$$00002716  c_w.l(rtentry5.o)
    0x080001a4   0x00000002   Code   RO         2091    .ARM.Collect$$rtexit$$00000000  c_w.l(rtexit.o)
    0x080001a6   0x00000000   Code   RO         2149    .ARM.Collect$$rtexit$$00000002  c_w.l(rtexit2.o)
    0x080001a6   0x00000004   Code   RO         2150    .ARM.Collect$$rtexit$$00000003  c_w.l(rtexit2.o)
    0x080001aa   0x00000006   Code   RO         2151    .ARM.Collect$$rtexit$$00000004  c_w.l(rtexit2.o)
    0x080001b0   0x00000000   Code   RO         2155    .emb_text           c_w.l(maybetermalloc1.o)
    0x080001b0   0x00000006   Code   RO            3    .text               board.o
    0x080001b6   0x00000002   PAD
    0x080001b8   0x00000040   Code   RO          260    .text               cstartup.o
    0x080001f8   0x00000024   Code   RO          264    .text               chcoreasm_v7m.o
    0x0800021c   0x00000004   Code   RO          268    .text               chcore.o
    0x08000220   0x000000f8   Code   RO          280    .text               chcore_v7m.o
    0x08000318   0x00000002   Code   RO          294    .text               vectors.o
    0x0800031a   0x00000002   PAD
    0x0800031c   0x000000a0   Code   RO          298    .text               nvic.o
    0x080003bc   0x000000e8   Code   RO          332    .text               chdynamic.o
    0x080004a4   0x00000338   Code   RO          344    .text               chevents.o
    0x080007dc   0x00000150   Code   RO          357    .text               chheap.o
    0x0800092c   0x0000006c   Code   RO          390    .text               chmemcore.o
    0x08000998   0x00000092   Code   RO          405    .text               chmempools.o
    0x08000a2a   0x00000002   PAD
    0x08000a2c   0x00000224   Code   RO          433    .text               chmtx.o
    0x08000c50   0x00000334   Code   RO          449    .text               chqueues.o
    0x08000f84   0x000002c8   Code   RO          479    .text               chschd.o
    0x0800124c   0x000000c4   Code   RO          514    .text               chsys.o
    0x08001310   0x00000268   Code   RO          532    .text               chthreads.o
    0x08001578   0x00000094   Code   RO          548    .text               chvt.o
    0x0800160c   0x00000124   Code   RO          631    .text               adc.o
    0x08001730   0x00000078   Code   RO          694    .text               hal.o
    0x080017a8   0x000000c8   Code   RO          715    .text               i2c.o
    0x08001870   0x0000008c   Code   RO          797    .text               pwm.o
    0x080018fc   0x00000114   Code   RO          845    .text               serial.o
    0x08001a10   0x00000190   Code   RO          881    .text               spi.o
    0x08001ba0   0x00000080   Code   RO          901    .text               tm.o
    0x08001c20   0x000001b4   Code   RO          938    .text               pal_lld.o
    0x08001dd4   0x00000234   Code   RO          975    .text               pwm_lld.o
    0x08002008   0x000001b4   Code   RO         1004    .text               serial_lld.o
    0x080021bc   0x00000300   Code   RO         1031    .text               spi_lld.o
    0x080024bc   0x000001f0   Code   RO         1058    .text               stm32_dma.o
    0x080026ac   0x0000037c   Code   RO         1098    .text               adc_lld.o
    0x08002a28   0x000001e8   Code   RO         1125    .text               hal_lld.o
    0x08002c10   0x0000071c   Code   RO         1145    .text               i2c_lld.o
    0x0800332c   0x000009a4   Code   RO         1496    .text               main.o
    0x08003cd0   0x00000018   Code   RO         1765    .text               c_w.l(noretval__2printf.o)
    0x08003ce8   0x00000028   Code   RO         1767    .text               c_w.l(noretval__2sprintf.o)
    0x08003d10   0x00000052   Code   RO         1771    .text               c_w.l(_printf_pad.o)
    0x08003d62   0x00000052   Code   RO         1773    .text               c_w.l(_printf_str.o)
    0x08003db4   0x00000078   Code   RO         1775    .text               c_w.l(_printf_dec.o)
    0x08003e2c   0x0000018c   Code   RO         1794    .text               c_w.l(__printf_flags_ss_wp.o)
    0x08003fb8   0x0000003e   Code   RO         1800    .text               c_w.l(strlen.o)
    0x08003ff6   0x00000006   Code   RO         1802    .text               c_w.l(heapauxi.o)
    0x08003ffc   0x00000016   Code   RO         1839    .text               c_w.l(_rserrno.o)
    0x08004012   0x000000b8   Code   RO         1841    .text               c_w.l(_printf_intcommon.o)
    0x080040ca   0x00000002   PAD
    0x080040cc   0x00000030   Code   RO         1843    .text               c_w.l(_printf_char_common.o)
    0x080040fc   0x0000000a   Code   RO         1845    .text               c_w.l(_sputc.o)
    0x08004106   0x0000002c   Code   RO         1847    .text               c_w.l(_printf_char.o)
    0x08004132   0x00000002   PAD
    0x08004134   0x00000024   Code   RO         1849    .text               c_w.l(_printf_char_file.o)
    0x08004158   0x00000008   Code   RO         1905    .text               c_w.l(rt_errno_addr_intlibspace.o)
    0x08004160   0x00000008   Code   RO         1909    .text               c_w.l(ferror.o)
    0x08004168   0x00000138   Code   RO         1915    .text               c_w.l(initio.o)
    0x080042a0   0x00000066   Code   RO         1929    .text               c_w.l(sys_io.o)
    0x08004306   0x0000004e   Code   RO         1943    .text               c_w.l(h1_free.o)
    0x08004354   0x000001de   Code   RO         1997    .text               c_w.l(flsbuf.o)
    0x08004532   0x00000046   Code   RO         1999    .text               c_w.l(setvbuf.o)
    0x08004578   0x000000ec   Code   RO         2002    .text               c_w.l(fopen.o)
    0x08004664   0x0000004c   Code   RO         2004    .text               c_w.l(fclose.o)
    0x080046b0   0x0000000c   Code   RO         2010    .text               c_w.l(exit.o)
    0x080046bc   0x0000000e   Code   RO         2012    .text               c_w.l(defsig_rtred_outer.o)
    0x080046ca   0x0000004e   Code   RO         2016    .text               c_w.l(rt_memclr_w.o)
    0x08004718   0x00000002   Code   RO         2088    .text               c_w.l(use_no_semi.o)
    0x0800471a   0x00000000   Code   RO         2090    .text               c_w.l(indicate_semi.o)
    0x0800471a   0x00000002   PAD
    0x0800471c   0x00000008   Code   RO         2098    .text               c_w.l(rt_heap_descriptor_intlibspace.o)
    0x08004724   0x00000004   Code   RO         2100    .text               c_w.l(hguard.o)
    0x08004728   0x0000008a   Code   RO         2102    .text               c_w.l(init_alloc.o)
    0x080047b2   0x0000005e   Code   RO         2108    .text               c_w.l(h1_alloc.o)
    0x08004810   0x000000f8   Code   RO         2124    .text               c_w.l(fseek.o)
    0x08004908   0x000000f0   Code   RO         2126    .text               c_w.l(stdio.o)
    0x080049f8   0x0000000a   Code   RO         2132    .text               c_w.l(defsig_exit.o)
    0x08004a02   0x00000002   PAD
    0x08004a04   0x00000034   Code   RO         2134    .text               c_w.l(defsig_rtred_inner.o)
    0x08004a38   0x0000000c   Code   RO         2146    .text               c_w.l(sys_exit.o)
    0x08004a44   0x0000000e   Code   RO         2157    .text               c_w.l(h1_init.o)
    0x08004a52   0x00000034   Code   RO         2159    .text               c_w.l(h1_extend.o)
    0x08004a86   0x00000046   Code   RO         2169    .text               c_w.l(ftell.o)
    0x08004acc   0x00000032   Code   RO         2177    .text               c_w.l(defsig_general.o)
    0x08004afe   0x0000000e   Code   RO         2179    .text               c_w.l(defsig_rtmem_outer.o)
    0x08004b0c   0x0000000e   Code   RO         2194    .text               c_w.l(sys_wrch.o)
    0x08004b1a   0x00000002   PAD
    0x08004b1c   0x00000050   Code   RO         2202    .text               c_w.l(defsig_rtmem_inner.o)
    0x08004b6c   0x00000028   Code   RO         1869    i.__ARM_fpclassify  m_ws.l(fpclassify.o)
    0x08004b94   0x000000aa   Code   RO         1871    i.__kernel_poly     m_ws.l(poly.o)
    0x08004c3e   0x00000002   PAD
    0x08004c40   0x00000010   Code   RO         1867    i.__mathlib_dbl_underflow  m_ws.l(dunder.o)
    0x08004c50   0x0000000e   Code   RO         1787    i._is_digit         c_w.l(__printf_wp.o)
    0x08004c5e   0x0000001a   Code   RO         1912    i.fputc             c_w.l(fputc.o)
    0x08004c78   0x000009e0   Code   RO         1829    i.pow               m_ws.l(pow.o)
    0x08005658   0x0000004c   Code   RO         1875    i.sqrt              m_ws.l(sqrt.o)
    0x080056a4   0x00000150   Code   RO         1806    x$fpl$dadd          fz_ws.l(daddsub_clz.o)
    0x080057f4   0x00000010   Code   RO         1923    x$fpl$dcheck1       fz_ws.l(dcheck1.o)
    0x08005804   0x00000018   Code   RO         2084    x$fpl$dcmpinf       fz_ws.l(dcmpi.o)
    0x0800581c   0x000002b0   Code   RO         1813    x$fpl$ddiv          fz_ws.l(ddiv.o)
    0x08005acc   0x0000005e   Code   RO         1816    x$fpl$dfix          fz_ws.l(dfix.o)
    0x08005b2a   0x0000002e   Code   RO         1821    x$fpl$dflt          fz_ws.l(dflt_clz.o)
    0x08005b58   0x00000078   Code   RO         1925    x$fpl$dleqf         fz_ws.l(dleqf.o)
    0x08005bd0   0x00000154   Code   RO         1826    x$fpl$dmul          fz_ws.l(dmul.o)
    0x08005d24   0x0000009c   Code   RO         1858    x$fpl$dnaninf       fz_ws.l(dnaninf.o)
    0x08005dc0   0x0000000c   Code   RO         1860    x$fpl$dretinf       fz_ws.l(dretinf.o)
    0x08005dcc   0x0000006c   Code   RO         1862    x$fpl$drleqf        fz_ws.l(drleqf.o)
    0x08005e38   0x00000016   Code   RO         1807    x$fpl$drsb          fz_ws.l(daddsub_clz.o)
    0x08005e4e   0x00000002   PAD
    0x08005e50   0x000001cc   Code   RO         1927    x$fpl$dsqrt         fz_ws.l(dsqrt_noumaal.o)
    0x0800601c   0x000001d4   Code   RO         1808    x$fpl$dsub          fz_ws.l(daddsub_clz.o)
    0x080061f0   0x00000064   Code   RO         2086    x$fpl$retnan        fz_ws.l(retnan.o)
    0x08006254   0x0000005c   Code   RO         1864    x$fpl$scalbn        fz_ws.l(scalbn.o)
    0x080062b0   0x00000030   Code   RO         2144    x$fpl$trapveneer    fz_ws.l(trapv.o)
    0x080062e0   0x00000000   Code   RO         1866    x$fpl$usenofp       fz_ws.l(usenofp.o)
    0x080062e0   0x000000a8   Data   RO            4    .constdata          board.o
    0x08006388   0x00000016   Data   RO          462    .constdata          chregistry.o
    0x0800639e   0x00000002   PAD
    0x080063a0   0x00000020   Data   RO          846    .constdata          serial.o
    0x080063c0   0x0000000c   Data   RO         1006    .constdata          serial_lld.o
    0x080063cc   0x00000054   Data   RO         1060    .constdata          stm32_dma.o
    0x08006420   0x0000000c   Data   RO         1498    .constdata          main.o
    0x0800642c   0x00000011   Data   RO         1795    .constdata          c_w.l(__printf_flags_ss_wp.o)
    0x0800643d   0x00000003   PAD
    0x08006440   0x00000088   Data   RO         1830    .constdata          m_ws.l(pow.o)
    0x080064c8   0x00000008   Data   RO         1873    .constdata          m_ws.l(qnan.o)
    0x080064d0   0x00000004   Data   RO         1930    .constdata          c_w.l(sys_io.o)
    0x080064d4   0x00000004   Data   RO         1931    .constdata          c_w.l(sys_io.o)
    0x080064d8   0x00000004   Data   RO         1932    .constdata          c_w.l(sys_io.o)
    0x080064dc   0x00000020   Data   RO         2227    Region$$Table       anon$$obj.o


    Execution Region RW_IRAM1 (Base: 0x20000000, Size: 0x00001568, Max: 0x00004000, ABSOLUTE)

    Base Addr    Size         Type   Attr      Idx    E Section Name        Object

    0x20000000   0x00000008   Data   RW          391    .data               chmemcore.o
    0x20000008   0x00000004   Data   RW          902    .data               tm.o
    0x2000000c   0x00000004   Data   RW         1033    .data               spi_lld.o
    0x20000010   0x00000004   Data   RW         1061    .data               stm32_dma.o
    0x20000014   0x0000001c   Data   RW         1499    .data               main.o
    0x20000030   0x00000004   Data   RW         1855    .data               c_w.l(stdio_streams.o)
    0x20000034   0x00000004   Data   RW         1856    .data               c_w.l(stdio_streams.o)
    0x20000038   0x00000004   Data   RW         1857    .data               c_w.l(stdio_streams.o)
    0x2000003c   0x00000004   PAD
    0x20000040   0x00000020   Zero   RW          358    .bss                chheap.o
    0x20000060   0x0000001c   Zero   RW          480    .bss                chschd.o
    0x2000007c   0x00000004   PAD
    0x20000080   0x00000108   Zero   RW          515    .bss                chsys.o
    0x20000188   0x00000010   Zero   RW          549    .bss                chvt.o
    0x20000198   0x00000014   Zero   RW          976    .bss                pwm_lld.o
    0x200001ac   0x00000078   Zero   RW         1005    .bss                serial_lld.o
    0x20000224   0x00000030   Zero   RW         1032    .bss                spi_lld.o
    0x20000254   0x00000038   Zero   RW         1059    .bss                stm32_dma.o
    0x2000028c   0x00000034   Zero   RW         1099    .bss                adc_lld.o
    0x200002c0   0x00000070   Zero   RW         1146    .bss                i2c_lld.o
    0x20000330   0x000004d8   Zero   RW         1497    .bss                main.o
    0x20000808   0x00000054   Zero   RW         1852    .bss                c_w.l(stdio_streams.o)
    0x2000085c   0x00000054   Zero   RW         1853    .bss                c_w.l(stdio_streams.o)
    0x200008b0   0x00000054   Zero   RW         1854    .bss                c_w.l(stdio_streams.o)
    0x20000904   0x00000060   Zero   RW         1935    .bss                c_w.l(libspace.o)
    0x20000964   0x00000004   PAD
    0x20000968   0x00000400   Zero   RW          258    CSTACK              cstartup.o
    0x20000d68   0x00000400   Zero   RW          259    HEAP                cstartup.o
    0x20001168   0x00000400   Zero   RW          257    MSTACK              cstartup.o


    Execution Region RW_IRAM2 (Base: 0x20004000, Size: 0x00000000, Max: 0x00000001, ABSOLUTE)

    Base Addr    Size         Type   Attr      Idx    E Section Name        Object

    0x20004000   0x00000000   Data   RO         2229    linker$$defined$$symbols  anon$$obj.o


==============================================================================

Image component sizes


      Code (inc. data)   RO Data    RW Data    ZI Data      Debug   Object Name

       292          4          0          0          0       2758   adc.o
       892         30          0          0         52       7055   adc_lld.o
         6          0        168          0          0     230948   board.o
         4          0          0          0          0        428   chcore.o
       248         24          0          0          0       1729   chcore_v7m.o
        36          0          0          0          0        488   chcoreasm_v7m.o
       232          0          0          0          0       1793   chdynamic.o
       824          4          0          0          0       5252   chevents.o
       336         10          0          0         32       2100   chheap.o
       108         12          0          8          0       1786   chmemcore.o
       146          0          0          0          0       2147   chmempools.o
         0          0          0          0          0        632   chmsg.o
       548          4          0          0          0       3958   chmtx.o
       820          4          0          0          0       4323   chqueues.o
         0          0         22          0          0       1599   chregistry.o
       712          8          0          0         28       5770   chschd.o
       196         30          0          0        264       1494   chsys.o
       616         14          0          0          0       4493   chthreads.o
       148          6          0          0         16       2739   chvt.o
        64         26          0          0       3072        428   cstartup.o
       120         10          0          0          0       1358   hal.o
       488         50          0          0          0       1240   hal_lld.o
       200          0          0          0          0       2331   i2c.o
      1820         66          0          0        112       8399   i2c_lld.o
      2468        172         12         28       1240     199659   main.o
       160         10          0          0          0        870   nvic.o
       436         34          0          0          0       1962   pal_lld.o
       140          0          0          0          0       1600   pwm.o
       564         24          0          0         20       4874   pwm_lld.o
       276          4         32          0          0       2832   serial.o
       436         32         12          0        120       3714   serial_lld.o
       400          4          0          0          0       3173   spi.o
       768         32          0          4         48       3843   spi_lld.o
       496         22         84          4         56       6493   stm32_dma.o
       128         16          0          4          0       1464   tm.o
         0          0          0          0          0       4153   usb.o
         2          0        244          0          0        396   vectors.o

    ----------------------------------------------------------------------
     15136        652        608         48       5064     530281   Object Totals
         0          0         32          0          0          0   (incl. Generated)
         6          0          2          0          4          0   (incl. Padding)

    ----------------------------------------------------------------------

      Code (inc. data)   RO Data    RW Data    ZI Data      Debug   Library Member Name

         8          0          0          0          0         68   __main.o
       396          6         17          0          0         92   __printf_flags_ss_wp.o
        14          0          0          0          0         68   __printf_wp.o
        52          8          0          0          0          0   __scatter.o
        26          0          0          0          0          0   __scatter_copy.o
        28          0          0          0          0          0   __scatter_zi.o
        44          0          0          0          0        108   _printf_char.o
        48          6          0          0          0         96   _printf_char_common.o
        36          4          0          0          0         80   _printf_char_file.o
         6          0          0          0          0          0   _printf_d.o
       120         18          0          0          0         92   _printf_dec.o
       184          0          0          0          0         88   _printf_intcommon.o
        82          0          0          0          0        108   _printf_pad.o
         0          0          0          0          0          0   _printf_percent.o
         4          0          0          0          0          0   _printf_percent_end.o
         6          0          0          0          0          0   _printf_s.o
        82          0          0          0          0         80   _printf_str.o
        22          0          0          0          0        100   _rserrno.o
        10          0          0          0          0         68   _sputc.o
        10          0          0          0          0         68   defsig_exit.o
        50          0          0          0          0         88   defsig_general.o
        80         58          0          0          0         76   defsig_rtmem_inner.o
        14          0          0          0          0         80   defsig_rtmem_outer.o
        52         38          0          0          0         76   defsig_rtred_inner.o
        14          0          0          0          0         80   defsig_rtred_outer.o
        12          0          0          0          0         72   exit.o
        76          0          0          0          0         88   fclose.o
         8          0          0          0          0         68   ferror.o
       478          0          0          0          0         88   flsbuf.o
       236          4          0          0          0        128   fopen.o
        26          0          0          0          0         68   fputc.o
       248          6          0          0          0         84   fseek.o
        70          0          0          0          0         76   ftell.o
        94          0          0          0          0         80   h1_alloc.o
        52          0          0          0          0         68   h1_extend.o
        78          0          0          0          0         80   h1_free.o
        14          0          0          0          0         84   h1_init.o
         6          0          0          0          0        152   heapauxi.o
         4          0          0          0          0        136   hguard.o
         0          0          0          0          0          0   indicate_semi.o
       138          0          0          0          0        168   init_alloc.o
       312         46          0          0          0        112   initio.o
         2          0          0          0          0          0   libinit.o
        14          0          0          0          0          0   libinit2.o
         2          0          0          0          0          0   libshutdown.o
         6          0          0          0          0          0   libshutdown2.o
         0          0          0          0         96          0   libspace.o
         0          0          0          0          0          0   maybetermalloc1.o
        24          4          0          0          0         84   noretval__2printf.o
        40          6          0          0          0         84   noretval__2sprintf.o
         8          4          0          0          0         68   rt_errno_addr_intlibspace.o
         8          4          0          0          0         68   rt_heap_descriptor_intlibspace.o
        78          0          0          0          0         80   rt_memclr_w.o
         0          0          0          0          0          0   rtentry.o
        12          0          0          0          0          0   rtentry2.o
         8          4          0          0          0          0   rtentry5.o
         2          0          0          0          0          0   rtexit.o
        10          0          0          0          0          0   rtexit2.o
        70          0          0          0          0         80   setvbuf.o
       240          6          0          0          0        156   stdio.o
         0          0          0         12        252          0   stdio_streams.o
        62          0          0          0          0         76   strlen.o
        12          4          0          0          0         68   sys_exit.o
       102          0         12          0          0        240   sys_io.o
        14          0          0          0          0         76   sys_wrch.o
         2          0          0          0          0         68   use_no_semi.o
       826         16          0          0          0        348   daddsub_clz.o
        16          4          0          0          0         68   dcheck1.o
        24          0          0          0          0         68   dcmpi.o
       688        140          0          0          0        208   ddiv.o
        94          4          0          0          0         92   dfix.o
        46          0          0          0          0         68   dflt_clz.o
       120          4          0          0          0         92   dleqf.o
       340         12          0          0          0        104   dmul.o
       156          4          0          0          0         92   dnaninf.o
        12          0          0          0          0         68   dretinf.o
       108          0          0          0          0         80   drleqf.o
       460         56          0          0          0        120   dsqrt_noumaal.o
       100          0          0          0          0         68   retnan.o
        92          0          0          0          0         68   scalbn.o
        48          0          0          0          0         68   trapv.o
         0          0          0          0          0          0   usenofp.o
        16          6          0          0          0         68   dunder.o
        40          0          0          0          0         68   fpclassify.o
       170          0          0          0          0         96   poly.o
      2528        190        136          0          0        332   pow.o
         0          0          8          0          0          0   qnan.o
        76          0          0          0          0         84   sqrt.o

    ----------------------------------------------------------------------
      9932        662        176         12        356       6476   Library Totals
        16          0          3          0          8          0   (incl. Padding)

    ----------------------------------------------------------------------

      Code (inc. data)   RO Data    RW Data    ZI Data      Debug   Library Name

      3956        226         29         12        348       4216   c_w.l
      3130        240          0          0          0       1612   fz_ws.l
      2830        196        144          0          0        648   m_ws.l

    ----------------------------------------------------------------------
      9932        662        176         12        356       6476   Library Totals

    ----------------------------------------------------------------------

==============================================================================


      Code (inc. data)   RO Data    RW Data    ZI Data      Debug   

     25068       1314        784         60       5420     530101   Grand Totals
     25068       1314        784         60       5420     530101   ELF Image Totals
     25068       1314        784         60          0          0   ROM Totals

==============================================================================

    Total RO  Size (Code + RO Data)                25852 (  25.25kB)
    Total RW  Size (RW Data + ZI Data)              5480 (   5.35kB)
    Total ROM Size (Code + RO Data + RW Data)      25912 (  25.30kB)

==============================================================================

