ARM Linker, 5.03 [Build 76] [MDK-ARM Standard]

==============================================================================

Section Cross References

    main.o(.text) refers to motor.o(.text) for initMotor
    main.o(.text) refers to chmboxes.o(.text) for chMBFetch
    main.o(.text) refers to xbee.o(.text) for sendData
    main.o(.text) refers to chthreads.o(.text) for chThdSleep
    main.o(.text) refers to hal.o(.text) for halInit
    main.o(.text) refers to chsys.o(.text) for chSysInit
    main.o(.text) refers to pal_lld.o(.text) for _pal_lld_setgroupmode
    main.o(.text) refers to i2c.o(.text) for i2cInit
    main.o(.text) refers to main.o(.bss) for .bss
    main.o(.text) refers to i2c_lld.o(.bss) for I2CD1
    main.o(.text) refers to main.o(.constdata) for .constdata
    motor.o(.text) refers to pwm.o(.text) for pwmEnableChannel
    motor.o(.text) refers to pal_lld.o(.text) for _pal_lld_setgroupmode
    motor.o(.text) refers to chthreads.o(.text) for chThdSleep
    motor.o(.text) refers to pwm_lld.o(.bss) for PWMD2
    motor.o(.text) refers to motor.o(.data) for .data
    motor.o(.data) refers to motor.o(.text) for motorDown
    gyro.o(.text) refers to i2c.o(.text) for i2cAcquireBus
    gyro.o(.text) refers to i2c_lld.o(.bss) for I2CD1
    alti.o(.text) refers to i2c.o(.text) for i2cAcquireBus
    alti.o(.text) refers to chthreads.o(.text) for chThdSleep
    alti.o(.text) refers to dflt_clz.o(x$fpl$dflt) for __aeabi_i2d
    alti.o(.text) refers to ddiv.o(x$fpl$ddiv) for __aeabi_ddiv
    alti.o(.text) refers to dfix.o(x$fpl$dfix) for __aeabi_d2iz
    alti.o(.text) refers to dmul.o(x$fpl$dmul) for __aeabi_dmul
    alti.o(.text) refers to dflt_clz.o(x$fpl$dfltu) for __aeabi_ui2d
    alti.o(.text) refers to dfixu.o(x$fpl$dfixu) for __aeabi_d2uiz
    alti.o(.text) refers to daddsub_clz.o(x$fpl$dadd) for __aeabi_dadd
    alti.o(.text) refers to i2c_lld.o(.bss) for I2CD1
    alti.o(.text) refers to alti.o(.bss) for .bss
    alti.o(.text) refers to alti.o(.data) for .data
    alti.o(.text) refers to pow.o(i.pow) for pow
    alti.o(.text) refers to daddsub_clz.o(x$fpl$drsb) for __aeabi_drsub
    xbee.o(.text) refers to _printf_pad.o(.text) for _printf_pre_padding
    xbee.o(.text) refers to _printf_percent.o(.ARM.Collect$$_printf_percent$$00000000) for _printf_percent
    xbee.o(.text) refers to _printf_d.o(.ARM.Collect$$_printf_percent$$00000009) for _printf_d
    xbee.o(.text) refers to _printf_dec.o(.text) for _printf_int_dec
    xbee.o(.text) refers to _scanf_int.o(.text) for _scanf_int
    xbee.o(.text) refers to pal_lld.o(.text) for _pal_lld_setgroupmode
    xbee.o(.text) refers to serial.o(.text) for sdStart
    xbee.o(.text) refers to noretval__2sprintf.o(.text) for __2sprintf
    xbee.o(.text) refers to strlen.o(.text) for strlen
    xbee.o(.text) refers to chqueues.o(.text) for chOQWriteTimeout
    xbee.o(.text) refers to __0sscanf.o(.text) for __0sscanf
    xbee.o(.text) refers to xbee.o(.data) for .data
    xbee.o(.text) refers to serial_lld.o(.bss) for SD2
    board.o(.text) refers to hal_lld.o(.text) for stm32_clock_init
    chschd.o(.text) refers to chcoreasm_v7m.o(.text) for _port_switch
    chschd.o(.text) refers to chvt.o(.text) for chVTSetI
    chschd.o(.text) refers to chschd.o(.bss) for .bss
    chsem.o(.text) refers to chschd.o(.text) for chSchReadyI
    chsem.o(.text) refers to chschd.o(.bss) for rlist
    chsys.o(.text) refers to chcore_v7m.o(.text) for _port_init
    chsys.o(.text) refers to chschd.o(.text) for _scheduler_init
    chsys.o(.text) refers to chvt.o(.text) for _vt_init
    chsys.o(.text) refers to chmemcore.o(.text) for _core_init
    chsys.o(.text) refers to chheap.o(.text) for _heap_init
    chsys.o(.text) refers to chthreads.o(.text) for _thread_init
    chsys.o(.text) refers to chschd.o(.bss) for rlist
    chsys.o(.text) refers to chsys.o(.bss) for .bss
    chsys.o(.text) refers to chregistry.o(.constdata) for ch_debug
    chsys.o(.text) refers to chvt.o(.bss) for vtlist
    chthreads.o(.text) refers to chschd.o(.text) for chSchWakeupS
    chthreads.o(.text) refers to chdynamic.o(.text) for chThdRelease
    chthreads.o(.text) refers to chschd.o(.bss) for rlist
    chthreads.o(.text) refers to chcoreasm_v7m.o(.text) for _port_thread_start
    chthreads.o(.text) refers to chvt.o(.bss) for vtlist
    chvt.o(.text) refers to chvt.o(.bss) for .bss
    chcond.o(.text) refers to chschd.o(.text) for chSchWakeupS
    chcond.o(.text) refers to chmtx.o(.text) for chMtxUnlockS
    chcond.o(.text) refers to chschd.o(.bss) for rlist
    chdynamic.o(.text) refers to chmempools.o(.text) for chPoolFree
    chdynamic.o(.text) refers to chheap.o(.text) for chHeapFree
    chdynamic.o(.text) refers to chthreads.o(.text) for chThdCreateI
    chdynamic.o(.text) refers to chschd.o(.text) for chSchWakeupS
    chevents.o(.text) refers to chschd.o(.text) for chSchReadyI
    chevents.o(.text) refers to chschd.o(.bss) for rlist
    chheap.o(.text) refers to chmtx.o(.text) for chMtxInit
[...]
    Removing serial_lld.o(.rev16_text), (4 bytes).
    Removing serial_lld.o(.revsh_text), (4 bytes).
    Removing icu_lld.o(.rev16_text), (4 bytes).
    Removing icu_lld.o(.revsh_text), (4 bytes).

50 unused section(s) (total 2828 bytes) removed from the image.

==============================================================================

Image Symbol Table

    Local Symbols

    Symbol Name                              Value     Ov Type        Size  Object(Section)

    ../clib/angel/boardlib.s                 0x00000000   Number         0  boardinit1.o ABSOLUTE
    ../clib/angel/boardlib.s                 0x00000000   Number         0  boardinit2.o ABSOLUTE
    ../clib/angel/boardlib.s                 0x00000000   Number         0  boardinit3.o ABSOLUTE
    ../clib/angel/boardlib.s                 0x00000000   Number         0  boardshut.o ABSOLUTE
    ../clib/angel/handlers.s                 0x00000000   Number         0  __scatter_zi.o ABSOLUTE
    ../clib/angel/handlers.s                 0x00000000   Number         0  __scatter_copy.o ABSOLUTE
    ../clib/angel/kernel.s                   0x00000000   Number         0  rtentry5.o ABSOLUTE
    ../clib/angel/kernel.s                   0x00000000   Number         0  rtexit2.o ABSOLUTE
    ../clib/angel/kernel.s                   0x00000000   Number         0  rtentry4.o ABSOLUTE
    ../clib/angel/kernel.s                   0x00000000   Number         0  rtentry.o ABSOLUTE
    ../clib/angel/kernel.s                   0x00000000   Number         0  rtexit.o ABSOLUTE
    ../clib/angel/kernel.s                   0x00000000   Number         0  rtentry2.o ABSOLUTE
    ../clib/angel/rt.s                       0x00000000   Number         0  rt_ctype_table.o ABSOLUTE
    ../clib/angel/rt.s                       0x00000000   Number         0  rt_raise.o ABSOLUTE
    ../clib/angel/rt.s                       0x00000000   Number         0  rt_locale.o ABSOLUTE
    ../clib/angel/rt.s                       0x00000000   Number         0  rt_locale_intlibspace.o ABSOLUTE
    ../clib/angel/rt.s                       0x00000000   Number         0  rt_errno_addr_intlibspace.o ABSOLUTE
    ../clib/angel/rt.s                       0x00000000   Number         0  rt_errno_addr.o ABSOLUTE
    ../clib/angel/scatter.s                  0x00000000   Number         0  __scatter.o ABSOLUTE
    ../clib/angel/startup.s                  0x00000000   Number         0  __main.o ABSOLUTE
    ../clib/angel/sys.s                      0x00000000   Number         0  indicate_semi.o ABSOLUTE
    ../clib/angel/sys.s                      0x00000000   Number         0  use_no_semi.o ABSOLUTE
    ../clib/angel/sys.s                      0x00000000   Number         0  sys_stackheap_outer.o ABSOLUTE
    ../clib/angel/sys.s                      0x00000000   Number         0  libspace.o ABSOLUTE
    ../clib/angel/sysapp.c                   0x00000000   Number         0  sys_exit.o ABSOLUTE
    ../clib/angel/sysapp.c                   0x00000000   Number         0  sys_wrch.o ABSOLUTE
    ../clib/angel/sysapp.c                   0x00000000   Number         0  sys_command.o ABSOLUTE
    ../clib/armsys.c                         0x00000000   Number         0  no_argv.o ABSOLUTE
    ../clib/armsys.c                         0x00000000   Number         0  argv_veneer.o ABSOLUTE
    ../clib/armsys.c                         0x00000000   Number         0  argv_veneer.o ABSOLUTE
    ../clib/armsys.c                         0x00000000   Number         0  _get_argv_nomalloc.o ABSOLUTE
    ../clib/ctype.c                          0x00000000   Number         0  isspace.o ABSOLUTE
    ../clib/fenv.c                           0x00000000   Number         0  _rserrno.o ABSOLUTE
    ../clib/heapalloc.c                      0x00000000   Number         0  hrguard.o ABSOLUTE
    ../clib/heapaux.c                        0x00000000   Number         0  heapauxi.o ABSOLUTE
    ../clib/libinit.s                        0x00000000   Number         0  libshutdown.o ABSOLUTE
    ../clib/libinit.s                        0x00000000   Number         0  libshutdown2.o ABSOLUTE
    ../clib/libinit.s                        0x00000000   Number         0  libinit2.o ABSOLUTE
    ../clib/libinit.s                        0x00000000   Number         0  libinit.o ABSOLUTE
    ../clib/locale.s                         0x00000000   Number         0  lc_ctype_c.o ABSOLUTE
    ../clib/memcpset.s                       0x00000000   Number         0  strcmpv7m.o ABSOLUTE
    ../clib/misc.s                           0x00000000   Number         0  printf_stubs.o ABSOLUTE
    ../clib/printf.c                         0x00000000   Number         0  __printf_flags_ss_wp.o ABSOLUTE
    ../clib/printf.c                         0x00000000   Number         0  _printf_intcommon.o ABSOLUTE
    ../clib/printf.c                         0x00000000   Number         0  __printf_ss_wp.o ABSOLUTE
    ../clib/printf.c                         0x00000000   Number         0  __printf_nopercent.o ABSOLUTE
    ../clib/printf.c                         0x00000000   Number         0  __printf_flags_wp.o ABSOLUTE
    ../clib/printf.c                         0x00000000   Number         0  _sputc.o ABSOLUTE
    ../clib/printf.c                         0x00000000   Number         0  _printf_char_common.o ABSOLUTE
    ../clib/printf.c                         0x00000000   Number         0  __2sprintf.o ABSOLUTE
    ../clib/printf.c                         0x00000000   Number         0  noretval__2sprintf.o ABSOLUTE
    ../clib/printf.c                         0x00000000   Number         0  __printf.o ABSOLUTE
    ../clib/printf.c                         0x00000000   Number         0  _printf_pad.o ABSOLUTE
    ../clib/printf.c                         0x00000000   Number         0  _printf_dec.o ABSOLUTE
    ../clib/printf.c                         0x00000000   Number         0  __printf_flags.o ABSOLUTE
    ../clib/printf.c                         0x00000000   Number         0  __printf_ss.o ABSOLUTE
    ../clib/printf.c                         0x00000000   Number         0  __printf_flags_ss.o ABSOLUTE
    ../clib/printf.c                         0x00000000   Number         0  __printf_wp.o ABSOLUTE
    ../clib/printf_percent.s                 0x00000000   Number         0  _printf_percent_end.o ABSOLUTE
    ../clib/printf_percent.s                 0x00000000   Number         0  _printf_d.o ABSOLUTE
    ../clib/printf_percent.s                 0x00000000   Number         0  _printf_percent.o ABSOLUTE
    ../clib/scanf.c                          0x00000000   Number         0  _scanf_int.o ABSOLUTE
    ../clib/scanf.c                          0x00000000   Number         0  __0sscanf.o ABSOLUTE
    ../clib/scanf.c                          0x00000000   Number         0  _scanf.o ABSOLUTE
    ../clib/scanf.c                          0x00000000   Number         0  _chval.o ABSOLUTE
    ../clib/scanf.c                          0x00000000   Number         0  _sgetc.o ABSOLUTE
    ../clib/scanf.c                          0x00000000   Number         0  scanf_char.o ABSOLUTE
    ../clib/signal.c                         0x00000000   Number         0  defsig_rtmem_outer.o ABSOLUTE
    ../clib/signal.c                         0x00000000   Number         0  defsig_segv_inner.o ABSOLUTE
    ../clib/signal.c                         0x00000000   Number         0  defsig_cppl_inner.o ABSOLUTE
    ../clib/signal.c                         0x00000000   Number         0  defsig_pvfn_inner.o ABSOLUTE
    ../clib/signal.c                         0x00000000   Number         0  defsig_stak_inner.o ABSOLUTE
    ../clib/signal.c                         0x00000000   Number         0  defsig_exit.o ABSOLUTE
    ../clib/signal.c                         0x00000000   Number         0  defsig_rtmem_inner.o ABSOLUTE
    ../clib/signal.c                         0x00000000   Number         0  __raise.o ABSOLUTE
    ../clib/signal.c                         0x00000000   Number         0  defsig_fpe_inner.o ABSOLUTE
    ../clib/signal.c                         0x00000000   Number         0  defsig_rtred_inner.o ABSOLUTE
    ../clib/signal.c                         0x00000000   Number         0  defsig_rtmem_formal.o ABSOLUTE
    ../clib/signal.c                         0x00000000   Number         0  defsig_general.o ABSOLUTE
    ../clib/signal.c                         0x00000000   Number         0  defsig_abrt_inner.o ABSOLUTE
    ../clib/signal.c                         0x00000000   Number         0  defsig_other.o ABSOLUTE
    ../clib/signal.s                         0x00000000   Number         0  defsig.o ABSOLUTE
    ../clib/stdlib.c                         0x00000000   Number         0  exit.o ABSOLUTE
    ../clib/string.c                         0x00000000   Number         0  strlen.o ABSOLUTE
    ../fplib/daddsub.s                       0x00000000   Number         0  daddsub_clz.o ABSOLUTE
    ../fplib/dcheck1.s                       0x00000000   Number         0  dcheck1.o ABSOLUTE
    ../fplib/dcmpi.s                         0x00000000   Number         0  dcmpi.o ABSOLUTE
    ../fplib/ddiv.s                          0x00000000   Number         0  ddiv.o ABSOLUTE
    ../fplib/dfix.s                          0x00000000   Number         0  dfix.o ABSOLUTE
    ../fplib/dfixu.s                         0x00000000   Number         0  dfixu.o ABSOLUTE
    ../fplib/dflt.s                          0x00000000   Number         0  dflt_clz.o ABSOLUTE
    ../fplib/dleqf.s                         0x00000000   Number         0  dleqf.o ABSOLUTE
    ../fplib/dmul.s                          0x00000000   Number         0  dmul.o ABSOLUTE
    ../fplib/dnaninf.s                       0x00000000   Number         0  dnaninf.o ABSOLUTE
    ../fplib/dretinf.s                       0x00000000   Number         0  dretinf.o ABSOLUTE
    ../fplib/drleqf.s                        0x00000000   Number         0  drleqf.o ABSOLUTE
    ../fplib/dsqrt.s                         0x00000000   Number         0  dsqrt_noumaal.o ABSOLUTE
    ../fplib/fpinit.s                        0x00000000   Number         0  fpinit.o ABSOLUTE
    ../fplib/retnan.s                        0x00000000   Number         0  retnan.o ABSOLUTE
    ../fplib/scalbn.s                        0x00000000   Number         0  scalbn.o ABSOLUTE
    ../fplib/trapv.s                         0x00000000   Number         0  trapv.o ABSOLUTE
    ../fplib/usenofp.s                       0x00000000   Number         0  usenofp.o ABSOLUTE
    ../mathlib/dunder.c                      0x00000000   Number         0  dunder.o ABSOLUTE
    ../mathlib/fpclassify.c                  0x00000000   Number         0  fpclassify.o ABSOLUTE
    ../mathlib/poly.c                        0x00000000   Number         0  poly.o ABSOLUTE
    ../mathlib/pow.c                         0x00000000   Number         0  pow.o ABSOLUTE
    ../mathlib/pow.c                         0x00000000   Number         0  pow_x.o ABSOLUTE
    ../mathlib/qnan.c                        0x00000000   Number         0  qnan.o ABSOLUTE
    ../mathlib/sqrt.c                        0x00000000   Number         0  sqrt_x.o ABSOLUTE
    ../mathlib/sqrt.c                        0x00000000   Number         0  sqrt.o ABSOLUTE
    OS\\hal\\platforms\\STM32L1xx\\hal_lld.c 0x00000000   Number         0  hal_lld.o ABSOLUTE
    OS\\hal\\platforms\\STM32L1xx\\stm32_dma.c 0x00000000   Number         0  stm32_dma.o ABSOLUTE
    OS\\hal\\platforms\\STM32\\GPIOv2\\pal_lld.c 0x00000000   Number         0  pal_lld.o ABSOLUTE
    OS\\hal\\platforms\\STM32\\I2Cv1\\i2c_lld.c 0x00000000   Number         0  i2c_lld.o ABSOLUTE
    OS\\hal\\platforms\\STM32\\TIMv1\\icu_lld.c 0x00000000   Number         0  icu_lld.o ABSOLUTE
    OS\\hal\\platforms\\STM32\\TIMv1\\pwm_lld.c 0x00000000   Number         0  pwm_lld.o ABSOLUTE
    OS\\hal\\platforms\\STM32\\USARTv1\\serial_lld.c 0x00000000   Number         0  serial_lld.o ABSOLUTE
    OS\\hal\\src\\hal.c                      0x00000000   Number         0  hal.o ABSOLUTE
    OS\\hal\\src\\i2c.c                      0x00000000   Number         0  i2c.o ABSOLUTE
    OS\\hal\\src\\icu.c                      0x00000000   Number         0  icu.o ABSOLUTE
    OS\\hal\\src\\pal.c                      0x00000000   Number         0  pal.o ABSOLUTE
    OS\\hal\\src\\pwm.c                      0x00000000   Number         0  pwm.o ABSOLUTE
    OS\\hal\\src\\serial.c                   0x00000000   Number         0  serial.o ABSOLUTE
    OS\\ports\\RVCT\\ARMCMx\\STM32L1xx\\vectors.s 0x00000000   Number         0  vectors.o ABSOLUTE
    OS\\ports\\RVCT\\ARMCMx\\chcoreasm_v7m.s 0x00000000   Number         0  chcoreasm_v7m.o ABSOLUTE
    OS\\ports\\RVCT\\ARMCMx\\cstartup.s      0x00000000   Number         0  cstartup.o ABSOLUTE
    OS\hal\platforms\STM32L1xx\hal_lld.c     0x00000000   Number         0  hal_lld.o ABSOLUTE
    OS\hal\platforms\STM32L1xx\stm32_dma.c   0x00000000   Number         0  stm32_dma.o ABSOLUTE
    OS\hal\platforms\STM32\GPIOv2\pal_lld.c  0x00000000   Number         0  pal_lld.o ABSOLUTE
    OS\hal\platforms\STM32\I2Cv1\i2c_lld.c   0x00000000   Number         0  i2c_lld.o ABSOLUTE
    OS\hal\platforms\STM32\TIMv1\icu_lld.c   0x00000000   Number         0  icu_lld.o ABSOLUTE
    OS\hal\platforms\STM32\TIMv1\pwm_lld.c   0x00000000   Number         0  pwm_lld.o ABSOLUTE
    OS\hal\platforms\STM32\USARTv1\serial_lld.c 0x00000000   Number         0  serial_lld.o ABSOLUTE
    OS\hal\src\hal.c                         0x00000000   Number         0  hal.o ABSOLUTE
    OS\hal\src\i2c.c                         0x00000000   Number         0  i2c.o ABSOLUTE
    OS\hal\src\icu.c                         0x00000000   Number         0  icu.o ABSOLUTE
    OS\hal\src\pal.c                         0x00000000   Number         0  pal.o ABSOLUTE
    OS\hal\src\pwm.c                         0x00000000   Number         0  pwm.o ABSOLUTE
    OS\hal\src\serial.c                      0x00000000   Number         0  serial.o ABSOLUTE
    OS\kernel\src\chcond.c                   0x00000000   Number         0  chcond.o ABSOLUTE
    OS\kernel\src\chdebug.c                  0x00000000   Number         0  chdebug.o ABSOLUTE
    OS\kernel\src\chdynamic.c                0x00000000   Number         0  chdynamic.o ABSOLUTE
    OS\kernel\src\chevents.c                 0x00000000   Number         0  chevents.o ABSOLUTE
    OS\kernel\src\chheap.c                   0x00000000   Number         0  chheap.o ABSOLUTE
    OS\kernel\src\chlists.c                  0x00000000   Number         0  chlists.o ABSOLUTE
    OS\kernel\src\chmboxes.c                 0x00000000   Number         0  chmboxes.o ABSOLUTE
    OS\kernel\src\chmemcore.c                0x00000000   Number         0  chmemcore.o ABSOLUTE
    OS\kernel\src\chmempools.c               0x00000000   Number         0  chmempools.o ABSOLUTE
    OS\kernel\src\chmsg.c                    0x00000000   Number         0  chmsg.o ABSOLUTE
    OS\kernel\src\chmtx.c                    0x00000000   Number         0  chmtx.o ABSOLUTE
    OS\kernel\src\chqueues.c                 0x00000000   Number         0  chqueues.o ABSOLUTE
    OS\kernel\src\chregistry.c               0x00000000   Number         0  chregistry.o ABSOLUTE
    OS\kernel\src\chschd.c                   0x00000000   Number         0  chschd.o ABSOLUTE
    OS\kernel\src\chsem.c                    0x00000000   Number         0  chsem.o ABSOLUTE
    OS\kernel\src\chsys.c                    0x00000000   Number         0  chsys.o ABSOLUTE
    OS\kernel\src\chthreads.c                0x00000000   Number         0  chthreads.o ABSOLUTE
    OS\kernel\src\chvt.c                     0x00000000   Number         0  chvt.o ABSOLUTE
    OS\ports\RVCT\ARMCMx\chcore.c            0x00000000   Number         0  chcore.o ABSOLUTE
    OS\ports\RVCT\ARMCMx\chcore_v7m.c        0x00000000   Number         0  chcore_v7m.o ABSOLUTE
    OS\ports\common\ARMCMx\nvic.c            0x00000000   Number         0  nvic.o ABSOLUTE
    alti.c                                   0x00000000   Number         0  alti.o ABSOLUTE
    alti.c                                   0x00000000   Number         0  alti.o ABSOLUTE
    battery.c                                0x00000000   Number         0  battery.o ABSOLUTE
    conf\\board.c                            0x00000000   Number         0  board.o ABSOLUTE
    conf\board.c                             0x00000000   Number         0  board.o ABSOLUTE
    dc.s                                     0x00000000   Number         0  dc.o ABSOLUTE
    gyro.c                                   0x00000000   Number         0  gyro.o ABSOLUTE
    gyro.c                                   0x00000000   Number         0  gyro.o ABSOLUTE
    main.c                                   0x00000000   Number         0  main.o ABSOLUTE
    main.c                                   0x00000000   Number         0  main.o ABSOLUTE
    motor.c                                  0x00000000   Number         0  motor.o ABSOLUTE
    motor.c                                  0x00000000   Number         0  motor.o ABSOLUTE
    xbee.c                                   0x00000000   Number         0  xbee.o ABSOLUTE
    xbee.c                                   0x00000000   Number         0  xbee.o ABSOLUTE
    RESET                                    0x08000000   Section      244  vectors.o(RESET)
    !!!main                                  0x080000f4   Section        8  __main.o(!!!main)
    !!!scatter                               0x080000fc   Section       52  __scatter.o(!!!scatter)
    !!handler_copy                           0x08000130   Section       26  __scatter_copy.o(!!handler_copy)
    !!handler_zi                             0x0800014c   Section       28  __scatter_zi.o(!!handler_zi)
    .ARM.Collect$$_printf_percent$$00000000  0x08000168   Section        0  _printf_percent.o(.ARM.Collect$$_printf_percent$$00000000)
    .ARM.Collect$$_printf_percent$$00000009  0x08000168   Section        6  _printf_d.o(.ARM.Collect$$_printf_percent$$00000009)
    .ARM.Collect$$_printf_percent$$00000017  0x0800016e   Section        4  _printf_percent_end.o(.ARM.Collect$$_printf_percent$$00000017)
    .ARM.Collect$$libinit$$00000000          0x08000172   Section        2  libinit.o(.ARM.Collect$$libinit$$00000000)
    .ARM.Collect$$libinit$$00000002          0x08000174   Section        0  libinit2.o(.ARM.Collect$$libinit$$00000002)
    .ARM.Collect$$libinit$$00000008          0x08000174   Section        0  libinit2.o(.ARM.Collect$$libinit$$00000008)
    .ARM.Collect$$libinit$$0000000A          0x08000174   Section        0  libinit2.o(.ARM.Collect$$libinit$$0000000A)
    .ARM.Collect$$libinit$$0000000C          0x08000174   Section        0  libinit2.o(.ARM.Collect$$libinit$$0000000C)
    .ARM.Collect$$libinit$$0000000D          0x08000174   Section        6  libinit2.o(.ARM.Collect$$libinit$$0000000D)
    .ARM.Collect$$libinit$$0000000F          0x0800017a   Section        0  libinit2.o(.ARM.Collect$$libinit$$0000000F)
    .ARM.Collect$$libinit$$00000010          0x0800017a   Section       12  libinit2.o(.ARM.Collect$$libinit$$00000010)
    .ARM.Collect$$libinit$$00000011          0x08000186   Section        0  libinit2.o(.ARM.Collect$$libinit$$00000011)
    .ARM.Collect$$libinit$$00000013          0x08000186   Section        0  libinit2.o(.ARM.Collect$$libinit$$00000013)
    .ARM.Collect$$libinit$$00000015          0x08000186   Section        0  libinit2.o(.ARM.Collect$$libinit$$00000015)
    .ARM.Collect$$libinit$$00000017          0x08000186   Section        0  libinit2.o(.ARM.Collect$$libinit$$00000017)
    .ARM.Collect$$libinit$$00000019          0x08000186   Section        0  libinit2.o(.ARM.Collect$$libinit$$00000019)
    .ARM.Collect$$libinit$$0000001B          0x08000186   Section        0  libinit2.o(.ARM.Collect$$libinit$$0000001B)
    .ARM.Collect$$libinit$$0000001D          0x08000186   Section        0  libinit2.o(.ARM.Collect$$libinit$$0000001D)
    .ARM.Collect$$libinit$$0000001F          0x08000186   Section        0  libinit2.o(.ARM.Collect$$libinit$$0000001F)
    .ARM.Collect$$libinit$$00000021          0x08000186   Section        0  libinit2.o(.ARM.Collect$$libinit$$00000021)
    .ARM.Collect$$libinit$$00000023          0x08000186   Section        0  libinit2.o(.ARM.Collect$$libinit$$00000023)
    .ARM.Collect$$libinit$$0000002A          0x08000186   Section        0  libinit2.o(.ARM.Collect$$libinit$$0000002A)
    .ARM.Collect$$libinit$$0000002C          0x08000186   Section        0  libinit2.o(.ARM.Collect$$libinit$$0000002C)
    .ARM.Collect$$libinit$$0000002E          0x08000186   Section        0  libinit2.o(.ARM.Collect$$libinit$$0000002E)
    .ARM.Collect$$libinit$$00000030          0x08000186   Section        0  libinit2.o(.ARM.Collect$$libinit$$00000030)
    .ARM.Collect$$libinit$$00000031          0x08000186   Section        2  libinit2.o(.ARM.Collect$$libinit$$00000031)
    .ARM.Collect$$libshutdown$$00000000      0x08000188   Section        2  libshutdown.o(.ARM.Collect$$libshutdown$$00000000)
    .ARM.Collect$$libshutdown$$00000003      0x0800018a   Section        0  libshutdown2.o(.ARM.Collect$$libshutdown$$00000003)
    .ARM.Collect$$libshutdown$$00000006      0x0800018a   Section        0  libshutdown2.o(.ARM.Collect$$libshutdown$$00000006)
    .ARM.Collect$$libshutdown$$00000009      0x0800018a   Section        0  libshutdown2.o(.ARM.Collect$$libshutdown$$00000009)
    .ARM.Collect$$libshutdown$$0000000B      0x0800018a   Section        0  libshutdown2.o(.ARM.Collect$$libshutdown$$0000000B)
    .ARM.Collect$$libshutdown$$0000000E      0x0800018a   Section        0  libshutdown2.o(.ARM.Collect$$libshutdown$$0000000E)
    .ARM.Collect$$libshutdown$$0000000F      0x0800018a   Section        2  libshutdown2.o(.ARM.Collect$$libshutdown$$0000000F)
    .ARM.Collect$$rtentry$$00000000          0x0800018c   Section        0  rtentry.o(.ARM.Collect$$rtentry$$00000000)
    .ARM.Collect$$rtentry$$00000002          0x0800018c   Section        0  rtentry2.o(.ARM.Collect$$rtentry$$00000002)
    .ARM.Collect$$rtentry$$00000005          0x0800018c   Section        4  rtentry5.o(.ARM.Collect$$rtentry$$00000005)
    .ARM.Collect$$rtentry$$00000009          0x08000190   Section        0  rtentry2.o(.ARM.Collect$$rtentry$$00000009)
    .ARM.Collect$$rtentry$$0000000A          0x08000190   Section        4  rtentry2.o(.ARM.Collect$$rtentry$$0000000A)
    .ARM.Collect$$rtentry$$0000000C          0x08000194   Section        0  rtentry2.o(.ARM.Collect$$rtentry$$0000000C)
    .ARM.Collect$$rtentry$$0000000D          0x08000194   Section        8  rtentry2.o(.ARM.Collect$$rtentry$$0000000D)
    .ARM.Collect$$rtentry$$00002716          0x0800019c   Section        4  rtentry5.o(.ARM.Collect$$rtentry$$00002716)
    __lit__00000000                          0x0800019c   Data           4  rtentry5.o(.ARM.Collect$$rtentry$$00002716)
    .ARM.Collect$$rtexit$$00000000           0x080001a0   Section        2  rtexit.o(.ARM.Collect$$rtexit$$00000000)
    .ARM.Collect$$rtexit$$00000002           0x080001a2   Section        0  rtexit2.o(.ARM.Collect$$rtexit$$00000002)
    .ARM.Collect$$rtexit$$00000003           0x080001a2   Section        4  rtexit2.o(.ARM.Collect$$rtexit$$00000003)
    .ARM.Collect$$rtexit$$00000004           0x080001a6   Section        6  rtexit2.o(.ARM.Collect$$rtexit$$00000004)
    .text                                    0x080001ac   Section        0  main.o(.text)
    ThreadMotor                              0x080001ad   Thumb Code    56  main.o(.text)
    ThreadComSnd                             0x080001e5   Thumb Code    38  main.o(.text)
    ThreadComRcv                             0x0800020b   Thumb Code    46  main.o(.text)
    .text                                    0x080002e4   Section        0  motor.o(.text)
    motor1up                                 0x080002e5   Thumb Code    10  motor.o(.text)
    motor2up                                 0x080002ef   Thumb Code    10  motor.o(.text)
    motor3up                                 0x080002f9   Thumb Code    10  motor.o(.text)
    motor4up                                 0x08000303   Thumb Code    10  motor.o(.text)
    motorDown                                0x0800030d   Thumb Code    22  motor.o(.text)
    .text                                    0x0800044c   Section        0  xbee.o(.text)
    .text                                    0x0800062c   Section        0  board.o(.text)
    .text                                    0x08000634   Section        0  chschd.o(.text)
    wakeup                                   0x08000687   Thumb Code    96  chschd.o(.text)
    .text                                    0x080008fc   Section        0  chsem.o(.text)
    .text                                    0x08000b1c   Section        0  chsys.o(.text)
    .text                                    0x08000be0   Section        0  chthreads.o(.text)
    .text                                    0x08000e48   Section        0  chvt.o(.text)
    .text                                    0x08000eb8   Section        0  chdynamic.o(.text)
    .text                                    0x08000fa0   Section        0  chevents.o(.text)
    .text                                    0x080012d8   Section        0  chheap.o(.text)
    .text                                    0x08001428   Section        0  chmboxes.o(.text)
    .text                                    0x08001684   Section        0  chmemcore.o(.text)
    .text                                    0x080016f0   Section        0  chmempools.o(.text)
    .text                                    0x08001784   Section        0  chmtx.o(.text)
    .text                                    0x080019a8   Section        0  chqueues.o(.text)
    .text                                    0x08001cdc   Section        0  hal.o(.text)
    .text                                    0x08001d4c   Section        0  pwm.o(.text)
    .text                                    0x08001dd8   Section        0  i2c.o(.text)
    .text                                    0x08001ea0   Section        0  serial.o(.text)
    write                                    0x08001ea1   Thumb Code    10  serial.o(.text)
    read                                     0x08001eab   Thumb Code    10  serial.o(.text)
    put                                      0x08001eb5   Thumb Code    10  serial.o(.text)
    get                                      0x08001ebf   Thumb Code    10  serial.o(.text)
    putt                                     0x08001ec9   Thumb Code     6  serial.o(.text)
    gett                                     0x08001ecf   Thumb Code     6  serial.o(.text)
    writet                                   0x08001ed5   Thumb Code     6  serial.o(.text)
    readt                                    0x08001edb   Thumb Code     6  serial.o(.text)
    .text                                    0x08001fb4   Section        0  icu.o(.text)
    .text                                    0x08002034   Section        0  pal_lld.o(.text)
    .text                                    0x080021e8   Section        0  hal_lld.o(.text)
    .text                                    0x080023b8   Section        0  stm32_dma.o(.text)
    .text                                    0x0800259c   Section        0  pwm_lld.o(.text)
    .text                                    0x080027cc   Section        0  i2c_lld.o(.text)
    i2c_lld_safety_timeout                   0x080027cd   Thumb Code   106  i2c_lld.o(.text)
    i2c_lld_serve_rx_end_irq                 0x08002837   Thumb Code    92  i2c_lld.o(.text)
    i2c_lld_serve_tx_end_irq                 0x08002893   Thumb Code    52  i2c_lld.o(.text)
    .text                                    0x08002e34   Section        0  serial_lld.o(.text)
    notify2                                  0x08002e35   Thumb Code    12  serial_lld.o(.text)
    .text                                    0x08002fe0   Section        0  icu_lld.o(.text)
    .text                                    0x08003210   Section        0  chcore.o(.text)
    .text                                    0x08003214   Section        0  chcore_v7m.o(.text)
    .text                                    0x0800330c   Section        0  nvic.o(.text)
    .text                                    0x080033ac   Section       36  chcoreasm_v7m.o(.text)
    .text                                    0x080033d0   Section       64  cstartup.o(.text)
    .text                                    0x08003410   Section        2  vectors.o(.text)
    .text                                    0x08003414   Section        0  noretval__2sprintf.o(.text)
    .text                                    0x0800343c   Section        0  _printf_pad.o(.text)
    .text                                    0x08003490   Section        0  _printf_dec.o(.text)
    .text                                    0x08003508   Section        0  __printf_flags_wp.o(.text)
    .text                                    0x08003644   Section        0  __0sscanf.o(.text)
    .text                                    0x08003680   Section        0  _scanf_int.o(.text)
    .text                                    0x080037d0   Section        0  strlen.o(.text)
    .text                                    0x0800380e   Section        0  heapauxi.o(.text)
    .text                                    0x08003814   Section        0  _printf_intcommon.o(.text)
    .text                                    0x080038cc   Section        0  _printf_char_common.o(.text)
    _printf_input_char                       0x080038cd   Thumb Code    10  _printf_char_common.o(.text)
    .text                                    0x080038fc   Section        0  _sputc.o(.text)
    .text                                    0x08003906   Section        0  _chval.o(.text)
    .text                                    0x08003924   Section        0  scanf_char.o(.text)
    _scanf_char_input                        0x08003925   Thumb Code    12  scanf_char.o(.text)
    .text                                    0x08003950   Section        0  _sgetc.o(.text)
    .text                                    0x08003990   Section        0  isspace.o(.text)
    .text                                    0x080039a4   Section        0  _scanf.o(.text)
    .text                                    0x08003d14   Section       16  rt_ctype_table.o(.text)
    .text                                    0x08003d24   Section        0  exit.o(.text)
    .text                                    0x08003d30   Section        8  rt_locale_intlibspace.o(.text)
    .text                                    0x08003d38   Section      128  strcmpv7m.o(.text)
    .text                                    0x08003db8   Section        0  sys_exit.o(.text)
    .text                                    0x08003dc4   Section        2  use_no_semi.o(.text)
    .text                                    0x08003dc6   Section        0  indicate_semi.o(.text)
    i._is_digit                              0x08003dc6   Section        0  __printf_wp.o(i._is_digit)
    locale$$code                             0x08003dd4   Section       44  lc_ctype_c.o(locale$$code)
    .constdata                               0x08003e00   Section       12  main.o(.constdata)
    g_i2ccfg                                 0x08003e00   Data          12  main.o(.constdata)
    .constdata                               0x08003e0c   Section      168  board.o(.constdata)
    .constdata                               0x08003eb4   Section       22  chregistry.o(.constdata)
    .constdata                               0x08003ecc   Section       32  serial.o(.constdata)
    vmt                                      0x08003ecc   Data          32  serial.o(.constdata)
    .constdata                               0x08003eec   Section       84  stm32_dma.o(.constdata)
    .constdata                               0x08003f40   Section       12  serial_lld.o(.constdata)
    default_config                           0x08003f40   Data          12  serial_lld.o(.constdata)
    .constdata                               0x08003f4c   Section       17  __printf_flags_wp.o(.constdata)
    maptable                                 0x08003f4c   Data          17  __printf_flags_wp.o(.constdata)
    locale$$data                             0x08003f80   Section      272  lc_ctype_c.o(locale$$data)
    __lcctype_c_name                         0x08003f84   Data           2  lc_ctype_c.o(locale$$data)
    __lcctype_c_start                        0x08003f8c   Data           0  lc_ctype_c.o(locale$$data)
    __lcctype_c_end                          0x08004090   Data           0  lc_ctype_c.o(locale$$data)
    .data                                    0x20000000   Section       52  motor.o(.data)
    pwmMotor                                 0x20000000   Data          52  motor.o(.data)
    .data                                    0x20000034   Section       12  xbee.o(.data)
    .data                                    0x20000040   Section        8  chmemcore.o(.data)
    nextmem                                  0x20000040   Data           4  chmemcore.o(.data)
    endmem                                   0x20000044   Data           4  chmemcore.o(.data)
    .data                                    0x20000048   Section        4  stm32_dma.o(.data)
    dma_streams_mask                         0x20000048   Data           4  stm32_dma.o(.data)
    .bss                                     0x20000050   Section     1336  main.o(.bss)
    mb_Comm                                  0x20000050   Data          40  main.o(.bss)
    waMotor                                  0x20000078   Data         304  main.o(.bss)
    waComSnd                                 0x200001a8   Data         304  main.o(.bss)
    waComRcv                                 0x200002d8   Data         688  main.o(.bss)
    .bss                                     0x20000588   Section       28  chschd.o(.bss)
    .bss                                     0x200005a8   Section      264  chsys.o(.bss)
    mainthread                               0x200005a8   Data          72  chsys.o(.bss)
    .bss                                     0x200006b0   Section       16  chvt.o(.bss)
    .bss                                     0x200006c0   Section       32  chheap.o(.bss)
    default_heap                             0x200006c0   Data          32  chheap.o(.bss)
    .bss                                     0x200006e0   Section       56  stm32_dma.o(.bss)
    dma_isr_redir                            0x200006e0   Data          56  stm32_dma.o(.bss)
    .bss                                     0x20000718   Section       20  pwm_lld.o(.bss)
    .bss                                     0x2000072c   Section       56  i2c_lld.o(.bss)
    .bss                                     0x20000764   Section      120  serial_lld.o(.bss)
    .bss                                     0x200007dc   Section       24  icu_lld.o(.bss)
    .bss                                     0x200007f4   Section       96  libspace.o(.bss)
    CSTACK                                   0x20000858   Section     1024  cstartup.o(CSTACK)
    proc_stack_mem                           0x20000858   Data        1024  cstartup.o(CSTACK)
    HEAP                                     0x20000c58   Section     1024  cstartup.o(HEAP)
    Heap_Mem                                 0x20000c58   Data        1024  cstartup.o(HEAP)
    MSTACK                                   0x20001058   Section     1024  cstartup.o(MSTACK)

    Global Symbols

    Symbol Name                              Value     Ov Type        Size  Object(Section)

    BuildAttributes$$THM_ISAv4$P$D$K$B$S$PE$A:L22UL41UL21$X:L11$S22US41US21$IEEE1$IW$USESV6$~STKCKD$USESV7$~SHL$OTIME$ROPI$IEEEX$EBA8$UX$STANDARDLIB$REQ8$PRES8$EABIv2 0x00000000   Number         0  anon$$obj.o ABSOLUTE
    __ARM_use_no_argv                        0x00000000   Number         0  main.o ABSOLUTE
    _printf_flags                            0x00000000   Number         0  printf_stubs.o ABSOLUTE
    _printf_return_value                     0x00000000   Number         0  printf_stubs.o ABSOLUTE
    _printf_sizespec                         0x00000000   Number         0  printf_stubs.o ABSOLUTE
    _printf_widthprec                        0x00000000   Number         0  printf_stubs.o ABSOLUTE
    __ARM_exceptions_init                     - Undefined Weak Reference
    __alloca_initialize                       - Undefined Weak Reference
    __cpp_initialize__aeabi_                  - Undefined Weak Reference
    __cxa_finalize                            - Undefined Weak Reference
    __sigvec_lookup                           - Undefined Weak Reference
    _atexit_init                              - Undefined Weak Reference
    _call_atexit_fns                          - Undefined Weak Reference
    _clock_init                               - Undefined Weak Reference
    _fp_trap_init                             - Undefined Weak Reference
    _fp_trap_shutdown                         - Undefined Weak Reference
    _get_lc_collate                           - Undefined Weak Reference
    _get_lc_monetary                          - Undefined Weak Reference
    _get_lc_numeric                           - Undefined Weak Reference
    _get_lc_time                              - Undefined Weak Reference
    _getenv_init                              - Undefined Weak Reference
    _handle_redirection                       - Undefined Weak Reference
    _init_alloc                               - Undefined Weak Reference
    _init_user_alloc                          - Undefined Weak Reference
    _initio                                   - Undefined Weak Reference
    _printf_truncate_signed                   - Undefined Weak Reference
    _printf_truncate_unsigned                 - Undefined Weak Reference
    _rand_init                                - Undefined Weak Reference
    _scanf_longlong                           - Undefined Weak Reference
    _scanf_mbtowc                             - Undefined Weak Reference
    _scanf_real                               - Undefined Weak Reference
    _scanf_string                             - Undefined Weak Reference
    _scanf_wctomb                             - Undefined Weak Reference
    _scanf_wstring                            - Undefined Weak Reference
    _signal_finish                            - Undefined Weak Reference
    _signal_init                              - Undefined Weak Reference
    _terminate_alloc                          - Undefined Weak Reference
    _terminate_user_alloc                     - Undefined Weak Reference
    _terminateio                              - Undefined Weak Reference
    __Vectors                                0x08000000   Data           0  vectors.o(RESET)
    __main                                   0x080000f5   Thumb Code     8  __main.o(!!!main)
    __scatterload                            0x080000fd   Thumb Code     0  __scatter.o(!!!scatter)
    __scatterload_rt2                        0x080000fd   Thumb Code    44  __scatter.o(!!!scatter)
    __scatterload_rt2_thumb_only             0x080000fd   Thumb Code     0  __scatter.o(!!!scatter)
    __scatterload_null                       0x0800010b   Thumb Code     0  __scatter.o(!!!scatter)
    __scatterload_copy                       0x08000131   Thumb Code    26  __scatter_copy.o(!!handler_copy)
    __scatterload_zeroinit                   0x0800014d   Thumb Code    28  __scatter_zi.o(!!handler_zi)
    _printf_d                                0x08000169   Thumb Code     0  _printf_d.o(.ARM.Collect$$_printf_percent$$00000009)
    _printf_percent                          0x08000169   Thumb Code     0  _printf_percent.o(.ARM.Collect$$_printf_percent$$00000000)
    _printf_percent_end                      0x0800016f   Thumb Code     0  _printf_percent_end.o(.ARM.Collect$$_printf_percent$$00000017)
    __rt_lib_init                            0x08000173   Thumb Code     0  libinit.o(.ARM.Collect$$libinit$$00000000)
    __rt_lib_init_fp_1                       0x08000175   Thumb Code     0  libinit2.o(.ARM.Collect$$libinit$$00000002)
    __rt_lib_init_heap_1                     0x08000175   Thumb Code     0  libinit2.o(.ARM.Collect$$libinit$$00000008)
    __rt_lib_init_lc_common                  0x08000175   Thumb Code     0  libinit2.o(.ARM.Collect$$libinit$$0000000D)
    __rt_lib_init_rand_1                     0x08000175   Thumb Code     0  libinit2.o(.ARM.Collect$$libinit$$0000000C)
    __rt_lib_init_user_alloc_1               0x08000175   Thumb Code     0  libinit2.o(.ARM.Collect$$libinit$$0000000A)
    __rt_lib_init_lc_collate_1               0x0800017b   Thumb Code     0  libinit2.o(.ARM.Collect$$libinit$$0000000F)
    __rt_lib_init_lc_ctype_2                 0x0800017b   Thumb Code     0  libinit2.o(.ARM.Collect$$libinit$$00000010)
    __rt_lib_init_alloca_1                   0x08000187   Thumb Code     0  libinit2.o(.ARM.Collect$$libinit$$0000002C)
    __rt_lib_init_argv_1                     0x08000187   Thumb Code     0  libinit2.o(.ARM.Collect$$libinit$$0000002A)
    __rt_lib_init_atexit_1                   0x08000187   Thumb Code     0  libinit2.o(.ARM.Collect$$libinit$$00000019)
    __rt_lib_init_clock_1                    0x08000187   Thumb Code     0  libinit2.o(.ARM.Collect$$libinit$$0000001F)
    __rt_lib_init_cpp_1                      0x08000187   Thumb Code     0  libinit2.o(.ARM.Collect$$libinit$$00000030)
    __rt_lib_init_exceptions_1               0x08000187   Thumb Code     0  libinit2.o(.ARM.Collect$$libinit$$0000002E)
    __rt_lib_init_fp_trap_1                  0x08000187   Thumb Code     0  libinit2.o(.ARM.Collect$$libinit$$0000001D)
    __rt_lib_init_getenv_1                   0x08000187   Thumb Code     0  libinit2.o(.ARM.Collect$$libinit$$00000021)
    __rt_lib_init_lc_ctype_1                 0x08000187   Thumb Code     0  libinit2.o(.ARM.Collect$$libinit$$00000011)
    __rt_lib_init_lc_monetary_1              0x08000187   Thumb Code     0  libinit2.o(.ARM.Collect$$libinit$$00000013)
    __rt_lib_init_lc_numeric_1               0x08000187   Thumb Code     0  libinit2.o(.ARM.Collect$$libinit$$00000015)
    __rt_lib_init_lc_time_1                  0x08000187   Thumb Code     0  libinit2.o(.ARM.Collect$$libinit$$00000017)
    __rt_lib_init_return                     0x08000187   Thumb Code     0  libinit2.o(.ARM.Collect$$libinit$$00000031)
    __rt_lib_init_signal_1                   0x08000187   Thumb Code     0  libinit2.o(.ARM.Collect$$libinit$$0000001B)
    __rt_lib_init_stdio_1                    0x08000187   Thumb Code     0  libinit2.o(.ARM.Collect$$libinit$$00000023)
    __rt_lib_shutdown                        0x08000189   Thumb Code     0  libshutdown.o(.ARM.Collect$$libshutdown$$00000000)
    __rt_lib_shutdown_fp_trap_1              0x0800018b   Thumb Code     0  libshutdown2.o(.ARM.Collect$$libshutdown$$00000006)
    __rt_lib_shutdown_heap_1                 0x0800018b   Thumb Code     0  libshutdown2.o(.ARM.Collect$$libshutdown$$0000000E)
    __rt_lib_shutdown_return                 0x0800018b   Thumb Code     0  libshutdown2.o(.ARM.Collect$$libshutdown$$0000000F)
    __rt_lib_shutdown_signal_1               0x0800018b   Thumb Code     0  libshutdown2.o(.ARM.Collect$$libshutdown$$00000009)
    __rt_lib_shutdown_stdio_1                0x0800018b   Thumb Code     0  libshutdown2.o(.ARM.Collect$$libshutdown$$00000003)
    __rt_lib_shutdown_user_alloc_1           0x0800018b   Thumb Code     0  libshutdown2.o(.ARM.Collect$$libshutdown$$0000000B)
    __rt_entry                               0x0800018d   Thumb Code     0  rtentry.o(.ARM.Collect$$rtentry$$00000000)
    __rt_entry_presh_1                       0x0800018d   Thumb Code     0  rtentry2.o(.ARM.Collect$$rtentry$$00000002)
    __rt_entry_sh                            0x0800018d   Thumb Code     0  rtentry5.o(.ARM.Collect$$rtentry$$00000005)
    __rt_entry_li                            0x08000191   Thumb Code     0  rtentry2.o(.ARM.Collect$$rtentry$$0000000A)
    __rt_entry_postsh_1                      0x08000191   Thumb Code     0  rtentry2.o(.ARM.Collect$$rtentry$$00000009)
    __rt_entry_main                          0x08000195   Thumb Code     0  rtentry2.o(.ARM.Collect$$rtentry$$0000000D)
    __rt_entry_postli_1                      0x08000195   Thumb Code     0  rtentry2.o(.ARM.Collect$$rtentry$$0000000C)
    __rt_exit                                0x080001a1   Thumb Code     0  rtexit.o(.ARM.Collect$$rtexit$$00000000)
    __rt_exit_ls                             0x080001a3   Thumb Code     0  rtexit2.o(.ARM.Collect$$rtexit$$00000003)
    __rt_exit_prels_1                        0x080001a3   Thumb Code     0  rtexit2.o(.ARM.Collect$$rtexit$$00000002)
    __rt_exit_exit                           0x080001a7   Thumb Code     0  rtexit2.o(.ARM.Collect$$rtexit$$00000004)
    main                                     0x08000239   Thumb Code   130  main.o(.text)
    setSpeed                                 0x08000323   Thumb Code    38  motor.o(.text)
    initMotor                                0x08000349   Thumb Code   240  motor.o(.text)
    initXBee                                 0x0800044d   Thumb Code    40  xbee.o(.text)
    sendData                                 0x08000475   Thumb Code    74  xbee.o(.text)
    rcvData                                  0x080004bf   Thumb Code   264  xbee.o(.text)
    __early_init                             0x0800062d   Thumb Code     4  board.o(.text)
    boardInit                                0x08000631   Thumb Code     2  board.o(.text)
    _scheduler_init                          0x08000635   Thumb Code    16  chschd.o(.text)
    chSchReadyI                              0x08000645   Thumb Code    30  chschd.o(.text)
    chSchGoSleepS                            0x08000663   Thumb Code    36  chschd.o(.text)
    chSchGoSleepTimeoutS                     0x080006e7   Thumb Code   100  chschd.o(.text)
    chSchWakeupS                             0x0800074b   Thumb Code    94  chschd.o(.text)
    chSchDoRescheduleAhead                   0x080007a9   Thumb Code    62  chschd.o(.text)
    chSchRescheduleS                         0x080007e7   Thumb Code    74  chschd.o(.text)
    chSchDoRescheduleBehind                  0x08000831   Thumb Code    66  chschd.o(.text)
    chSchDoReschedule                        0x08000873   Thumb Code   130  chschd.o(.text)
    chSemInit                                0x080008fd   Thumb Code     8  chsem.o(.text)
    chSemResetI                              0x08000905   Thumb Code    42  chsem.o(.text)
    chSemReset                               0x0800092f   Thumb Code    58  chsem.o(.text)
    chSemWaitS                               0x08000969   Thumb Code    46  chsem.o(.text)
    chSemWait                                0x08000997   Thumb Code    58  chsem.o(.text)
    chSemWaitTimeoutS                        0x080009d1   Thumb Code    50  chsem.o(.text)
    chSemWaitTimeout                         0x08000a03   Thumb Code    66  chsem.o(.text)
    chSemSignal                              0x08000a45   Thumb Code    44  chsem.o(.text)
    chSemSignalI                             0x08000a71   Thumb Code    32  chsem.o(.text)
    chSemAddCounterI                         0x08000a91   Thumb Code    46  chsem.o(.text)
    chSemSignalWait                          0x08000abf   Thumb Code    88  chsem.o(.text)
    _idle_thread                             0x08000b1d   Thumb Code    10  chsys.o(.text)
    chSysInit                                0x08000b27   Thumb Code    68  chsys.o(.text)
    chSysTimerHandlerI                       0x08000b6b   Thumb Code    88  chsys.o(.text)
    _thread_init                             0x08000be1   Thumb Code    56  chthreads.o(.text)
    chThdCreateI                             0x08000c19   Thumb Code    80  chthreads.o(.text)
    chThdCreateStatic                        0x08000c69   Thumb Code   102  chthreads.o(.text)
    chThdSetPriority                         0x08000ccf   Thumb Code    44  chthreads.o(.text)
    chThdResume                              0x08000cfb   Thumb Code    26  chthreads.o(.text)
    chThdTerminate                           0x08000d15   Thumb Code    22  chthreads.o(.text)
    chThdSleep                               0x08000d2b   Thumb Code    24  chthreads.o(.text)
    chThdSleepUntil                          0x08000d43   Thumb Code    30  chthreads.o(.text)
    chThdYield                               0x08000d61   Thumb Code    34  chthreads.o(.text)
    chThdExitS                               0x08000d83   Thumb Code    64  chthreads.o(.text)
    chThdExit                                0x08000dc3   Thumb Code    70  chthreads.o(.text)
    chThdWait                                0x08000e09   Thumb Code    50  chthreads.o(.text)
    _vt_init                                 0x08000e49   Thumb Code    18  chvt.o(.text)
    chVTSetI                                 0x08000e5b   Thumb Code    56  chvt.o(.text)
    chVTResetI                               0x08000e93   Thumb Code    34  chvt.o(.text)
    chThdAddRef                              0x08000eb9   Thumb Code    20  chdynamic.o(.text)
    chThdRelease                             0x08000ecd   Thumb Code    86  chdynamic.o(.text)
    chThdCreateFromHeap                      0x08000f23   Thumb Code    62  chdynamic.o(.text)
    chThdCreateFromMemoryPool                0x08000f61   Thumb Code    64  chdynamic.o(.text)
    chEvtRegisterMask                        0x08000fa1   Thumb Code    30  chevents.o(.text)
    chEvtUnregister                          0x08000fbf   Thumb Code    42  chevents.o(.text)
    chEvtGetAndClearEvents                   0x08000fe9   Thumb Code    32  chevents.o(.text)
    chEvtAddEvents                           0x08001009   Thumb Code    24  chevents.o(.text)
    chEvtSignalI                             0x08001021   Thumb Code    50  chevents.o(.text)
    chEvtBroadcastFlagsI                     0x08001053   Thumb Code    78  chevents.o(.text)
    chEvtGetAndClearFlags                    0x080010a1   Thumb Code    20  chevents.o(.text)
    chEvtSignal                              0x080010b5   Thumb Code    60  chevents.o(.text)
    chEvtBroadcastFlags                      0x080010f1   Thumb Code    90  chevents.o(.text)
    chEvtGetAndClearFlagsI                   0x0800114b   Thumb Code    10  chevents.o(.text)
    chEvtDispatch                            0x08001155   Thumb Code    48  chevents.o(.text)
    chEvtWaitOne                             0x08001185   Thumb Code    50  chevents.o(.text)
    chEvtWaitAny                             0x080011b7   Thumb Code    46  chevents.o(.text)
    chEvtWaitAll                             0x080011e5   Thumb Code    46  chevents.o(.text)
    chEvtWaitOneTimeout                      0x08001213   Thumb Code    68  chevents.o(.text)
    chEvtWaitAnyTimeout                      0x08001257   Thumb Code    64  chevents.o(.text)
    chEvtWaitAllTimeout                      0x08001297   Thumb Code    62  chevents.o(.text)
    _heap_init                               0x080012d9   Thumb Code    18  chheap.o(.text)
    chHeapInit                               0x080012eb   Thumb Code    20  chheap.o(.text)
    chHeapAlloc                              0x080012ff   Thumb Code   128  chheap.o(.text)
    chHeapFree                               0x0800137f   Thumb Code   106  chheap.o(.text)
    chHeapStatus                             0x080013e9   Thumb Code    54  chheap.o(.text)
    chMBInit                                 0x08001429   Thumb Code    40  chmboxes.o(.text)
    chMBReset                                0x08001451   Thumb Code    52  chmboxes.o(.text)
    chMBPostS                                0x08001485   Thumb Code    54  chmboxes.o(.text)
    chMBPost                                 0x080014bb   Thumb Code    66  chmboxes.o(.text)
    chMBPostI                                0x080014fd   Thumb Code    48  chmboxes.o(.text)
    chMBPostAheadS                           0x0800152d   Thumb Code    54  chmboxes.o(.text)
    chMBPostAhead                            0x08001563   Thumb Code    66  chmboxes.o(.text)
    chMBPostAheadI                           0x080015a5   Thumb Code    48  chmboxes.o(.text)
    chMBFetchS                               0x080015d5   Thumb Code    56  chmboxes.o(.text)
    chMBFetch                                0x0800160d   Thumb Code    68  chmboxes.o(.text)
    chMBFetchI                               0x08001651   Thumb Code    50  chmboxes.o(.text)
    _core_init                               0x08001685   Thumb Code    20  chmemcore.o(.text)
    chCoreAllocI                             0x08001699   Thumb Code    26  chmemcore.o(.text)
    chCoreAlloc                              0x080016b3   Thumb Code    40  chmemcore.o(.text)
    chCoreStatus                             0x080016db   Thumb Code    10  chmemcore.o(.text)
    chPoolInit                               0x080016f1   Thumb Code    10  chmempools.o(.text)
    chPoolFreeI                              0x080016fb   Thumb Code     8  chmempools.o(.text)
    chPoolFree                               0x08001703   Thumb Code    20  chmempools.o(.text)
    chPoolLoadArray                          0x08001717   Thumb Code    40  chmempools.o(.text)
    chPoolAllocI                             0x0800173f   Thumb Code    28  chmempools.o(.text)
    chPoolAlloc                              0x0800175b   Thumb Code    40  chmempools.o(.text)
    chMtxInit                                0x08001785   Thumb Code    10  chmtx.o(.text)
    chMtxLockS                               0x0800178f   Thumb Code   210  chmtx.o(.text)
    chMtxLock                                0x08001861   Thumb Code    20  chmtx.o(.text)
    chMtxTryLockS                            0x08001875   Thumb Code    30  chmtx.o(.text)
    chMtxTryLock                             0x08001893   Thumb Code    42  chmtx.o(.text)
    chMtxUnlock                              0x080018bd   Thumb Code    86  chmtx.o(.text)
    chMtxUnlockS                             0x08001913   Thumb Code    74  chmtx.o(.text)
    chMtxUnlockAll                           0x0800195d   Thumb Code    72  chmtx.o(.text)
    chIQInit                                 0x080019a9   Thumb Code    32  chqueues.o(.text)
    chIQResetI                               0x080019c9   Thumb Code    46  chqueues.o(.text)
    chIQPutI                                 0x080019f7   Thumb Code    70  chqueues.o(.text)
    chIQGetTimeout                           0x08001a3d   Thumb Code   108  chqueues.o(.text)
    chIQReadTimeout                          0x08001aa9   Thumb Code   148  chqueues.o(.text)
    chOQInit                                 0x08001b3d   Thumb Code    26  chqueues.o(.text)
    chOQResetI                               0x08001b57   Thumb Code    48  chqueues.o(.text)
    chOQPutTimeout                           0x08001b87   Thumb Code   124  chqueues.o(.text)
    chOQGetI                                 0x08001c03   Thumb Code    68  chqueues.o(.text)
    chOQWriteTimeout                         0x08001c47   Thumb Code   146  chqueues.o(.text)
    halInit                                  0x08001cdd   Thumb Code    36  hal.o(.text)
    halIsCounterWithin                       0x08001d01   Thumb Code    34  hal.o(.text)
    halPolledDelay                           0x08001d23   Thumb Code    32  hal.o(.text)
    pwmInit                                  0x08001d4d   Thumb Code     4  pwm.o(.text)
    pwmObjectInit                            0x08001d51   Thumb Code    10  pwm.o(.text)
    pwmStart                                 0x08001d5b   Thumb Code    34  pwm.o(.text)
    pwmStop                                  0x08001d7d   Thumb Code    28  pwm.o(.text)
    pwmChangePeriod                          0x08001d99   Thumb Code    24  pwm.o(.text)
    pwmEnableChannel                         0x08001db1   Thumb Code    20  pwm.o(.text)
    pwmDisableChannel                        0x08001dc5   Thumb Code    20  pwm.o(.text)
    i2cInit                                  0x08001dd9   Thumb Code     4  i2c.o(.text)
    i2cObjectInit                            0x08001ddd   Thumb Code    14  i2c.o(.text)
    i2cStart                                 0x08001deb   Thumb Code    30  i2c.o(.text)
    i2cStop                                  0x08001e09   Thumb Code    28  i2c.o(.text)
    i2cGetErrors                             0x08001e25   Thumb Code     4  i2c.o(.text)
    i2cMasterTransmitTimeout                 0x08001e29   Thumb Code    60  i2c.o(.text)
    i2cMasterReceiveTimeout                  0x08001e65   Thumb Code    50  i2c.o(.text)
    i2cAcquireBus                            0x08001e97   Thumb Code     6  i2c.o(.text)
    i2cReleaseBus                            0x08001e9d   Thumb Code     4  i2c.o(.text)
    sdInit                                   0x08001ee1   Thumb Code     4  serial.o(.text)
    sdObjectInit                             0x08001ee5   Thumb Code    56  serial.o(.text)
    sdStart                                  0x08001f1d   Thumb Code    28  serial.o(.text)
    sdStop                                   0x08001f39   Thumb Code    48  serial.o(.text)
    sdIncomingDataI                          0x08001f69   Thumb Code    46  serial.o(.text)
    sdRequestDataI                           0x08001f97   Thumb Code    26  serial.o(.text)
    icuInit                                  0x08001fb5   Thumb Code     4  icu.o(.text)
    icuObjectInit                            0x08001fb9   Thumb Code    10  icu.o(.text)
    icuStart                                 0x08001fc3   Thumb Code    30  icu.o(.text)
    icuStop                                  0x08001fe1   Thumb Code    28  icu.o(.text)
    icuEnable                                0x08001ffd   Thumb Code    28  icu.o(.text)
    icuDisable                               0x08002019   Thumb Code    28  icu.o(.text)
    _pal_lld_init                            0x08002035   Thumb Code   230  pal_lld.o(.text)
    _pal_lld_setgroupmode                    0x0800211b   Thumb Code   172  pal_lld.o(.text)
    hal_lld_init                             0x080021e9   Thumb Code   166  hal_lld.o(.text)
    stm32_clock_init                         0x0800228f   Thumb Code   252  hal_lld.o(.text)
    Vector6C                                 0x080023b9   Thumb Code    32  stm32_dma.o(.text)
    Vector70                                 0x080023d9   Thumb Code    34  stm32_dma.o(.text)
    Vector74                                 0x080023fb   Thumb Code    34  stm32_dma.o(.text)
    Vector78                                 0x0800241d   Thumb Code    34  stm32_dma.o(.text)
    Vector7C                                 0x0800243f   Thumb Code    34  stm32_dma.o(.text)
    Vector80                                 0x08002461   Thumb Code    34  stm32_dma.o(.text)
    Vector84                                 0x08002483   Thumb Code    34  stm32_dma.o(.text)
    dmaInit                                  0x080024a5   Thumb Code    44  stm32_dma.o(.text)
    dmaStreamAllocate                        0x080024d1   Thumb Code   134  stm32_dma.o(.text)
    dmaStreamRelease                         0x08002557   Thumb Code    48  stm32_dma.o(.text)
    VectorB0                                 0x0800259d   Thumb Code    98  pwm_lld.o(.text)
    pwm_lld_init                             0x080025ff   Thumb Code    18  pwm_lld.o(.text)
    pwm_lld_start                            0x08002611   Thumb Code   284  pwm_lld.o(.text)
    pwm_lld_stop                             0x0800272d   Thumb Code    50  pwm_lld.o(.text)
    pwm_lld_enable_channel                   0x0800275f   Thumb Code    60  pwm_lld.o(.text)
    pwm_lld_disable_channel                  0x0800279b   Thumb Code    34  pwm_lld.o(.text)
    VectorBC                                 0x080028c7   Thumb Code   244  i2c_lld.o(.text)
    VectorC0                                 0x080029bb   Thumb Code   230  i2c_lld.o(.text)
    i2c_lld_init                             0x08002aa1   Thumb Code    28  i2c_lld.o(.text)
    i2c_lld_start                            0x08002abd   Thumb Code   312  i2c_lld.o(.text)
    i2c_lld_stop                             0x08002bf5   Thumb Code   120  i2c_lld.o(.text)
    i2c_lld_master_receive_timeout           0x08002c6d   Thumb Code   230  i2c_lld.o(.text)
    i2c_lld_master_transmit_timeout          0x08002d53   Thumb Code   216  i2c_lld.o(.text)
    VectorD8                                 0x08002e41   Thumb Code   230  serial_lld.o(.text)
    sd_lld_init                              0x08002f27   Thumb Code    20  serial_lld.o(.text)
    sd_lld_start                             0x08002f3b   Thumb Code    90  serial_lld.o(.text)
    sd_lld_stop                              0x08002f95   Thumb Code    42  serial_lld.o(.text)
    VectorB4                                 0x08002fe1   Thumb Code   144  icu_lld.o(.text)
    icu_lld_init                             0x08003071   Thumb Code    16  icu_lld.o(.text)
    icu_lld_start                            0x08003081   Thumb Code   208  icu_lld.o(.text)
    icu_lld_stop                             0x08003151   Thumb Code    50  icu_lld.o(.text)
    icu_lld_enable                           0x08003183   Thumb Code   100  icu_lld.o(.text)
    icu_lld_disable                          0x080031e7   Thumb Code    22  icu_lld.o(.text)
    port_halt                                0x08003211   Thumb Code     4  chcore.o(.text)
    _port_irq_epilogue                       0x08003215   Thumb Code    74  chcore_v7m.o(.text)
    SysTickVector                            0x0800325f   Thumb Code    88  chcore_v7m.o(.text)
    SVCallVector                             0x080032b7   Thumb Code    18  chcore_v7m.o(.text)
    _port_init                               0x080032c9   Thumb Code    44  chcore_v7m.o(.text)
    nvicEnableVector                         0x0800330d   Thumb Code    64  nvic.o(.text)
    nvicDisableVector                        0x0800334d   Thumb Code    52  nvic.o(.text)
    nvicSetSystemHandlerPriority             0x08003381   Thumb Code    34  nvic.o(.text)
    _port_switch                             0x080033ad   Thumb Code    16  chcoreasm_v7m.o(.text)
    _port_thread_start                       0x080033bd   Thumb Code    14  chcoreasm_v7m.o(.text)
    _port_switch_from_isr                    0x080033cb   Thumb Code     6  chcoreasm_v7m.o(.text)
    _port_exit_from_isr                      0x080033cf   Thumb Code     0  chcoreasm_v7m.o(.text)
    Reset_Handler                            0x080033d1   Thumb Code    26  cstartup.o(.text)
    __user_initial_stackheap                 0x080033ed   Thumb Code     0  cstartup.o(.text)
    BusFaultVector                           0x08003411   Thumb Code     0  vectors.o(.text)
    DebugMonitorVector                       0x08003411   Thumb Code     0  vectors.o(.text)
    HardFaultVector                          0x08003411   Thumb Code     0  vectors.o(.text)
    MemManageVector                          0x08003411   Thumb Code     0  vectors.o(.text)
    NMIVector                                0x08003411   Thumb Code     0  vectors.o(.text)
    PendSVVector                             0x08003411   Thumb Code     0  vectors.o(.text)
    UsageFaultVector                         0x08003411   Thumb Code     0  vectors.o(.text)
    Vector1C                                 0x08003411   Thumb Code     0  vectors.o(.text)
    Vector20                                 0x08003411   Thumb Code     0  vectors.o(.text)
    Vector24                                 0x08003411   Thumb Code     0  vectors.o(.text)
    Vector28                                 0x08003411   Thumb Code     0  vectors.o(.text)
    Vector34                                 0x08003411   Thumb Code     0  vectors.o(.text)
    Vector40                                 0x08003411   Thumb Code     0  vectors.o(.text)
    Vector44                                 0x08003411   Thumb Code     0  vectors.o(.text)
    Vector48                                 0x08003411   Thumb Code     0  vectors.o(.text)
    Vector4C                                 0x08003411   Thumb Code     0  vectors.o(.text)
    Vector50                                 0x08003411   Thumb Code     0  vectors.o(.text)
    Vector54                                 0x08003411   Thumb Code     0  vectors.o(.text)
    Vector58                                 0x08003411   Thumb Code     0  vectors.o(.text)
    Vector5C                                 0x08003411   Thumb Code     0  vectors.o(.text)
    Vector60                                 0x08003411   Thumb Code     0  vectors.o(.text)
    Vector64                                 0x08003411   Thumb Code     0  vectors.o(.text)
    Vector68                                 0x08003411   Thumb Code     0  vectors.o(.text)
    Vector88                                 0x08003411   Thumb Code     0  vectors.o(.text)
    Vector8C                                 0x08003411   Thumb Code     0  vectors.o(.text)
    Vector90                                 0x08003411   Thumb Code     0  vectors.o(.text)
    Vector94                                 0x08003411   Thumb Code     0  vectors.o(.text)
    Vector98                                 0x08003411   Thumb Code     0  vectors.o(.text)
    Vector9C                                 0x08003411   Thumb Code     0  vectors.o(.text)
    VectorA0                                 0x08003411   Thumb Code     0  vectors.o(.text)
    VectorA4                                 0x08003411   Thumb Code     0  vectors.o(.text)
    VectorA8                                 0x08003411   Thumb Code     0  vectors.o(.text)
    VectorAC                                 0x08003411   Thumb Code     0  vectors.o(.text)
    VectorB8                                 0x08003411   Thumb Code     0  vectors.o(.text)
    VectorC4                                 0x08003411   Thumb Code     0  vectors.o(.text)
    VectorC8                                 0x08003411   Thumb Code     0  vectors.o(.text)
    VectorCC                                 0x08003411   Thumb Code     0  vectors.o(.text)
    VectorD0                                 0x08003411   Thumb Code     0  vectors.o(.text)
    VectorD4                                 0x08003411   Thumb Code     0  vectors.o(.text)
    VectorDC                                 0x08003411   Thumb Code     0  vectors.o(.text)
    VectorE0                                 0x08003411   Thumb Code     0  vectors.o(.text)
    VectorE4                                 0x08003411   Thumb Code     0  vectors.o(.text)
    VectorE8                                 0x08003411   Thumb Code     0  vectors.o(.text)
    VectorEC                                 0x08003411   Thumb Code     0  vectors.o(.text)
    VectorF0                                 0x08003411   Thumb Code     0  vectors.o(.text)
    _unhandled_exception                     0x08003411   Thumb Code     2  vectors.o(.text)
    __2sprintf                               0x08003415   Thumb Code    34  noretval__2sprintf.o(.text)
    _printf_pre_padding                      0x0800343d   Thumb Code    46  _printf_pad.o(.text)
    _printf_post_padding                     0x0800346b   Thumb Code    36  _printf_pad.o(.text)
    _printf_int_dec                          0x08003491   Thumb Code   102  _printf_dec.o(.text)
    __printf                                 0x08003509   Thumb Code   310  __printf_flags_wp.o(.text)
    __0sscanf                                0x08003645   Thumb Code    52  __0sscanf.o(.text)
    _scanf_int                               0x08003681   Thumb Code   336  _scanf_int.o(.text)
    strlen                                   0x080037d1   Thumb Code    62  strlen.o(.text)
    __use_two_region_memory                  0x0800380f   Thumb Code     2  heapauxi.o(.text)
    __rt_heap_escrow$2region                 0x08003811   Thumb Code     2  heapauxi.o(.text)
    __rt_heap_expand$2region                 0x08003813   Thumb Code     2  heapauxi.o(.text)
    _printf_int_common                       0x08003815   Thumb Code   184  _printf_intcommon.o(.text)
    _printf_char_common                      0x080038d7   Thumb Code    32  _printf_char_common.o(.text)
    _sputc                                   0x080038fd   Thumb Code    10  _sputc.o(.text)
    _chval                                   0x08003907   Thumb Code    28  _chval.o(.text)
    __vfscanf_char                           0x08003931   Thumb Code    24  scanf_char.o(.text)
    _sgetc                                   0x08003951   Thumb Code    30  _sgetc.o(.text)
    _sbackspace                              0x0800396f   Thumb Code    34  _sgetc.o(.text)
    isspace                                  0x08003991   Thumb Code    18  isspace.o(.text)
    __vfscanf                                0x080039a5   Thumb Code   876  _scanf.o(.text)
    __rt_ctype_table                         0x08003d15   Thumb Code    16  rt_ctype_table.o(.text)
    exit                                     0x08003d25   Thumb Code    12  exit.o(.text)
    __rt_locale                              0x08003d31   Thumb Code     8  rt_locale_intlibspace.o(.text)
    strcmp                                   0x08003d39   Thumb Code   128  strcmpv7m.o(.text)
    _sys_exit                                0x08003db9   Thumb Code     8  sys_exit.o(.text)
    __I$use$semihosting                      0x08003dc5   Thumb Code     0  use_no_semi.o(.text)
    __use_no_semihosting_swi                 0x08003dc5   Thumb Code     2  use_no_semi.o(.text)
    __semihosting_library_function           0x08003dc7   Thumb Code     0  indicate_semi.o(.text)
    _is_digit                                0x08003dc7   Thumb Code    14  __printf_wp.o(i._is_digit)
    _get_lc_ctype                            0x08003dd5   Thumb Code    44  lc_ctype_c.o(locale$$code)
    pal_default_config                       0x08003e0c   Data         168  board.o(.constdata)
    ch_debug                                 0x08003eb4   Data          22  chregistry.o(.constdata)
    _stm32_dma_streams                       0x08003eec   Data          84  stm32_dma.o(.constdata)
    Region$$Table$$Base                      0x08003f60   Number         0  anon$$obj.o(Region$$Table)
    Region$$Table$$Limit                     0x08003f80   Number         0  anon$$obj.o(Region$$Table)
    __ctype                                  0x08003f8d   Data           0  lc_ctype_c.o(locale$$data)
    uartCfg                                  0x20000034   Data          12  xbee.o(.data)
    rlist                                    0x20000588   Data          28  chschd.o(.bss)
    _idle_thread_wa                          0x200005f0   Data         192  chsys.o(.bss)
    vtlist                                   0x200006b0   Data          16  chvt.o(.bss)
    PWMD2                                    0x20000718   Data          20  pwm_lld.o(.bss)
    I2CD1                                    0x2000072c   Data          56  i2c_lld.o(.bss)
    SD2                                      0x20000764   Data         120  serial_lld.o(.bss)
    ICUD3                                    0x200007dc   Data          24  icu_lld.o(.bss)
    __libspace_start                         0x200007f4   Data          96  libspace.o(.bss)
    __temporary_stack_top$libspace           0x20000854   Data           0  libspace.o(.bss)
    __main_thread_stack_base__               0x20000858   Data           0  cstartup.o(CSTACK)
    __initial_sp                             0x20000c58   Data           0  cstartup.o(CSTACK)
    Image$$RW_IRAM1$$ZI$$Limit               0x20001458   Number         0  cstartup.o(MSTACK)
    __initial_msp                            0x20001458   Data           0  cstartup.o(MSTACK)
    Image$$RW_IRAM2$$Base                    0x20020000   Number         0  anon$$obj.o(linker$$defined$$symbols)



==============================================================================

Memory Map of the image

  Image Entry point : 0x080000f5

  Load Region LR_IROM1 (Base: 0x08000000, Size: 0x000040dc, Max: 0x00020000, ABSOLUTE)

    Execution Region ER_IROM1 (Base: 0x08000000, Size: 0x00004090, Max: 0x00020000, ABSOLUTE)

    Base Addr    Size         Type   Attr      Idx    E Section Name        Object

    0x08000000   0x000000f4   Data   RO         1067    RESET               vectors.o
    0x080000f4   0x00000008   Code   RO         1114  * !!!main             c_w.l(__main.o)
    0x080000fc   0x00000034   Code   RO         1384    !!!scatter          c_w.l(__scatter.o)
    0x08000130   0x0000001a   Code   RO         1386    !!handler_copy      c_w.l(__scatter_copy.o)
    0x0800014a   0x00000002   PAD
    0x0800014c   0x0000001c   Code   RO         1388    !!handler_zi        c_w.l(__scatter_zi.o)
    0x08000168   0x00000000   Code   RO         1105    .ARM.Collect$$_printf_percent$$00000000  c_w.l(_printf_percent.o)
    0x08000168   0x00000006   Code   RO         1104    .ARM.Collect$$_printf_percent$$00000009  c_w.l(_printf_d.o)
    0x0800016e   0x00000004   Code   RO         1161    .ARM.Collect$$_printf_percent$$00000017  c_w.l(_printf_percent_end.o)
    0x08000172   0x00000002   Code   RO         1243    .ARM.Collect$$libinit$$00000000  c_w.l(libinit.o)
    0x08000174   0x00000000   Code   RO         1259    .ARM.Collect$$libinit$$00000002  c_w.l(libinit2.o)
    0x08000174   0x00000000   Code   RO         1262    .ARM.Collect$$libinit$$00000008  c_w.l(libinit2.o)
    0x08000174   0x00000000   Code   RO         1264    .ARM.Collect$$libinit$$0000000A  c_w.l(libinit2.o)
    0x08000174   0x00000000   Code   RO         1266    .ARM.Collect$$libinit$$0000000C  c_w.l(libinit2.o)
    0x08000174   0x00000006   Code   RO         1267    .ARM.Collect$$libinit$$0000000D  c_w.l(libinit2.o)
    0x0800017a   0x00000000   Code   RO         1269    .ARM.Collect$$libinit$$0000000F  c_w.l(libinit2.o)
    0x0800017a   0x0000000c   Code   RO         1270    .ARM.Collect$$libinit$$00000010  c_w.l(libinit2.o)
    0x08000186   0x00000000   Code   RO         1271    .ARM.Collect$$libinit$$00000011  c_w.l(libinit2.o)
    0x08000186   0x00000000   Code   RO         1273    .ARM.Collect$$libinit$$00000013  c_w.l(libinit2.o)
    0x08000186   0x00000000   Code   RO         1275    .ARM.Collect$$libinit$$00000015  c_w.l(libinit2.o)
    0x08000186   0x00000000   Code   RO         1277    .ARM.Collect$$libinit$$00000017  c_w.l(libinit2.o)
    0x08000186   0x00000000   Code   RO         1279    .ARM.Collect$$libinit$$00000019  c_w.l(libinit2.o)
    0x08000186   0x00000000   Code   RO         1281    .ARM.Collect$$libinit$$0000001B  c_w.l(libinit2.o)
    0x08000186   0x00000000   Code   RO         1283    .ARM.Collect$$libinit$$0000001D  c_w.l(libinit2.o)
    0x08000186   0x00000000   Code   RO         1285    .ARM.Collect$$libinit$$0000001F  c_w.l(libinit2.o)
    0x08000186   0x00000000   Code   RO         1287    .ARM.Collect$$libinit$$00000021  c_w.l(libinit2.o)
    0x08000186   0x00000000   Code   RO         1289    .ARM.Collect$$libinit$$00000023  c_w.l(libinit2.o)
    0x08000186   0x00000000   Code   RO         1293    .ARM.Collect$$libinit$$0000002A  c_w.l(libinit2.o)
    0x08000186   0x00000000   Code   RO         1295    .ARM.Collect$$libinit$$0000002C  c_w.l(libinit2.o)
    0x08000186   0x00000000   Code   RO         1297    .ARM.Collect$$libinit$$0000002E  c_w.l(libinit2.o)
    0x08000186   0x00000000   Code   RO         1299    .ARM.Collect$$libinit$$00000030  c_w.l(libinit2.o)
    0x08000186   0x00000002   Code   RO         1300    .ARM.Collect$$libinit$$00000031  c_w.l(libinit2.o)
    0x08000188   0x00000002   Code   RO         1324    .ARM.Collect$$libshutdown$$00000000  c_w.l(libshutdown.o)
    0x0800018a   0x00000000   Code   RO         1338    .ARM.Collect$$libshutdown$$00000003  c_w.l(libshutdown2.o)
    0x0800018a   0x00000000   Code   RO         1341    .ARM.Collect$$libshutdown$$00000006  c_w.l(libshutdown2.o)
    0x0800018a   0x00000000   Code   RO         1344    .ARM.Collect$$libshutdown$$00000009  c_w.l(libshutdown2.o)
    0x0800018a   0x00000000   Code   RO         1346    .ARM.Collect$$libshutdown$$0000000B  c_w.l(libshutdown2.o)
    0x0800018a   0x00000000   Code   RO         1349    .ARM.Collect$$libshutdown$$0000000E  c_w.l(libshutdown2.o)
    0x0800018a   0x00000002   Code   RO         1350    .ARM.Collect$$libshutdown$$0000000F  c_w.l(libshutdown2.o)
    0x0800018c   0x00000000   Code   RO         1152    .ARM.Collect$$rtentry$$00000000  c_w.l(rtentry.o)
    0x0800018c   0x00000000   Code   RO         1193    .ARM.Collect$$rtentry$$00000002  c_w.l(rtentry2.o)
    0x0800018c   0x00000004   Code   RO         1207    .ARM.Collect$$rtentry$$00000005  c_w.l(rtentry5.o)
    0x08000190   0x00000000   Code   RO         1195    .ARM.Collect$$rtentry$$00000009  c_w.l(rtentry2.o)
    0x08000190   0x00000004   Code   RO         1196    .ARM.Collect$$rtentry$$0000000A  c_w.l(rtentry2.o)
    0x08000194   0x00000000   Code   RO         1198    .ARM.Collect$$rtentry$$0000000C  c_w.l(rtentry2.o)
    0x08000194   0x00000008   Code   RO         1199    .ARM.Collect$$rtentry$$0000000D  c_w.l(rtentry2.o)
    0x0800019c   0x00000004   Code   RO         1208    .ARM.Collect$$rtentry$$00002716  c_w.l(rtentry5.o)
    0x080001a0   0x00000002   Code   RO         1248    .ARM.Collect$$rtexit$$00000000  c_w.l(rtexit.o)
    0x080001a2   0x00000000   Code   RO         1304    .ARM.Collect$$rtexit$$00000002  c_w.l(rtexit2.o)
    0x080001a2   0x00000004   Code   RO         1305    .ARM.Collect$$rtexit$$00000003  c_w.l(rtexit2.o)
    0x080001a6   0x00000006   Code   RO         1306    .ARM.Collect$$rtexit$$00000004  c_w.l(rtexit2.o)
    0x080001ac   0x00000138   Code   RO            3    .text               main.o
    0x080002e4   0x00000168   Code   RO          284    .text               motor.o
    0x0800044c   0x000001e0   Code   RO          367    .text               xbee.o
    0x0800062c   0x00000006   Code   RO          430    .text               board.o
    0x08000632   0x00000002   PAD
    0x08000634   0x000002c8   Code   RO          463    .text               chschd.o
    0x080008fc   0x00000220   Code   RO          485    .text               chsem.o
    0x08000b1c   0x000000c4   Code   RO          501    .text               chsys.o
    0x08000be0   0x00000268   Code   RO          519    .text               chthreads.o
    0x08000e48   0x00000070   Code   RO          535    .text               chvt.o
    0x08000eb8   0x000000e8   Code   RO          575    .text               chdynamic.o
    0x08000fa0   0x00000338   Code   RO          587    .text               chevents.o
    0x080012d8   0x00000150   Code   RO          600    .text               chheap.o
    0x08001428   0x0000025a   Code   RO          614    .text               chmboxes.o
    0x08001682   0x00000002   PAD
    0x08001684   0x0000006c   Code   RO          627    .text               chmemcore.o
    0x080016f0   0x00000092   Code   RO          642    .text               chmempools.o
    0x08001782   0x00000002   PAD
    0x08001784   0x00000224   Code   RO          667    .text               chmtx.o
    0x080019a8   0x00000334   Code   RO          683    .text               chqueues.o
    0x08001cdc   0x00000070   Code   RO          715    .text               hal.o
    0x08001d4c   0x0000008c   Code   RO          756    .text               pwm.o
    0x08001dd8   0x000000c8   Code   RO          776    .text               i2c.o
    0x08001ea0   0x00000114   Code   RO          796    .text               serial.o
    0x08001fb4   0x00000080   Code   RO          818    .text               icu.o
    0x08002034   0x000001b4   Code   RO          838    .text               pal_lld.o
    0x080021e8   0x000001d0   Code   RO          858    .text               hal_lld.o
    0x080023b8   0x000001e4   Code   RO          878    .text               stm32_dma.o
    0x0800259c   0x00000230   Code   RO          910    .text               pwm_lld.o
    0x080027cc   0x00000668   Code   RO          939    .text               i2c_lld.o
    0x08002e34   0x000001ac   Code   RO          965    .text               serial_lld.o
    0x08002fe0   0x00000230   Code   RO          992    .text               icu_lld.o
    0x08003210   0x00000004   Code   RO         1019    .text               chcore.o
    0x08003214   0x000000f8   Code   RO         1031    .text               chcore_v7m.o
    0x0800330c   0x000000a0   Code   RO         1044    .text               nvic.o
    0x080033ac   0x00000024   Code   RO         1056    .text               chcoreasm_v7m.o
    0x080033d0   0x00000040   Code   RO         1063    .text               cstartup.o
    0x08003410   0x00000002   Code   RO         1068    .text               vectors.o
    0x08003412   0x00000002   PAD
    0x08003414   0x00000028   Code   RO         1076    .text               c_w.l(noretval__2sprintf.o)
    0x0800343c   0x00000052   Code   RO         1080    .text               c_w.l(_printf_pad.o)
    0x0800348e   0x00000002   PAD
    0x08003490   0x00000078   Code   RO         1082    .text               c_w.l(_printf_dec.o)
    0x08003508   0x0000013c   Code   RO         1096    .text               c_w.l(__printf_flags_wp.o)
    0x08003644   0x0000003c   Code   RO         1106    .text               c_w.l(__0sscanf.o)
    0x08003680   0x00000150   Code   RO         1108    .text               c_w.l(_scanf_int.o)
    0x080037d0   0x0000003e   Code   RO         1110    .text               c_w.l(strlen.o)
    0x0800380e   0x00000006   Code   RO         1112    .text               c_w.l(heapauxi.o)
    0x08003814   0x000000b8   Code   RO         1155    .text               c_w.l(_printf_intcommon.o)
    0x080038cc   0x00000030   Code   RO         1157    .text               c_w.l(_printf_char_common.o)
    0x080038fc   0x0000000a   Code   RO         1159    .text               c_w.l(_sputc.o)
    0x08003906   0x0000001c   Code   RO         1162    .text               c_w.l(_chval.o)
    0x08003922   0x00000002   PAD
    0x08003924   0x0000002c   Code   RO         1164    .text               c_w.l(scanf_char.o)
    0x08003950   0x00000040   Code   RO         1166    .text               c_w.l(_sgetc.o)
    0x08003990   0x00000012   Code   RO         1217    .text               c_w.l(isspace.o)
    0x080039a2   0x00000002   PAD
    0x080039a4   0x00000370   Code   RO         1221    .text               c_w.l(_scanf.o)
    0x08003d14   0x00000010   Code   RO         1234    .text               c_w.l(rt_ctype_table.o)
    0x08003d24   0x0000000c   Code   RO         1236    .text               c_w.l(exit.o)
    0x08003d30   0x00000008   Code   RO         1253    .text               c_w.l(rt_locale_intlibspace.o)
    0x08003d38   0x00000080   Code   RO         1310    .text               c_w.l(strcmpv7m.o)
    0x08003db8   0x0000000c   Code   RO         1316    .text               c_w.l(sys_exit.o)
    0x08003dc4   0x00000002   Code   RO         1327    .text               c_w.l(use_no_semi.o)
    0x08003dc6   0x00000000   Code   RO         1329    .text               c_w.l(indicate_semi.o)
    0x08003dc6   0x0000000e   Code   RO         1094    i._is_digit         c_w.l(__printf_wp.o)
    0x08003dd4   0x0000002c   Code   RO         1256    locale$$code        c_w.l(lc_ctype_c.o)
    0x08003e00   0x0000000c   Data   RO            6    .constdata          main.o
    0x08003e0c   0x000000a8   Data   RO          431    .constdata          board.o
    0x08003eb4   0x00000016   Data   RO          696    .constdata          chregistry.o
    0x08003eca   0x00000002   PAD
    0x08003ecc   0x00000020   Data   RO          797    .constdata          serial.o
    0x08003eec   0x00000054   Data   RO          880    .constdata          stm32_dma.o
    0x08003f40   0x0000000c   Data   RO          967    .constdata          serial_lld.o
    0x08003f4c   0x00000011   Data   RO         1097    .constdata          c_w.l(__printf_flags_wp.o)
    0x08003f5d   0x00000003   PAD
    0x08003f60   0x00000020   Data   RO         1381    Region$$Table       anon$$obj.o
    0x08003f80   0x00000110   Data   RO         1255    locale$$data        c_w.l(lc_ctype_c.o)


    Execution Region RW_IRAM1 (Base: 0x20000000, Size: 0x00001458, Max: 0x00004000, ABSOLUTE)

    Base Addr    Size         Type   Attr      Idx    E Section Name        Object

    0x20000000   0x00000034   Data   RW          285    .data               motor.o
    0x20000034   0x0000000c   Data   RW          368    .data               xbee.o
    0x20000040   0x00000008   Data   RW          628    .data               chmemcore.o
    0x20000048   0x00000004   Data   RW          881    .data               stm32_dma.o
    0x2000004c   0x00000004   PAD
    0x20000050   0x00000538   Zero   RW            4    .bss                main.o
    0x20000588   0x0000001c   Zero   RW          464    .bss                chschd.o
    0x200005a4   0x00000004   PAD
    0x200005a8   0x00000108   Zero   RW          502    .bss                chsys.o
    0x200006b0   0x00000010   Zero   RW          536    .bss                chvt.o
    0x200006c0   0x00000020   Zero   RW          601    .bss                chheap.o
    0x200006e0   0x00000038   Zero   RW          879    .bss                stm32_dma.o
    0x20000718   0x00000014   Zero   RW          911    .bss                pwm_lld.o
    0x2000072c   0x00000038   Zero   RW          940    .bss                i2c_lld.o
    0x20000764   0x00000078   Zero   RW          966    .bss                serial_lld.o
    0x200007dc   0x00000018   Zero   RW          993    .bss                icu_lld.o
    0x200007f4   0x00000060   Zero   RW         1230    .bss                c_w.l(libspace.o)
    0x20000854   0x00000004   PAD
    0x20000858   0x00000400   Zero   RW         1061    CSTACK              cstartup.o
    0x20000c58   0x00000400   Zero   RW         1062    HEAP                cstartup.o
    0x20001058   0x00000400   Zero   RW         1060    MSTACK              cstartup.o


    Execution Region RW_IRAM2 (Base: 0x20020000, Size: 0x00000000, Max: 0x00000001, ABSOLUTE)

    Base Addr    Size         Type   Attr      Idx    E Section Name        Object

    0x20020000   0x00000000   Data   RO         1383    linker$$defined$$symbols  anon$$obj.o


==============================================================================

Image component sizes


      Code (inc. data)   RO Data    RW Data    ZI Data      Debug   Object Name

         6          0        168          0          0       4046   board.o
         4          0          0          0          0        420   chcore.o
       248         24          0          0          0       1665   chcore_v7m.o
        36          0          0          0          0        476   chcoreasm_v7m.o
       232          0          0          0          0       1777   chdynamic.o
       824          4          0          0          0       5196   chevents.o
       336         10          0          0         32       2084   chheap.o
       602          0          0          0          0       3476   chmboxes.o
       108         12          0          8          0       1734   chmemcore.o
       146          0          0          0          0       2091   chmempools.o
       548          4          0          0          0       3898   chmtx.o
       820          4          0          0          0       4263   chqueues.o
         0          0         22          0          0       1595   chregistry.o
       712          8          0          0         28       5718   chschd.o
       544          6          0          0          0       4471   chsem.o
       196         30          0          0        264       1478   chsys.o
       616         14          0          0          0       4433   chthreads.o
       112          4          0          0         16       2588   chvt.o
        64         26          0          0       3072        412   cstartup.o
       112         10          0          0          0       1290   hal.o
       464         46          0          0          0       1156   hal_lld.o
       200          0          0          0          0       2307   i2c.o
      1640         58          0          0         56       7895   i2c_lld.o
       128          0          0          0          0       1298   icu.o
       560         20          0          0         24       4446   icu_lld.o
       312         42         12          0       1336     227414   main.o
       360         20          0         52          0       1695   motor.o
       160         10          0          0          0        866   nvic.o
       436         34          0          0          0       1890   pal_lld.o
       140          0          0          0          0       1596   pwm.o
       560         16          0          0         20       4790   pwm_lld.o
       276          4         32          0          0       2812   serial.o
       428         34         12          0        120       3554   serial_lld.o
       484         22         84          4         56       6409   stm32_dma.o
         2          0        244          0          0        384   vectors.o
       480        102          0         12          0       7523   xbee.o

    ----------------------------------------------------------------------
     12904        564        608         76       5032     329146   Object Totals
         0          0         32          0          0          0   (incl. Generated)
         8          0          2          0          8          0   (incl. Padding)

    ----------------------------------------------------------------------

      Code (inc. data)   RO Data    RW Data    ZI Data      Debug   Library Member Name

        60          8          0          0          0         84   __0sscanf.o
         8          0          0          0          0         68   __main.o
       316          6         17          0          0         92   __printf_flags_wp.o
        14          0          0          0          0         68   __printf_wp.o
        52          8          0          0          0          0   __scatter.o
        26          0          0          0          0          0   __scatter_copy.o
        28          0          0          0          0          0   __scatter_zi.o
        28          0          0          0          0         68   _chval.o
        48          6          0          0          0         96   _printf_char_common.o
         6          0          0          0          0          0   _printf_d.o
       120         18          0          0          0         92   _printf_dec.o
       184          0          0          0          0         88   _printf_intcommon.o
        82          0          0          0          0        108   _printf_pad.o
         0          0          0          0          0          0   _printf_percent.o
         4          0          0          0          0          0   _printf_percent_end.o
       880          4          0          0          0        100   _scanf.o
       336          0          0          0          0         96   _scanf_int.o
        64          0          0          0          0         84   _sgetc.o
        10          0          0          0          0         68   _sputc.o
        12          0          0          0          0         72   exit.o
         6          0          0          0          0        152   heapauxi.o
         0          0          0          0          0          0   indicate_semi.o
        18          0          0          0          0         76   isspace.o
        44         10        272          0          0         76   lc_ctype_c.o
         2          0          0          0          0          0   libinit.o
        20          0          0          0          0          0   libinit2.o
         2          0          0          0          0          0   libshutdown.o
         2          0          0          0          0          0   libshutdown2.o
         0          0          0          0         96          0   libspace.o
        40          6          0          0          0         84   noretval__2sprintf.o
        16          4          0          0          0         76   rt_ctype_table.o
         8          4          0          0          0         68   rt_locale_intlibspace.o
         0          0          0          0          0          0   rtentry.o
        12          0          0          0          0          0   rtentry2.o
         8          4          0          0          0          0   rtentry5.o
         2          0          0          0          0          0   rtexit.o
        10          0          0          0          0          0   rtexit2.o
        44          8          0          0          0         84   scanf_char.o
       128          0          0          0          0         68   strcmpv7m.o
        62          0          0          0          0         76   strlen.o
        12          4          0          0          0         68   sys_exit.o
         2          0          0          0          0         68   use_no_semi.o

    ----------------------------------------------------------------------
      2724         90        292          0        100       2080   Library Totals
         8          0          3          0          4          0   (incl. Padding)

    ----------------------------------------------------------------------

      Code (inc. data)   RO Data    RW Data    ZI Data      Debug   Library Name

      2716         90        289          0         96       2080   c_w.l

    ----------------------------------------------------------------------
      2724         90        292          0        100       2080   Library Totals

    ----------------------------------------------------------------------

==============================================================================


      Code (inc. data)   RO Data    RW Data    ZI Data      Debug   

     15628        654        900         76       5132     326962   Grand Totals
     15628        654        900         76       5132     326962   ELF Image Totals
     15628        654        900         76          0          0   ROM Totals

==============================================================================

    Total RO  Size (Code + RO Data)                16528 (  16.14kB)
    Total RW  Size (RW Data + ZI Data)              5208 (   5.09kB)
    Total ROM Size (Code + RO Data + RW Data)      16604 (  16.21kB)

==============================================================================

