<!doctype html public "-//w3c//dtd html 4.0 transitional//en">
<html><head>
<title>Static Call Graph - [.\obj\ch.axf]</title></head>
<body><HR>
<H1>Static Call Graph for image .\obj\ch.axf</H1><HR>
<BR><P>#&#060CALLGRAPH&#062# ARM Linker, 5.03 [Build 76]: Last Updated: Wed Nov 06 19:44:30 2013
<BR><P>
<H3>Maximum Stack Usage =        328 bytes + Unknown(Functions without stacksize, Untraceable Function Pointers)</H3><H3>
Call chain for Maximum Stack Depth:</H3>
ThreadAltitude &rArr; calculatePressure &rArr; __2printf &rArr; _printf_char_file &rArr; _printf_char_common &rArr; __printf
<P>
<H3>
Functions with no stack information
</H3><UL>
 <LI><a href="#[195]">__user_initial_stackheap</a>
 <LI><a href="#[48]">_port_exit_from_isr</a>
</UL>
</UL>
<P>
<H3>
Function Pointers
</H3><UL>
 <LI><a href="#[e]">BusFaultVector</a> from vectors.o(.text) referenced from vectors.o(RESET)
 <LI><a href="#[15]">DebugMonitorVector</a> from vectors.o(.text) referenced from vectors.o(RESET)
 <LI><a href="#[c]">HardFaultVector</a> from vectors.o(.text) referenced from vectors.o(RESET)
 <LI><a href="#[d]">MemManageVector</a> from vectors.o(.text) referenced from vectors.o(RESET)
 <LI><a href="#[b]">NMIVector</a> from vectors.o(.text) referenced from vectors.o(RESET)
 <LI><a href="#[17]">PendSVVector</a> from vectors.o(.text) referenced from vectors.o(RESET)
 <LI><a href="#[a]">Reset_Handler</a> from cstartup.o(.text) referenced from vectors.o(RESET)
 <LI><a href="#[14]">SVCallVector</a> from chcore_v7m.o(.text) referenced from vectors.o(RESET)
 <LI><a href="#[18]">SysTickVector</a> from chcore_v7m.o(.text) referenced from vectors.o(RESET)
 <LI><a href="#[58]">ThreadAltitude</a> from main.o(.text) referenced from main.o(.text)
 <LI><a href="#[55]">ThreadComRcv</a> from main.o(.text) referenced from main.o(.text)
 <LI><a href="#[56]">ThreadComSnd</a> from main.o(.text) referenced from main.o(.text)
 <LI><a href="#[57]">ThreadRoulisTangage</a> from main.o(.text) referenced from main.o(.text)
 <LI><a href="#[f]">UsageFaultVector</a> from vectors.o(.text) referenced from vectors.o(RESET)
 <LI><a href="#[10]">Vector1C</a> from vectors.o(.text) referenced from vectors.o(RESET)
 <LI><a href="#[11]">Vector20</a> from vectors.o(.text) referenced from vectors.o(RESET)
 <LI><a href="#[12]">Vector24</a> from vectors.o(.text) referenced from vectors.o(RESET)
 <LI><a href="#[13]">Vector28</a> from vectors.o(.text) referenced from vectors.o(RESET)
 <LI><a href="#[16]">Vector34</a> from vectors.o(.text) referenced from vectors.o(RESET)
 <LI><a href="#[19]">Vector40</a> from vectors.o(.text) referenced from vectors.o(RESET)
 <LI><a href="#[1a]">Vector44</a> from vectors.o(.text) referenced from vectors.o(RESET)
 <LI><a href="#[1b]">Vector48</a> from vectors.o(.text) referenced from vectors.o(RESET)
 <LI><a href="#[1c]">Vector4C</a> from vectors.o(.text) referenced from vectors.o(RESET)
 <LI><a href="#[1d]">Vector50</a> from vectors.o(.text) referenced from vectors.o(RESET)
 <LI><a href="#[1e]">Vector54</a> from vectors.o(.text) referenced from vectors.o(RESET)
 <LI><a href="#[1f]">Vector58</a> from vectors.o(.text) referenced from vectors.o(RESET)
 <LI><a href="#[20]">Vector5C</a> from vectors.o(.text) referenced from vectors.o(RESET)
 <LI><a href="#[21]">Vector60</a> from vectors.o(.text) referenced from vectors.o(RESET)
 <LI><a href="#[22]">Vector64</a> from vectors.o(.text) referenced from vectors.o(RESET)
 <LI><a href="#[23]">Vector68</a> from vectors.o(.text) referenced from vectors.o(RESET)
 <LI><a href="#[24]">Vector6C</a> from stm32_dma.o(.text) referenced from vectors.o(RESET)
 <LI><a href="#[25]">Vector70</a> from stm32_dma.o(.text) referenced from vectors.o(RESET)
 <LI><a href="#[26]">Vector74</a> from stm32_dma.o(.text) referenced from vectors.o(RESET)
 <LI><a href="#[27]">Vector78</a> from stm32_dma.o(.text) referenced from vectors.o(RESET)
 <LI><a href="#[28]">Vector7C</a> from stm32_dma.o(.text) referenced from vectors.o(RESET)
 <LI><a href="#[29]">Vector80</a> from stm32_dma.o(.text) referenced from vectors.o(RESET)
 <LI><a href="#[2a]">Vector84</a> from stm32_dma.o(.text) referenced from vectors.o(RESET)
 <LI><a href="#[2b]">Vector88</a> from adc_lld.o(.text) referenced from vectors.o(RESET)
 <LI><a href="#[2c]">Vector8C</a> from vectors.o(.text) referenced from vectors.o(RESET)
 <LI><a href="#[2d]">Vector90</a> from vectors.o(.text) referenced from vectors.o(RESET)
 <LI><a href="#[2e]">Vector94</a> from vectors.o(.text) referenced from vectors.o(RESET)
 <LI><a href="#[2f]">Vector98</a> from vectors.o(.text) referenced from vectors.o(RESET)
 <LI><a href="#[30]">Vector9C</a> from vectors.o(.text) referenced from vectors.o(RESET)
 <LI><a href="#[31]">VectorA0</a> from vectors.o(.text) referenced from vectors.o(RESET)
 <LI><a href="#[32]">VectorA4</a> from vectors.o(.text) referenced from vectors.o(RESET)
 <LI><a href="#[33]">VectorA8</a> from vectors.o(.text) referenced from vectors.o(RESET)
 <LI><a href="#[34]">VectorAC</a> from vectors.o(.text) referenced from vectors.o(RESET)
 <LI><a href="#[35]">VectorB0</a> from vectors.o(.text) referenced from vectors.o(RESET)
 <LI><a href="#[36]">VectorB4</a> from vectors.o(.text) referenced from vectors.o(RESET)
 <LI><a href="#[37]">VectorB8</a> from pwm_lld.o(.text) referenced from vectors.o(RESET)
 <LI><a href="#[38]">VectorBC</a> from i2c_lld.o(.text) referenced from vectors.o(RESET)
 <LI><a href="#[39]">VectorC0</a> from i2c_lld.o(.text) referenced from vectors.o(RESET)
 <LI><a href="#[3a]">VectorC4</a> from i2c_lld.o(.text) referenced from vectors.o(RESET)
 <LI><a href="#[3b]">VectorC8</a> from i2c_lld.o(.text) referenced from vectors.o(RESET)
 <LI><a href="#[3c]">VectorCC</a> from vectors.o(.text) referenced from vectors.o(RESET)
 <LI><a href="#[3d]">VectorD0</a> from vectors.o(.text) referenced from vectors.o(RESET)
 <LI><a href="#[3e]">VectorD4</a> from vectors.o(.text) referenced from vectors.o(RESET)
 <LI><a href="#[3f]">VectorD8</a> from serial_lld.o(.text) referenced from vectors.o(RESET)
 <LI><a href="#[40]">VectorDC</a> from vectors.o(.text) referenced from vectors.o(RESET)
 <LI><a href="#[41]">VectorE0</a> from vectors.o(.text) referenced from vectors.o(RESET)
 <LI><a href="#[42]">VectorE4</a> from vectors.o(.text) referenced from vectors.o(RESET)
 <LI><a href="#[43]">VectorE8</a> from vectors.o(.text) referenced from vectors.o(RESET)
 <LI><a href="#[44]">VectorEC</a> from vectors.o(.text) referenced from vectors.o(RESET)
 <LI><a href="#[45]">VectorF0</a> from vectors.o(.text) referenced from vectors.o(RESET)
 <LI><a href="#[64]">__main</a> from __main.o(!!!main) referenced from cstartup.o(.text)
 <LI><a href="#[b6]">_idle_thread</a> from chsys.o(.text) referenced from chsys.o(.text)
 <LI><a href="#[48]">_port_exit_from_isr</a> from chcoreasm_v7m.o(.text) referenced from chcore_v7m.o(.text)
 <LI><a href="#[47]">_port_switch_from_isr</a> from chcoreasm_v7m.o(.text) referenced from chcore_v7m.o(.text)
 <LI><a href="#[4b]">_port_thread_start</a> from chcoreasm_v7m.o(.text) referenced from chthreads.o(.text)
 <LI><a href="#[5a]">_printf_input_char</a> from _printf_char_common.o(.text) referenced from _printf_char_common.o(.text)
 <LI><a href="#[59]">_sputc</a> from _sputc.o(.text) referenced from noretval__2sprintf.o(.text)
 <LI><a href="#[51]">adc_lld_serve_rx_interrupt</a> from adc_lld.o(.text) referenced from adc_lld.o(.text)
 <LI><a href="#[49]">chCoreAlloc</a> from chmemcore.o(.text) referenced from chheap.o(.text)
 <LI><a href="#[5b]">fputc</a> from fputc.o(i.fputc) referenced from _printf_char_file.o(.text)
 <LI><a href="#[5f]">get</a> from serial.o(.text) referenced from serial.o(.constdata)
 <LI><a href="#[61]">gett</a> from serial.o(.text) referenced from serial.o(.constdata)
 <LI><a href="#[54]">i2c_lld_safety_timeout</a> from i2c_lld.o(.text) referenced from i2c_lld.o(.text)
 <LI><a href="#[52]">i2c_lld_serve_rx_end_irq</a> from i2c_lld.o(.text) referenced from i2c_lld.o(.text)
 <LI><a href="#[53]">i2c_lld_serve_tx_end_irq</a> from i2c_lld.o(.text) referenced from i2c_lld.o(.text)
 <LI><a href="#[4e]">notify2</a> from serial_lld.o(.text) referenced from serial_lld.o(.text)
 <LI><a href="#[5e]">put</a> from serial.o(.text) referenced from serial.o(.constdata)
 <LI><a href="#[60]">putt</a> from serial.o(.text) referenced from serial.o(.constdata)
 <LI><a href="#[5d]">read</a> from serial.o(.text) referenced from serial.o(.constdata)
 <LI><a href="#[63]">readt</a> from serial.o(.text) referenced from serial.o(.constdata)
 <LI><a href="#[4f]">spi_lld_serve_rx_interrupt</a> from spi_lld.o(.text) referenced from spi_lld.o(.text)
 <LI><a href="#[50]">spi_lld_serve_tx_interrupt</a> from spi_lld.o(.text) referenced from spi_lld.o(.text)
 <LI><a href="#[4c]">tm_start</a> from tm.o(.text) referenced from tm.o(.text)
 <LI><a href="#[4d]">tm_stop</a> from tm.o(.text) referenced from tm.o(.text)
 <LI><a href="#[4a]">wakeup</a> from chschd.o(.text) referenced from chschd.o(.text)
 <LI><a href="#[5c]">write</a> from serial.o(.text) referenced from serial.o(.constdata)
 <LI><a href="#[62]">writet</a> from serial.o(.text) referenced from serial.o(.constdata)
</UL>
<P>
<H3>
Global Symbols
</H3>
<P><STRONG><a name="[64]"></a>__main</STRONG> (Thumb, 8 bytes, Stack size 0 bytes, __main.o(!!!main))
<BR><BR>[Calls]<UL><LI><a href="#[66]">&gt;&gt;</a>&nbsp;&nbsp;&nbsp;__rt_entry
<LI><a href="#[65]">&gt;&gt;</a>&nbsp;&nbsp;&nbsp;__scatterload
</UL>

<P><STRONG><a name="[65]"></a>__scatterload</STRONG> (Thumb, 0 bytes, Stack size unknown bytes, __scatter.o(!!!scatter))
<BR><BR>[Called By]<UL><LI><a href="#[64]">&gt;&gt;</a>&nbsp;&nbsp;&nbsp;__main
</UL>

<P><STRONG><a name="[67]"></a>__scatterload_rt2</STRONG> (Thumb, 44 bytes, Stack size unknown bytes, __scatter.o(!!!scatter), UNUSED)
<BR><BR>[Calls]<UL><LI><a href="#[66]">&gt;&gt;</a>&nbsp;&nbsp;&nbsp;__rt_entry
</UL>

<P><STRONG><a name="[171]"></a>__scatterload_rt2_thumb_only</STRONG> (Thumb, 0 bytes, Stack size unknown bytes, __scatter.o(!!!scatter), UNUSED)

<P><STRONG><a name="[172]"></a>__scatterload_null</STRONG> (Thumb, 0 bytes, Stack size unknown bytes, __scatter.o(!!!scatter), UNUSED)

<P><STRONG><a name="[68]"></a>__scatterload_copy</STRONG> (Thumb, 26 bytes, Stack size unknown bytes, __scatter_copy.o(!!handler_copy), UNUSED)
<BR><BR>[Calls]<UL><LI><a href="#[68]">&gt;&gt;</a>&nbsp;&nbsp;&nbsp;__scatterload_copy
</UL>
<BR>[Called By]<UL><LI><a href="#[68]">&gt;&gt;</a>&nbsp;&nbsp;&nbsp;__scatterload_copy
</UL>

<P><STRONG><a name="[173]"></a>__scatterload_zeroinit</STRONG> (Thumb, 28 bytes, Stack size unknown bytes, __scatter_zi.o(!!handler_zi), UNUSED)

<P><STRONG><a name="[69]"></a>_printf_d</STRONG> (Thumb, 0 bytes, Stack size unknown bytes, _printf_d.o(.ARM.Collect$$_printf_percent$$00000009))
<BR><BR>[Stack]<UL><LI>Max Depth = 72 + Unknown Stack Size
<LI>Call Chain = _printf_d &rArr; _printf_int_dec &rArr; _printf_int_common &rArr; _printf_post_padding
</UL>
<BR>[Calls]<UL><LI><a href="#[6a]">&gt;&gt;</a>&nbsp;&nbsp;&nbsp;_printf_int_dec
</UL>

<P><STRONG><a name="[12e]"></a>_printf_percent</STRONG> (Thumb, 0 bytes, Stack size unknown bytes, _printf_percent.o(.ARM.Collect$$_printf_percent$$00000000))
<BR><BR>[Called By]<UL><LI><a href="#[12c]">&gt;&gt;</a>&nbsp;&nbsp;&nbsp;__printf
</UL>

<P><STRONG><a name="[6b]"></a>_printf_s</STRONG> (Thumb, 0 bytes, Stack size unknown bytes, _printf_s.o(.ARM.Collect$$_printf_percent$$00000014))
<BR><BR>[Stack]<UL><LI>Max Depth = 40 + Unknown Stack Size
<LI>Call Chain = _printf_s &rArr; _printf_string &rArr; _printf_cs_common &rArr; _printf_str &rArr; _printf_post_padding
</UL>
<BR>[Calls]<UL><LI><a href="#[6c]">&gt;&gt;</a>&nbsp;&nbsp;&nbsp;_printf_string
</UL>

<P><STRONG><a name="[174]"></a>_printf_percent_end</STRONG> (Thumb, 0 bytes, Stack size unknown bytes, _printf_percent_end.o(.ARM.Collect$$_printf_percent$$00000017))

<P><STRONG><a name="[74]"></a>__rt_lib_init</STRONG> (Thumb, 0 bytes, Stack size unknown bytes, libinit.o(.ARM.Collect$$libinit$$00000000))
<BR><BR>[Called By]<UL><LI><a href="#[73]">&gt;&gt;</a>&nbsp;&nbsp;&nbsp;__rt_entry_li
</UL>

<P><STRONG><a name="[175]"></a>__rt_lib_init_fp_1</STRONG> (Thumb, 0 bytes, Stack size unknown bytes, libinit2.o(.ARM.Collect$$libinit$$00000002))

<P><STRONG><a name="[6d]"></a>__rt_lib_init_heap_2</STRONG> (Thumb, 0 bytes, Stack size unknown bytes, libinit2.o(.ARM.Collect$$libinit$$00000003))
<BR><BR>[Stack]<UL><LI>Max Depth = 64 + Unknown Stack Size
<LI>Call Chain = __rt_lib_init_heap_2 &rArr; _init_alloc &rArr; __rt_SIGRTMEM &rArr; __rt_SIGRTMEM_inner &rArr; __default_signal_display &rArr; _ttywrch
</UL>
<BR>[Calls]<UL><LI><a href="#[6e]">&gt;&gt;</a>&nbsp;&nbsp;&nbsp;_init_alloc
</UL>

<P><STRONG><a name="[176]"></a>__rt_lib_init_atexit_1</STRONG> (Thumb, 0 bytes, Stack size unknown bytes, libinit2.o(.ARM.Collect$$libinit$$00000019))

<P><STRONG><a name="[177]"></a>__rt_lib_init_clock_1</STRONG> (Thumb, 0 bytes, Stack size unknown bytes, libinit2.o(.ARM.Collect$$libinit$$0000001F))

<P><STRONG><a name="[178]"></a>__rt_lib_init_fp_trap_1</STRONG> (Thumb, 0 bytes, Stack size unknown bytes, libinit2.o(.ARM.Collect$$libinit$$0000001D))

<P><STRONG><a name="[179]"></a>__rt_lib_init_getenv_1</STRONG> (Thumb, 0 bytes, Stack size unknown bytes, libinit2.o(.ARM.Collect$$libinit$$00000021))

<P><STRONG><a name="[17a]"></a>__rt_lib_init_heap_1</STRONG> (Thumb, 0 bytes, Stack size unknown bytes, libinit2.o(.ARM.Collect$$libinit$$00000008))

<P><STRONG><a name="[17b]"></a>__rt_lib_init_lc_collate_1</STRONG> (Thumb, 0 bytes, Stack size unknown bytes, libinit2.o(.ARM.Collect$$libinit$$0000000F))

<P><STRONG><a name="[17c]"></a>__rt_lib_init_lc_ctype_1</STRONG> (Thumb, 0 bytes, Stack size unknown bytes, libinit2.o(.ARM.Collect$$libinit$$00000011))

<P><STRONG><a name="[17d]"></a>__rt_lib_init_lc_monetary_1</STRONG> (Thumb, 0 bytes, Stack size unknown bytes, libinit2.o(.ARM.Collect$$libinit$$00000013))

<P><STRONG><a name="[17e]"></a>__rt_lib_init_lc_numeric_1</STRONG> (Thumb, 0 bytes, Stack size unknown bytes, libinit2.o(.ARM.Collect$$libinit$$00000015))

<P><STRONG><a name="[17f]"></a>__rt_lib_init_lc_time_1</STRONG> (Thumb, 0 bytes, Stack size unknown bytes, libinit2.o(.ARM.Collect$$libinit$$00000017))

<P><STRONG><a name="[180]"></a>__rt_lib_init_rand_1</STRONG> (Thumb, 0 bytes, Stack size unknown bytes, libinit2.o(.ARM.Collect$$libinit$$0000000C))

<P><STRONG><a name="[181]"></a>__rt_lib_init_signal_1</STRONG> (Thumb, 0 bytes, Stack size unknown bytes, libinit2.o(.ARM.Collect$$libinit$$0000001B))

<P><STRONG><a name="[6f]"></a>__rt_lib_init_stdio_2</STRONG> (Thumb, 0 bytes, Stack size unknown bytes, libinit2.o(.ARM.Collect$$libinit$$00000022))
<BR><BR>[Stack]<UL><LI>Max Depth = 136 + Unknown Stack Size
<LI>Call Chain = __rt_lib_init_stdio_2 &rArr; _initio &rArr; freopen &rArr; _fclose_internal &rArr; _fflush &rArr; _writebuf &rArr; _sys_write
</UL>
<BR>[Calls]<UL><LI><a href="#[70]">&gt;&gt;</a>&nbsp;&nbsp;&nbsp;_initio
</UL>

<P><STRONG><a name="[182]"></a>__rt_lib_init_user_alloc_1</STRONG> (Thumb, 0 bytes, Stack size unknown bytes, libinit2.o(.ARM.Collect$$libinit$$0000000A))

<P><STRONG><a name="[183]"></a>__rt_lib_init_alloca_1</STRONG> (Thumb, 0 bytes, Stack size unknown bytes, libinit2.o(.ARM.Collect$$libinit$$0000002C))

<P><STRONG><a name="[184]"></a>__rt_lib_init_argv_1</STRONG> (Thumb, 0 bytes, Stack size unknown bytes, libinit2.o(.ARM.Collect$$libinit$$0000002A))

<P><STRONG><a name="[185]"></a>__rt_lib_init_cpp_1</STRONG> (Thumb, 0 bytes, Stack size unknown bytes, libinit2.o(.ARM.Collect$$libinit$$00000030))

<P><STRONG><a name="[186]"></a>__rt_lib_init_exceptions_1</STRONG> (Thumb, 0 bytes, Stack size unknown bytes, libinit2.o(.ARM.Collect$$libinit$$0000002E))

<P><STRONG><a name="[187]"></a>__rt_lib_init_return</STRONG> (Thumb, 0 bytes, Stack size unknown bytes, libinit2.o(.ARM.Collect$$libinit$$00000031))

<P><STRONG><a name="[188]"></a>__rt_lib_init_stdio_1</STRONG> (Thumb, 0 bytes, Stack size unknown bytes, libinit2.o(.ARM.Collect$$libinit$$00000023))

<P><STRONG><a name="[79]"></a>__rt_lib_shutdown</STRONG> (Thumb, 0 bytes, Stack size unknown bytes, libshutdown.o(.ARM.Collect$$libshutdown$$00000000))
<BR><BR>[Called By]<UL><LI><a href="#[78]">&gt;&gt;</a>&nbsp;&nbsp;&nbsp;__rt_exit_ls
</UL>

<P><STRONG><a name="[71]"></a>__rt_lib_shutdown_stdio_2</STRONG> (Thumb, 0 bytes, Stack size unknown bytes, libshutdown2.o(.ARM.Collect$$libshutdown$$00000002))
<BR><BR>[Stack]<UL><LI>Max Depth = 120 + Unknown Stack Size
<LI>Call Chain = __rt_lib_shutdown_stdio_2 &rArr; _terminateio &rArr; _fclose_internal &rArr; _fflush &rArr; _writebuf &rArr; _sys_write
</UL>
<BR>[Calls]<UL><LI><a href="#[72]">&gt;&gt;</a>&nbsp;&nbsp;&nbsp;_terminateio
</UL>

<P><STRONG><a name="[189]"></a>__rt_lib_shutdown_fp_trap_1</STRONG> (Thumb, 0 bytes, Stack size unknown bytes, libshutdown2.o(.ARM.Collect$$libshutdown$$00000006))

<P><STRONG><a name="[18a]"></a>__rt_lib_shutdown_heap_1</STRONG> (Thumb, 0 bytes, Stack size unknown bytes, libshutdown2.o(.ARM.Collect$$libshutdown$$0000000E))

<P><STRONG><a name="[18b]"></a>__rt_lib_shutdown_return</STRONG> (Thumb, 0 bytes, Stack size unknown bytes, libshutdown2.o(.ARM.Collect$$libshutdown$$0000000F))

<P><STRONG><a name="[18c]"></a>__rt_lib_shutdown_signal_1</STRONG> (Thumb, 0 bytes, Stack size unknown bytes, libshutdown2.o(.ARM.Collect$$libshutdown$$00000009))

<P><STRONG><a name="[18d]"></a>__rt_lib_shutdown_stdio_1</STRONG> (Thumb, 0 bytes, Stack size unknown bytes, libshutdown2.o(.ARM.Collect$$libshutdown$$00000003))

<P><STRONG><a name="[18e]"></a>__rt_lib_shutdown_user_alloc_1</STRONG> (Thumb, 0 bytes, Stack size unknown bytes, libshutdown2.o(.ARM.Collect$$libshutdown$$0000000B))

<P><STRONG><a name="[66]"></a>__rt_entry</STRONG> (Thumb, 0 bytes, Stack size unknown bytes, rtentry.o(.ARM.Collect$$rtentry$$00000000))
<BR><BR>[Called By]<UL><LI><a href="#[64]">&gt;&gt;</a>&nbsp;&nbsp;&nbsp;__main
<LI><a href="#[67]">&gt;&gt;</a>&nbsp;&nbsp;&nbsp;__scatterload_rt2
</UL>

<P><STRONG><a name="[18f]"></a>__rt_entry_presh_1</STRONG> (Thumb, 0 bytes, Stack size unknown bytes, rtentry2.o(.ARM.Collect$$rtentry$$00000002))

<P><STRONG><a name="[190]"></a>__rt_entry_sh</STRONG> (Thumb, 0 bytes, Stack size unknown bytes, rtentry5.o(.ARM.Collect$$rtentry$$00000005))

<P><STRONG><a name="[73]"></a>__rt_entry_li</STRONG> (Thumb, 0 bytes, Stack size unknown bytes, rtentry2.o(.ARM.Collect$$rtentry$$0000000A))
<BR><BR>[Calls]<UL><LI><a href="#[74]">&gt;&gt;</a>&nbsp;&nbsp;&nbsp;__rt_lib_init
</UL>

<P><STRONG><a name="[191]"></a>__rt_entry_postsh_1</STRONG> (Thumb, 0 bytes, Stack size unknown bytes, rtentry2.o(.ARM.Collect$$rtentry$$00000009))

<P><STRONG><a name="[75]"></a>__rt_entry_main</STRONG> (Thumb, 0 bytes, Stack size unknown bytes, rtentry2.o(.ARM.Collect$$rtentry$$0000000D))
<BR><BR>[Stack]<UL><LI>Max Depth = 68 + Unknown Stack Size
<LI>Call Chain = __rt_entry_main &rArr; main &rArr; i2cStart &rArr; i2c_lld_start &rArr; dmaStreamAllocate &rArr; nvicEnableVector
</UL>
<BR>[Calls]<UL><LI><a href="#[76]">&gt;&gt;</a>&nbsp;&nbsp;&nbsp;main
<LI><a href="#[77]">&gt;&gt;</a>&nbsp;&nbsp;&nbsp;exit
</UL>

<P><STRONG><a name="[192]"></a>__rt_entry_postli_1</STRONG> (Thumb, 0 bytes, Stack size unknown bytes, rtentry2.o(.ARM.Collect$$rtentry$$0000000C))

<P><STRONG><a name="[148]"></a>__rt_exit</STRONG> (Thumb, 0 bytes, Stack size unknown bytes, rtexit.o(.ARM.Collect$$rtexit$$00000000))
<BR><BR>[Called By]<UL><LI><a href="#[77]">&gt;&gt;</a>&nbsp;&nbsp;&nbsp;exit
</UL>

<P><STRONG><a name="[78]"></a>__rt_exit_ls</STRONG> (Thumb, 0 bytes, Stack size unknown bytes, rtexit2.o(.ARM.Collect$$rtexit$$00000003))
<BR><BR>[Calls]<UL><LI><a href="#[79]">&gt;&gt;</a>&nbsp;&nbsp;&nbsp;__rt_lib_shutdown
</UL>

<P><STRONG><a name="[193]"></a>__rt_exit_prels_1</STRONG> (Thumb, 0 bytes, Stack size unknown bytes, rtexit2.o(.ARM.Collect$$rtexit$$00000002))

<P><STRONG><a name="[7a]"></a>__rt_exit_exit</STRONG> (Thumb, 0 bytes, Stack size unknown bytes, rtexit2.o(.ARM.Collect$$rtexit$$00000004))
<BR><BR>[Calls]<UL><LI><a href="#[7b]">&gt;&gt;</a>&nbsp;&nbsp;&nbsp;_sys_exit
</UL>

<P><STRONG><a name="[7c]"></a>__early_init</STRONG> (Thumb, 4 bytes, Stack size 0 bytes, board.o(.text))
<BR><BR>[Calls]<UL><LI><a href="#[7d]">&gt;&gt;</a>&nbsp;&nbsp;&nbsp;stm32_clock_init
</UL>
<BR>[Called By]<UL><LI><a href="#[a]">&gt;&gt;</a>&nbsp;&nbsp;&nbsp;Reset_Handler
</UL>

<P><STRONG><a name="[194]"></a>_maybe_terminate_alloc</STRONG> (Thumb, 0 bytes, Stack size 0 bytes, maybetermalloc1.o(.emb_text), UNUSED)

<P><STRONG><a name="[d7]"></a>boardInit</STRONG> (Thumb, 2 bytes, Stack size 0 bytes, board.o(.text))
<BR><BR>[Called By]<UL><LI><a href="#[cf]">&gt;&gt;</a>&nbsp;&nbsp;&nbsp;halInit
</UL>

<P><STRONG><a name="[a]"></a>Reset_Handler</STRONG> (Thumb, 26 bytes, Stack size 0 bytes, cstartup.o(.text))
<BR><BR>[Calls]<UL><LI><a href="#[7c]">&gt;&gt;</a>&nbsp;&nbsp;&nbsp;__early_init
</UL>
<BR>[Address Reference Count : 1]<UL><LI> vectors.o(RESET)
</UL>
<P><STRONG><a name="[195]"></a>__user_initial_stackheap</STRONG> (Thumb, 0 bytes, Stack size unknown bytes, cstartup.o(.text), UNUSED)

<P><STRONG><a name="[ac]"></a>_port_switch</STRONG> (Thumb, 16 bytes, Stack size 0 bytes, chcoreasm_v7m.o(.text))
<BR><BR>[Called By]<UL><LI><a href="#[b0]">&gt;&gt;</a>&nbsp;&nbsp;&nbsp;chSchDoRescheduleBehind
<LI><a href="#[af]">&gt;&gt;</a>&nbsp;&nbsp;&nbsp;chSchDoRescheduleAhead
<LI><a href="#[8a]">&gt;&gt;</a>&nbsp;&nbsp;&nbsp;chSchWakeupS
<LI><a href="#[91]">&gt;&gt;</a>&nbsp;&nbsp;&nbsp;chSchRescheduleS
<LI><a href="#[98]">&gt;&gt;</a>&nbsp;&nbsp;&nbsp;chSchGoSleepTimeoutS
<LI><a href="#[94]">&gt;&gt;</a>&nbsp;&nbsp;&nbsp;chSchGoSleepS
<LI><a href="#[7f]">&gt;&gt;</a>&nbsp;&nbsp;&nbsp;chSchDoReschedule
</UL>

<P><STRONG><a name="[4b]"></a>_port_thread_start</STRONG> (Thumb, 14 bytes, Stack size 0 bytes, chcoreasm_v7m.o(.text))
<BR><BR>[Stack]<UL><LI>Max Depth = 16<LI>Call Chain = _port_thread_start &rArr; chThdExit
</UL>
<BR>[Calls]<UL><LI><a href="#[7e]">&gt;&gt;</a>&nbsp;&nbsp;&nbsp;chThdExit
</UL>
<BR>[Address Reference Count : 1]<UL><LI> chthreads.o(.text)
</UL>
<P><STRONG><a name="[47]"></a>_port_switch_from_isr</STRONG> (Thumb, 6 bytes, Stack size 0 bytes, chcoreasm_v7m.o(.text))
<BR><BR>[Stack]<UL><LI>Max Depth = 16<LI>Call Chain = _port_switch_from_isr &rArr; chSchDoReschedule
</UL>
<BR>[Calls]<UL><LI><a href="#[7f]">&gt;&gt;</a>&nbsp;&nbsp;&nbsp;chSchDoReschedule
</UL>
<BR>[Address Reference Count : 1]<UL><LI> chcore_v7m.o(.text)
</UL>
<P><STRONG><a name="[48]"></a>_port_exit_from_isr</STRONG> (Thumb, 0 bytes, Stack size unknown bytes, chcoreasm_v7m.o(.text))
<BR>[Address Reference Count : 1]<UL><LI> chcore_v7m.o(.text)
</UL>
<P><STRONG><a name="[113]"></a>port_halt</STRONG> (Thumb, 4 bytes, Stack size 0 bytes, chcore.o(.text))
<BR><BR>[Called By]<UL><LI><a href="#[53]">&gt;&gt;</a>&nbsp;&nbsp;&nbsp;i2c_lld_serve_tx_end_irq
<LI><a href="#[52]">&gt;&gt;</a>&nbsp;&nbsp;&nbsp;i2c_lld_serve_rx_end_irq
<LI><a href="#[50]">&gt;&gt;</a>&nbsp;&nbsp;&nbsp;spi_lld_serve_tx_interrupt
<LI><a href="#[4f]">&gt;&gt;</a>&nbsp;&nbsp;&nbsp;spi_lld_serve_rx_interrupt
</UL>

<P><STRONG><a name="[10f]"></a>_port_irq_epilogue</STRONG> (Thumb, 74 bytes, Stack size 0 bytes, chcore_v7m.o(.text))
<BR><BR>[Called By]<UL><LI><a href="#[3b]">&gt;&gt;</a>&nbsp;&nbsp;&nbsp;VectorC8
<LI><a href="#[3a]">&gt;&gt;</a>&nbsp;&nbsp;&nbsp;VectorC4
<LI><a href="#[39]">&gt;&gt;</a>&nbsp;&nbsp;&nbsp;VectorC0
<LI><a href="#[38]">&gt;&gt;</a>&nbsp;&nbsp;&nbsp;VectorBC
<LI><a href="#[2b]">&gt;&gt;</a>&nbsp;&nbsp;&nbsp;Vector88
<LI><a href="#[2a]">&gt;&gt;</a>&nbsp;&nbsp;&nbsp;Vector84
<LI><a href="#[29]">&gt;&gt;</a>&nbsp;&nbsp;&nbsp;Vector80
<LI><a href="#[28]">&gt;&gt;</a>&nbsp;&nbsp;&nbsp;Vector7C
<LI><a href="#[27]">&gt;&gt;</a>&nbsp;&nbsp;&nbsp;Vector78
<LI><a href="#[26]">&gt;&gt;</a>&nbsp;&nbsp;&nbsp;Vector74
<LI><a href="#[25]">&gt;&gt;</a>&nbsp;&nbsp;&nbsp;Vector70
<LI><a href="#[24]">&gt;&gt;</a>&nbsp;&nbsp;&nbsp;Vector6C
<LI><a href="#[3f]">&gt;&gt;</a>&nbsp;&nbsp;&nbsp;VectorD8
<LI><a href="#[37]">&gt;&gt;</a>&nbsp;&nbsp;&nbsp;VectorB8
</UL>

<P><STRONG><a name="[18]"></a>SysTickVector</STRONG> (Thumb, 88 bytes, Stack size 8 bytes, chcore_v7m.o(.text))
<BR><BR>[Stack]<UL><LI>Max Depth = 24<LI>Call Chain = SysTickVector &rArr; chSysTimerHandlerI
</UL>
<BR>[Calls]<UL><LI><a href="#[80]">&gt;&gt;</a>&nbsp;&nbsp;&nbsp;chSysTimerHandlerI
</UL>
<BR>[Address Reference Count : 1]<UL><LI> vectors.o(RESET)
</UL>
<P><STRONG><a name="[14]"></a>SVCallVector</STRONG> (Thumb, 18 bytes, Stack size 0 bytes, chcore_v7m.o(.text))
<BR>[Address Reference Count : 1]<UL><LI> vectors.o(RESET)
</UL>
<P><STRONG><a name="[81]"></a>_port_init</STRONG> (Thumb, 44 bytes, Stack size 8 bytes, chcore_v7m.o(.text))
<BR><BR>[Stack]<UL><LI>Max Depth = 8<LI>Call Chain = _port_init
</UL>
<BR>[Calls]<UL><LI><a href="#[82]">&gt;&gt;</a>&nbsp;&nbsp;&nbsp;nvicSetSystemHandlerPriority
</UL>
<BR>[Called By]<UL><LI><a href="#[b1]">&gt;&gt;</a>&nbsp;&nbsp;&nbsp;chSysInit
</UL>

<P><STRONG><a name="[e]"></a>BusFaultVector</STRONG> (Thumb, 0 bytes, Stack size 0 bytes, vectors.o(.text))
<BR>[Address Reference Count : 1]<UL><LI> vectors.o(RESET)
</UL>
<P><STRONG><a name="[15]"></a>DebugMonitorVector</STRONG> (Thumb, 0 bytes, Stack size 0 bytes, vectors.o(.text))
<BR>[Address Reference Count : 1]<UL><LI> vectors.o(RESET)
</UL>
<P><STRONG><a name="[c]"></a>HardFaultVector</STRONG> (Thumb, 0 bytes, Stack size 0 bytes, vectors.o(.text))
<BR>[Address Reference Count : 1]<UL><LI> vectors.o(RESET)
</UL>
<P><STRONG><a name="[d]"></a>MemManageVector</STRONG> (Thumb, 0 bytes, Stack size 0 bytes, vectors.o(.text))
<BR>[Address Reference Count : 1]<UL><LI> vectors.o(RESET)
</UL>
<P><STRONG><a name="[b]"></a>NMIVector</STRONG> (Thumb, 0 bytes, Stack size 0 bytes, vectors.o(.text))
<BR>[Address Reference Count : 1]<UL><LI> vectors.o(RESET)
</UL>
<P><STRONG><a name="[17]"></a>PendSVVector</STRONG> (Thumb, 0 bytes, Stack size 0 bytes, vectors.o(.text))
<BR>[Address Reference Count : 1]<UL><LI> vectors.o(RESET)
</UL>
<P><STRONG><a name="[f]"></a>UsageFaultVector</STRONG> (Thumb, 0 bytes, Stack size 0 bytes, vectors.o(.text))
<BR>[Address Reference Count : 1]<UL><LI> vectors.o(RESET)
</UL>
<P><STRONG><a name="[10]"></a>Vector1C</STRONG> (Thumb, 0 bytes, Stack size 0 bytes, vectors.o(.text))
<BR>[Address Reference Count : 1]<UL><LI> vectors.o(RESET)
</UL>
<P><STRONG><a name="[11]"></a>Vector20</STRONG> (Thumb, 0 bytes, Stack size 0 bytes, vectors.o(.text))
<BR>[Address Reference Count : 1]<UL><LI> vectors.o(RESET)
</UL>
<P><STRONG><a name="[12]"></a>Vector24</STRONG> (Thumb, 0 bytes, Stack size 0 bytes, vectors.o(.text))
<BR>[Address Reference Count : 1]<UL><LI> vectors.o(RESET)
</UL>
<P><STRONG><a name="[13]"></a>Vector28</STRONG> (Thumb, 0 bytes, Stack size 0 bytes, vectors.o(.text))
<BR>[Address Reference Count : 1]<UL><LI> vectors.o(RESET)
</UL>
<P><STRONG><a name="[16]"></a>Vector34</STRONG> (Thumb, 0 bytes, Stack size 0 bytes, vectors.o(.text))
<BR>[Address Reference Count : 1]<UL><LI> vectors.o(RESET)
</UL>
<P><STRONG><a name="[19]"></a>Vector40</STRONG> (Thumb, 0 bytes, Stack size 0 bytes, vectors.o(.text))
<BR>[Address Reference Count : 1]<UL><LI> vectors.o(RESET)
</UL>
<P><STRONG><a name="[1a]"></a>Vector44</STRONG> (Thumb, 0 bytes, Stack size 0 bytes, vectors.o(.text))
<BR>[Address Reference Count : 1]<UL><LI> vectors.o(RESET)
</UL>
<P><STRONG><a name="[1b]"></a>Vector48</STRONG> (Thumb, 0 bytes, Stack size 0 bytes, vectors.o(.text))
<BR>[Address Reference Count : 1]<UL><LI> vectors.o(RESET)
</UL>
<P><STRONG><a name="[1c]"></a>Vector4C</STRONG> (Thumb, 0 bytes, Stack size 0 bytes, vectors.o(.text))
<BR>[Address Reference Count : 1]<UL><LI> vectors.o(RESET)
</UL>
<P><STRONG><a name="[1d]"></a>Vector50</STRONG> (Thumb, 0 bytes, Stack size 0 bytes, vectors.o(.text))
<BR>[Address Reference Count : 1]<UL><LI> vectors.o(RESET)
</UL>
<P><STRONG><a name="[1e]"></a>Vector54</STRONG> (Thumb, 0 bytes, Stack size 0 bytes, vectors.o(.text))
<BR>[Address Reference Count : 1]<UL><LI> vectors.o(RESET)
</UL>
<P><STRONG><a name="[1f]"></a>Vector58</STRONG> (Thumb, 0 bytes, Stack size 0 bytes, vectors.o(.text))
<BR>[Address Reference Count : 1]<UL><LI> vectors.o(RESET)
</UL>
<P><STRONG><a name="[20]"></a>Vector5C</STRONG> (Thumb, 0 bytes, Stack size 0 bytes, vectors.o(.text))
<BR>[Address Reference Count : 1]<UL><LI> vectors.o(RESET)
</UL>
<P><STRONG><a name="[21]"></a>Vector60</STRONG> (Thumb, 0 bytes, Stack size 0 bytes, vectors.o(.text))
<BR>[Address Reference Count : 1]<UL><LI> vectors.o(RESET)
</UL>
<P><STRONG><a name="[22]"></a>Vector64</STRONG> (Thumb, 0 bytes, Stack size 0 bytes, vectors.o(.text))
<BR>[Address Reference Count : 1]<UL><LI> vectors.o(RESET)
</UL>
<P><STRONG><a name="[23]"></a>Vector68</STRONG> (Thumb, 0 bytes, Stack size 0 bytes, vectors.o(.text))
<BR>[Address Reference Count : 1]<UL><LI> vectors.o(RESET)
</UL>
<P><STRONG><a name="[2c]"></a>Vector8C</STRONG> (Thumb, 0 bytes, Stack size 0 bytes, vectors.o(.text))
<BR>[Address Reference Count : 1]<UL><LI> vectors.o(RESET)
</UL>
<P><STRONG><a name="[2d]"></a>Vector90</STRONG> (Thumb, 0 bytes, Stack size 0 bytes, vectors.o(.text))
<BR>[Address Reference Count : 1]<UL><LI> vectors.o(RESET)
</UL>
<P><STRONG><a name="[2e]"></a>Vector94</STRONG> (Thumb, 0 bytes, Stack size 0 bytes, vectors.o(.text))
<BR>[Address Reference Count : 1]<UL><LI> vectors.o(RESET)
</UL>
<P><STRONG><a name="[2f]"></a>Vector98</STRONG> (Thumb, 0 bytes, Stack size 0 bytes, vectors.o(.text))
<BR>[Address Reference Count : 1]<UL><LI> vectors.o(RESET)
</UL>
<P><STRONG><a name="[30]"></a>Vector9C</STRONG> (Thumb, 0 bytes, Stack size 0 bytes, vectors.o(.text))
<BR>[Address Reference Count : 1]<UL><LI> vectors.o(RESET)
</UL>
<P><STRONG><a name="[31]"></a>VectorA0</STRONG> (Thumb, 0 bytes, Stack size 0 bytes, vectors.o(.text))
<BR>[Address Reference Count : 1]<UL><LI> vectors.o(RESET)
</UL>
<P><STRONG><a name="[32]"></a>VectorA4</STRONG> (Thumb, 0 bytes, Stack size 0 bytes, vectors.o(.text))
<BR>[Address Reference Count : 1]<UL><LI> vectors.o(RESET)
</UL>
<P><STRONG><a name="[33]"></a>VectorA8</STRONG> (Thumb, 0 bytes, Stack size 0 bytes, vectors.o(.text))
<BR>[Address Reference Count : 1]<UL><LI> vectors.o(RESET)
</UL>
<P><STRONG><a name="[34]"></a>VectorAC</STRONG> (Thumb, 0 bytes, Stack size 0 bytes, vectors.o(.text))
<BR>[Address Reference Count : 1]<UL><LI> vectors.o(RESET)
</UL>
<P><STRONG><a name="[35]"></a>VectorB0</STRONG> (Thumb, 0 bytes, Stack size 0 bytes, vectors.o(.text))
<BR>[Address Reference Count : 1]<UL><LI> vectors.o(RESET)
</UL>
<P><STRONG><a name="[36]"></a>VectorB4</STRONG> (Thumb, 0 bytes, Stack size 0 bytes, vectors.o(.text))
<BR>[Address Reference Count : 1]<UL><LI> vectors.o(RESET)
</UL>
<P><STRONG><a name="[3c]"></a>VectorCC</STRONG> (Thumb, 0 bytes, Stack size 0 bytes, vectors.o(.text))
<BR>[Address Reference Count : 1]<UL><LI> vectors.o(RESET)
</UL>
<P><STRONG><a name="[3d]"></a>VectorD0</STRONG> (Thumb, 0 bytes, Stack size 0 bytes, vectors.o(.text))
<BR>[Address Reference Count : 1]<UL><LI> vectors.o(RESET)
</UL>
<P><STRONG><a name="[3e]"></a>VectorD4</STRONG> (Thumb, 0 bytes, Stack size 0 bytes, vectors.o(.text))
<BR>[Address Reference Count : 1]<UL><LI> vectors.o(RESET)
</UL>
<P><STRONG><a name="[40]"></a>VectorDC</STRONG> (Thumb, 0 bytes, Stack size 0 bytes, vectors.o(.text))
<BR>[Address Reference Count : 1]<UL><LI> vectors.o(RESET)
</UL>
<P><STRONG><a name="[41]"></a>VectorE0</STRONG> (Thumb, 0 bytes, Stack size 0 bytes, vectors.o(.text))
<BR>[Address Reference Count : 1]<UL><LI> vectors.o(RESET)
</UL>
<P><STRONG><a name="[42]"></a>VectorE4</STRONG> (Thumb, 0 bytes, Stack size 0 bytes, vectors.o(.text))
<BR>[Address Reference Count : 1]<UL><LI> vectors.o(RESET)
</UL>
<P><STRONG><a name="[43]"></a>VectorE8</STRONG> (Thumb, 0 bytes, Stack size 0 bytes, vectors.o(.text))
<BR>[Address Reference Count : 1]<UL><LI> vectors.o(RESET)
</UL>
<P><STRONG><a name="[44]"></a>VectorEC</STRONG> (Thumb, 0 bytes, Stack size 0 bytes, vectors.o(.text))
<BR>[Address Reference Count : 1]<UL><LI> vectors.o(RESET)
</UL>
<P><STRONG><a name="[45]"></a>VectorF0</STRONG> (Thumb, 0 bytes, Stack size 0 bytes, vectors.o(.text))
<BR>[Address Reference Count : 1]<UL><LI> vectors.o(RESET)
</UL>
<P><STRONG><a name="[83]"></a>_unhandled_exception</STRONG> (Thumb, 2 bytes, Stack size 0 bytes, vectors.o(.text), UNUSED)
<BR><BR>[Calls]<UL><LI><a href="#[83]">&gt;&gt;</a>&nbsp;&nbsp;&nbsp;_unhandled_exception
</UL>
<BR>[Called By]<UL><LI><a href="#[83]">&gt;&gt;</a>&nbsp;&nbsp;&nbsp;_unhandled_exception
</UL>

<P><STRONG><a name="[111]"></a>nvicEnableVector</STRONG> (Thumb, 64 bytes, Stack size 4 bytes, nvic.o(.text))
<BR><BR>[Stack]<UL><LI>Max Depth = 4<LI>Call Chain = nvicEnableVector
</UL>
<BR>[Called By]<UL><LI><a href="#[114]">&gt;&gt;</a>&nbsp;&nbsp;&nbsp;dmaStreamAllocate
<LI><a href="#[f2]">&gt;&gt;</a>&nbsp;&nbsp;&nbsp;sd_lld_start
<LI><a href="#[e6]">&gt;&gt;</a>&nbsp;&nbsp;&nbsp;pwm_lld_start
<LI><a href="#[db]">&gt;&gt;</a>&nbsp;&nbsp;&nbsp;i2c_lld_start
<LI><a href="#[c0]">&gt;&gt;</a>&nbsp;&nbsp;&nbsp;adc_lld_init
</UL>

<P><STRONG><a name="[112]"></a>nvicDisableVector</STRONG> (Thumb, 52 bytes, Stack size 0 bytes, nvic.o(.text), UNUSED)
<BR><BR>[Called By]<UL><LI><a href="#[115]">&gt;&gt;</a>&nbsp;&nbsp;&nbsp;dmaStreamRelease
<LI><a href="#[f4]">&gt;&gt;</a>&nbsp;&nbsp;&nbsp;sd_lld_stop
<LI><a href="#[e8]">&gt;&gt;</a>&nbsp;&nbsp;&nbsp;pwm_lld_stop
<LI><a href="#[dd]">&gt;&gt;</a>&nbsp;&nbsp;&nbsp;i2c_lld_stop
</UL>

<P><STRONG><a name="[82]"></a>nvicSetSystemHandlerPriority</STRONG> (Thumb, 34 bytes, Stack size 0 bytes, nvic.o(.text))
<BR><BR>[Called By]<UL><LI><a href="#[81]">&gt;&gt;</a>&nbsp;&nbsp;&nbsp;_port_init
</UL>

<P><STRONG><a name="[196]"></a>chThdAddRef</STRONG> (Thumb, 20 bytes, Stack size 0 bytes, chdynamic.o(.text), UNUSED)

<P><STRONG><a name="[84]"></a>chThdRelease</STRONG> (Thumb, 86 bytes, Stack size 0 bytes, chdynamic.o(.text), UNUSED)
<BR><BR>[Calls]<UL><LI><a href="#[85]">&gt;&gt;</a>&nbsp;&nbsp;&nbsp;chPoolFree
<LI><a href="#[86]">&gt;&gt;</a>&nbsp;&nbsp;&nbsp;chHeapFree
</UL>
<BR>[Called By]<UL><LI><a href="#[be]">&gt;&gt;</a>&nbsp;&nbsp;&nbsp;chThdWait
</UL>

<P><STRONG><a name="[87]"></a>chThdCreateFromHeap</STRONG> (Thumb, 62 bytes, Stack size 24 bytes, chdynamic.o(.text), UNUSED)
<BR><BR>[Calls]<UL><LI><a href="#[89]">&gt;&gt;</a>&nbsp;&nbsp;&nbsp;chThdCreateI
<LI><a href="#[88]">&gt;&gt;</a>&nbsp;&nbsp;&nbsp;chHeapAlloc
<LI><a href="#[8a]">&gt;&gt;</a>&nbsp;&nbsp;&nbsp;chSchWakeupS
</UL>

<P><STRONG><a name="[8b]"></a>chThdCreateFromMemoryPool</STRONG> (Thumb, 64 bytes, Stack size 24 bytes, chdynamic.o(.text), UNUSED)
<BR><BR>[Calls]<UL><LI><a href="#[89]">&gt;&gt;</a>&nbsp;&nbsp;&nbsp;chThdCreateI
<LI><a href="#[8c]">&gt;&gt;</a>&nbsp;&nbsp;&nbsp;chPoolAlloc
<LI><a href="#[8a]">&gt;&gt;</a>&nbsp;&nbsp;&nbsp;chSchWakeupS
</UL>

<P><STRONG><a name="[197]"></a>chEvtRegisterMask</STRONG> (Thumb, 30 bytes, Stack size 0 bytes, chevents.o(.text), UNUSED)

<P><STRONG><a name="[198]"></a>chEvtUnregister</STRONG> (Thumb, 42 bytes, Stack size 0 bytes, chevents.o(.text), UNUSED)

<P><STRONG><a name="[199]"></a>chEvtGetAndClearEvents</STRONG> (Thumb, 32 bytes, Stack size 0 bytes, chevents.o(.text), UNUSED)

<P><STRONG><a name="[19a]"></a>chEvtAddEvents</STRONG> (Thumb, 24 bytes, Stack size 0 bytes, chevents.o(.text), UNUSED)

<P><STRONG><a name="[8d]"></a>chEvtSignalI</STRONG> (Thumb, 50 bytes, Stack size 8 bytes, chevents.o(.text), UNUSED)
<BR><BR>[Calls]<UL><LI><a href="#[8e]">&gt;&gt;</a>&nbsp;&nbsp;&nbsp;chSchReadyI
</UL>

<P><STRONG><a name="[8f]"></a>chEvtBroadcastFlagsI</STRONG> (Thumb, 78 bytes, Stack size 24 bytes, chevents.o(.text))
<BR><BR>[Stack]<UL><LI>Max Depth = 24<LI>Call Chain = chEvtBroadcastFlagsI
</UL>
<BR>[Calls]<UL><LI><a href="#[8e]">&gt;&gt;</a>&nbsp;&nbsp;&nbsp;chSchReadyI
</UL>
<BR>[Called By]<UL><LI><a href="#[3f]">&gt;&gt;</a>&nbsp;&nbsp;&nbsp;VectorD8
<LI><a href="#[f6]">&gt;&gt;</a>&nbsp;&nbsp;&nbsp;sdRequestDataI
<LI><a href="#[f5]">&gt;&gt;</a>&nbsp;&nbsp;&nbsp;sdIncomingDataI
</UL>

<P><STRONG><a name="[19b]"></a>chEvtGetAndClearFlags</STRONG> (Thumb, 20 bytes, Stack size 0 bytes, chevents.o(.text), UNUSED)

<P><STRONG><a name="[90]"></a>chEvtSignal</STRONG> (Thumb, 60 bytes, Stack size 8 bytes, chevents.o(.text), UNUSED)
<BR><BR>[Calls]<UL><LI><a href="#[91]">&gt;&gt;</a>&nbsp;&nbsp;&nbsp;chSchRescheduleS
<LI><a href="#[8e]">&gt;&gt;</a>&nbsp;&nbsp;&nbsp;chSchReadyI
</UL>

<P><STRONG><a name="[92]"></a>chEvtBroadcastFlags</STRONG> (Thumb, 90 bytes, Stack size 24 bytes, chevents.o(.text), UNUSED)
<BR><BR>[Calls]<UL><LI><a href="#[91]">&gt;&gt;</a>&nbsp;&nbsp;&nbsp;chSchRescheduleS
<LI><a href="#[8e]">&gt;&gt;</a>&nbsp;&nbsp;&nbsp;chSchReadyI
</UL>

<P><STRONG><a name="[19c]"></a>chEvtGetAndClearFlagsI</STRONG> (Thumb, 10 bytes, Stack size 0 bytes, chevents.o(.text), UNUSED)

<P><STRONG><a name="[19d]"></a>chEvtDispatch</STRONG> (Thumb, 48 bytes, Stack size 24 bytes, chevents.o(.text), UNUSED)

<P><STRONG><a name="[93]"></a>chEvtWaitOne</STRONG> (Thumb, 50 bytes, Stack size 16 bytes, chevents.o(.text), UNUSED)
<BR><BR>[Calls]<UL><LI><a href="#[94]">&gt;&gt;</a>&nbsp;&nbsp;&nbsp;chSchGoSleepS
</UL>

<P><STRONG><a name="[95]"></a>chEvtWaitAny</STRONG> (Thumb, 46 bytes, Stack size 16 bytes, chevents.o(.text), UNUSED)
<BR><BR>[Calls]<UL><LI><a href="#[94]">&gt;&gt;</a>&nbsp;&nbsp;&nbsp;chSchGoSleepS
</UL>

<P><STRONG><a name="[96]"></a>chEvtWaitAll</STRONG> (Thumb, 46 bytes, Stack size 16 bytes, chevents.o(.text), UNUSED)
<BR><BR>[Calls]<UL><LI><a href="#[94]">&gt;&gt;</a>&nbsp;&nbsp;&nbsp;chSchGoSleepS
</UL>

<P><STRONG><a name="[97]"></a>chEvtWaitOneTimeout</STRONG> (Thumb, 68 bytes, Stack size 16 bytes, chevents.o(.text), UNUSED)
<BR><BR>[Calls]<UL><LI><a href="#[98]">&gt;&gt;</a>&nbsp;&nbsp;&nbsp;chSchGoSleepTimeoutS
</UL>

<P><STRONG><a name="[99]"></a>chEvtWaitAnyTimeout</STRONG> (Thumb, 64 bytes, Stack size 16 bytes, chevents.o(.text), UNUSED)
<BR><BR>[Calls]<UL><LI><a href="#[98]">&gt;&gt;</a>&nbsp;&nbsp;&nbsp;chSchGoSleepTimeoutS
</UL>

<P><STRONG><a name="[9a]"></a>chEvtWaitAllTimeout</STRONG> (Thumb, 62 bytes, Stack size 16 bytes, chevents.o(.text), UNUSED)
<BR><BR>[Calls]<UL><LI><a href="#[98]">&gt;&gt;</a>&nbsp;&nbsp;&nbsp;chSchGoSleepTimeoutS
</UL>

<P><STRONG><a name="[9b]"></a>_heap_init</STRONG> (Thumb, 18 bytes, Stack size 0 bytes, chheap.o(.text))
<BR><BR>[Calls]<UL><LI><a href="#[9c]">&gt;&gt;</a>&nbsp;&nbsp;&nbsp;chMtxInit
</UL>
<BR>[Called By]<UL><LI><a href="#[b1]">&gt;&gt;</a>&nbsp;&nbsp;&nbsp;chSysInit
</UL>

<P><STRONG><a name="[9d]"></a>chHeapInit</STRONG> (Thumb, 20 bytes, Stack size 0 bytes, chheap.o(.text), UNUSED)
<BR><BR>[Calls]<UL><LI><a href="#[9c]">&gt;&gt;</a>&nbsp;&nbsp;&nbsp;chMtxInit
</UL>

<P><STRONG><a name="[88]"></a>chHeapAlloc</STRONG> (Thumb, 128 bytes, Stack size 24 bytes, chheap.o(.text), UNUSED)
<BR><BR>[Calls]<UL><LI><a href="#[9f]">&gt;&gt;</a>&nbsp;&nbsp;&nbsp;chMtxUnlock
<LI><a href="#[9e]">&gt;&gt;</a>&nbsp;&nbsp;&nbsp;chMtxLock
</UL>
<BR>[Called By]<UL><LI><a href="#[87]">&gt;&gt;</a>&nbsp;&nbsp;&nbsp;chThdCreateFromHeap
</UL>

<P><STRONG><a name="[86]"></a>chHeapFree</STRONG> (Thumb, 106 bytes, Stack size 16 bytes, chheap.o(.text), UNUSED)
<BR><BR>[Calls]<UL><LI><a href="#[9f]">&gt;&gt;</a>&nbsp;&nbsp;&nbsp;chMtxUnlock
<LI><a href="#[9e]">&gt;&gt;</a>&nbsp;&nbsp;&nbsp;chMtxLock
</UL>
<BR>[Called By]<UL><LI><a href="#[84]">&gt;&gt;</a>&nbsp;&nbsp;&nbsp;chThdRelease
</UL>

<P><STRONG><a name="[a0]"></a>chHeapStatus</STRONG> (Thumb, 54 bytes, Stack size 16 bytes, chheap.o(.text), UNUSED)
<BR><BR>[Calls]<UL><LI><a href="#[9f]">&gt;&gt;</a>&nbsp;&nbsp;&nbsp;chMtxUnlock
<LI><a href="#[9e]">&gt;&gt;</a>&nbsp;&nbsp;&nbsp;chMtxLock
</UL>

<P><STRONG><a name="[b4]"></a>_core_init</STRONG> (Thumb, 20 bytes, Stack size 0 bytes, chmemcore.o(.text))
<BR><BR>[Called By]<UL><LI><a href="#[b1]">&gt;&gt;</a>&nbsp;&nbsp;&nbsp;chSysInit
</UL>

<P><STRONG><a name="[19e]"></a>chCoreAllocI</STRONG> (Thumb, 26 bytes, Stack size 0 bytes, chmemcore.o(.text), UNUSED)

<P><STRONG><a name="[49]"></a>chCoreAlloc</STRONG> (Thumb, 40 bytes, Stack size 0 bytes, chmemcore.o(.text))
<BR>[Address Reference Count : 1]<UL><LI> chheap.o(.text)
</UL>
<P><STRONG><a name="[19f]"></a>chCoreStatus</STRONG> (Thumb, 10 bytes, Stack size 0 bytes, chmemcore.o(.text), UNUSED)

<P><STRONG><a name="[1a0]"></a>chPoolInit</STRONG> (Thumb, 10 bytes, Stack size 0 bytes, chmempools.o(.text), UNUSED)

<P><STRONG><a name="[1a1]"></a>chPoolFreeI</STRONG> (Thumb, 8 bytes, Stack size 0 bytes, chmempools.o(.text), UNUSED)

<P><STRONG><a name="[85]"></a>chPoolFree</STRONG> (Thumb, 20 bytes, Stack size 0 bytes, chmempools.o(.text), UNUSED)
<BR><BR>[Called By]<UL><LI><a href="#[84]">&gt;&gt;</a>&nbsp;&nbsp;&nbsp;chThdRelease
</UL>

<P><STRONG><a name="[1a2]"></a>chPoolLoadArray</STRONG> (Thumb, 40 bytes, Stack size 4 bytes, chmempools.o(.text), UNUSED)

<P><STRONG><a name="[1a3]"></a>chPoolAllocI</STRONG> (Thumb, 28 bytes, Stack size 8 bytes, chmempools.o(.text), UNUSED)

<P><STRONG><a name="[8c]"></a>chPoolAlloc</STRONG> (Thumb, 40 bytes, Stack size 8 bytes, chmempools.o(.text), UNUSED)
<BR><BR>[Called By]<UL><LI><a href="#[8b]">&gt;&gt;</a>&nbsp;&nbsp;&nbsp;chThdCreateFromMemoryPool
</UL>

<P><STRONG><a name="[9c]"></a>chMtxInit</STRONG> (Thumb, 10 bytes, Stack size 0 bytes, chmtx.o(.text))
<BR><BR>[Called By]<UL><LI><a href="#[9d]">&gt;&gt;</a>&nbsp;&nbsp;&nbsp;chHeapInit
<LI><a href="#[9b]">&gt;&gt;</a>&nbsp;&nbsp;&nbsp;_heap_init
<LI><a href="#[f8]">&gt;&gt;</a>&nbsp;&nbsp;&nbsp;spiObjectInit
<LI><a href="#[d9]">&gt;&gt;</a>&nbsp;&nbsp;&nbsp;i2cObjectInit
<LI><a href="#[c1]">&gt;&gt;</a>&nbsp;&nbsp;&nbsp;adcObjectInit
</UL>

<P><STRONG><a name="[a1]"></a>chMtxLockS</STRONG> (Thumb, 210 bytes, Stack size 16 bytes, chmtx.o(.text))
<BR><BR>[Stack]<UL><LI>Max Depth = 16<LI>Call Chain = chMtxLockS
</UL>
<BR>[Calls]<UL><LI><a href="#[8e]">&gt;&gt;</a>&nbsp;&nbsp;&nbsp;chSchReadyI
<LI><a href="#[94]">&gt;&gt;</a>&nbsp;&nbsp;&nbsp;chSchGoSleepS
</UL>
<BR>[Called By]<UL><LI><a href="#[9e]">&gt;&gt;</a>&nbsp;&nbsp;&nbsp;chMtxLock
</UL>

<P><STRONG><a name="[9e]"></a>chMtxLock</STRONG> (Thumb, 20 bytes, Stack size 8 bytes, chmtx.o(.text))
<BR><BR>[Stack]<UL><LI>Max Depth = 24<LI>Call Chain = chMtxLock &rArr; chMtxLockS
</UL>
<BR>[Calls]<UL><LI><a href="#[a1]">&gt;&gt;</a>&nbsp;&nbsp;&nbsp;chMtxLockS
</UL>
<BR>[Called By]<UL><LI><a href="#[a0]">&gt;&gt;</a>&nbsp;&nbsp;&nbsp;chHeapStatus
<LI><a href="#[86]">&gt;&gt;</a>&nbsp;&nbsp;&nbsp;chHeapFree
<LI><a href="#[88]">&gt;&gt;</a>&nbsp;&nbsp;&nbsp;chHeapAlloc
<LI><a href="#[10d]">&gt;&gt;</a>&nbsp;&nbsp;&nbsp;spiAcquireBus
<LI><a href="#[e2]">&gt;&gt;</a>&nbsp;&nbsp;&nbsp;i2cAcquireBus
<LI><a href="#[cd]">&gt;&gt;</a>&nbsp;&nbsp;&nbsp;adcAcquireBus
</UL>

<P><STRONG><a name="[1a4]"></a>chMtxTryLockS</STRONG> (Thumb, 30 bytes, Stack size 0 bytes, chmtx.o(.text), UNUSED)

<P><STRONG><a name="[1a5]"></a>chMtxTryLock</STRONG> (Thumb, 42 bytes, Stack size 0 bytes, chmtx.o(.text), UNUSED)

<P><STRONG><a name="[9f]"></a>chMtxUnlock</STRONG> (Thumb, 86 bytes, Stack size 16 bytes, chmtx.o(.text))
<BR><BR>[Stack]<UL><LI>Max Depth = 24<LI>Call Chain = chMtxUnlock &rArr; chSchWakeupS
</UL>
<BR>[Calls]<UL><LI><a href="#[8a]">&gt;&gt;</a>&nbsp;&nbsp;&nbsp;chSchWakeupS
</UL>
<BR>[Called By]<UL><LI><a href="#[a0]">&gt;&gt;</a>&nbsp;&nbsp;&nbsp;chHeapStatus
<LI><a href="#[86]">&gt;&gt;</a>&nbsp;&nbsp;&nbsp;chHeapFree
<LI><a href="#[88]">&gt;&gt;</a>&nbsp;&nbsp;&nbsp;chHeapAlloc
<LI><a href="#[10e]">&gt;&gt;</a>&nbsp;&nbsp;&nbsp;spiReleaseBus
<LI><a href="#[e3]">&gt;&gt;</a>&nbsp;&nbsp;&nbsp;i2cReleaseBus
<LI><a href="#[ce]">&gt;&gt;</a>&nbsp;&nbsp;&nbsp;adcReleaseBus
</UL>

<P><STRONG><a name="[a2]"></a>chMtxUnlockS</STRONG> (Thumb, 74 bytes, Stack size 8 bytes, chmtx.o(.text), UNUSED)
<BR><BR>[Calls]<UL><LI><a href="#[8e]">&gt;&gt;</a>&nbsp;&nbsp;&nbsp;chSchReadyI
</UL>

<P><STRONG><a name="[a3]"></a>chMtxUnlockAll</STRONG> (Thumb, 72 bytes, Stack size 16 bytes, chmtx.o(.text), UNUSED)
<BR><BR>[Calls]<UL><LI><a href="#[91]">&gt;&gt;</a>&nbsp;&nbsp;&nbsp;chSchRescheduleS
<LI><a href="#[8e]">&gt;&gt;</a>&nbsp;&nbsp;&nbsp;chSchReadyI
</UL>

<P><STRONG><a name="[ef]"></a>chIQInit</STRONG> (Thumb, 32 bytes, Stack size 4 bytes, chqueues.o(.text))
<BR><BR>[Stack]<UL><LI>Max Depth = 4<LI>Call Chain = chIQInit
</UL>
<BR>[Called By]<UL><LI><a href="#[ee]">&gt;&gt;</a>&nbsp;&nbsp;&nbsp;sdObjectInit
</UL>

<P><STRONG><a name="[a4]"></a>chIQResetI</STRONG> (Thumb, 46 bytes, Stack size 16 bytes, chqueues.o(.text), UNUSED)
<BR><BR>[Calls]<UL><LI><a href="#[8e]">&gt;&gt;</a>&nbsp;&nbsp;&nbsp;chSchReadyI
</UL>
<BR>[Called By]<UL><LI><a href="#[f3]">&gt;&gt;</a>&nbsp;&nbsp;&nbsp;sdStop
</UL>

<P><STRONG><a name="[a5]"></a>chIQPutI</STRONG> (Thumb, 70 bytes, Stack size 8 bytes, chqueues.o(.text))
<BR><BR>[Stack]<UL><LI>Max Depth = 8<LI>Call Chain = chIQPutI
</UL>
<BR>[Calls]<UL><LI><a href="#[8e]">&gt;&gt;</a>&nbsp;&nbsp;&nbsp;chSchReadyI
</UL>
<BR>[Called By]<UL><LI><a href="#[f5]">&gt;&gt;</a>&nbsp;&nbsp;&nbsp;sdIncomingDataI
</UL>

<P><STRONG><a name="[a6]"></a>chIQGetTimeout</STRONG> (Thumb, 108 bytes, Stack size 24 bytes, chqueues.o(.text))
<BR><BR>[Stack]<UL><LI>Max Depth = 64<LI>Call Chain = chIQGetTimeout &rArr; chSchGoSleepTimeoutS
</UL>
<BR>[Calls]<UL><LI><a href="#[98]">&gt;&gt;</a>&nbsp;&nbsp;&nbsp;chSchGoSleepTimeoutS
</UL>
<BR>[Called By]<UL><LI><a href="#[61]">&gt;&gt;</a>&nbsp;&nbsp;&nbsp;gett
<LI><a href="#[5f]">&gt;&gt;</a>&nbsp;&nbsp;&nbsp;get
</UL>

<P><STRONG><a name="[a7]"></a>chIQReadTimeout</STRONG> (Thumb, 148 bytes, Stack size 40 bytes, chqueues.o(.text))
<BR><BR>[Stack]<UL><LI>Max Depth = 80<LI>Call Chain = chIQReadTimeout &rArr; chSchGoSleepTimeoutS
</UL>
<BR>[Calls]<UL><LI><a href="#[98]">&gt;&gt;</a>&nbsp;&nbsp;&nbsp;chSchGoSleepTimeoutS
</UL>
<BR>[Called By]<UL><LI><a href="#[63]">&gt;&gt;</a>&nbsp;&nbsp;&nbsp;readt
<LI><a href="#[5d]">&gt;&gt;</a>&nbsp;&nbsp;&nbsp;read
<LI><a href="#[56]">&gt;&gt;</a>&nbsp;&nbsp;&nbsp;ThreadComSnd
</UL>

<P><STRONG><a name="[f0]"></a>chOQInit</STRONG> (Thumb, 26 bytes, Stack size 0 bytes, chqueues.o(.text))
<BR><BR>[Called By]<UL><LI><a href="#[ee]">&gt;&gt;</a>&nbsp;&nbsp;&nbsp;sdObjectInit
</UL>

<P><STRONG><a name="[a8]"></a>chOQResetI</STRONG> (Thumb, 48 bytes, Stack size 16 bytes, chqueues.o(.text), UNUSED)
<BR><BR>[Calls]<UL><LI><a href="#[8e]">&gt;&gt;</a>&nbsp;&nbsp;&nbsp;chSchReadyI
</UL>
<BR>[Called By]<UL><LI><a href="#[f3]">&gt;&gt;</a>&nbsp;&nbsp;&nbsp;sdStop
</UL>

<P><STRONG><a name="[a9]"></a>chOQPutTimeout</STRONG> (Thumb, 124 bytes, Stack size 24 bytes, chqueues.o(.text))
<BR><BR>[Stack]<UL><LI>Max Depth = 64<LI>Call Chain = chOQPutTimeout &rArr; chSchGoSleepTimeoutS
</UL>
<BR>[Calls]<UL><LI><a href="#[98]">&gt;&gt;</a>&nbsp;&nbsp;&nbsp;chSchGoSleepTimeoutS
</UL>
<BR>[Called By]<UL><LI><a href="#[60]">&gt;&gt;</a>&nbsp;&nbsp;&nbsp;putt
<LI><a href="#[5e]">&gt;&gt;</a>&nbsp;&nbsp;&nbsp;put
</UL>

<P><STRONG><a name="[aa]"></a>chOQGetI</STRONG> (Thumb, 68 bytes, Stack size 8 bytes, chqueues.o(.text))
<BR><BR>[Stack]<UL><LI>Max Depth = 8<LI>Call Chain = chOQGetI
</UL>
<BR>[Calls]<UL><LI><a href="#[8e]">&gt;&gt;</a>&nbsp;&nbsp;&nbsp;chSchReadyI
</UL>
<BR>[Called By]<UL><LI><a href="#[3f]">&gt;&gt;</a>&nbsp;&nbsp;&nbsp;VectorD8
<LI><a href="#[f6]">&gt;&gt;</a>&nbsp;&nbsp;&nbsp;sdRequestDataI
</UL>

<P><STRONG><a name="[ab]"></a>chOQWriteTimeout</STRONG> (Thumb, 146 bytes, Stack size 40 bytes, chqueues.o(.text))
<BR><BR>[Stack]<UL><LI>Max Depth = 80<LI>Call Chain = chOQWriteTimeout &rArr; chSchGoSleepTimeoutS
</UL>
<BR>[Calls]<UL><LI><a href="#[98]">&gt;&gt;</a>&nbsp;&nbsp;&nbsp;chSchGoSleepTimeoutS
</UL>
<BR>[Called By]<UL><LI><a href="#[62]">&gt;&gt;</a>&nbsp;&nbsp;&nbsp;writet
<LI><a href="#[5c]">&gt;&gt;</a>&nbsp;&nbsp;&nbsp;write
<LI><a href="#[55]">&gt;&gt;</a>&nbsp;&nbsp;&nbsp;ThreadComRcv
</UL>

<P><STRONG><a name="[b2]"></a>_scheduler_init</STRONG> (Thumb, 16 bytes, Stack size 0 bytes, chschd.o(.text))
<BR><BR>[Called By]<UL><LI><a href="#[b1]">&gt;&gt;</a>&nbsp;&nbsp;&nbsp;chSysInit
</UL>

<P><STRONG><a name="[8e]"></a>chSchReadyI</STRONG> (Thumb, 30 bytes, Stack size 0 bytes, chschd.o(.text))
<BR><BR>[Called By]<UL><LI><a href="#[bd]">&gt;&gt;</a>&nbsp;&nbsp;&nbsp;chThdExitS
<LI><a href="#[aa]">&gt;&gt;</a>&nbsp;&nbsp;&nbsp;chOQGetI
<LI><a href="#[a8]">&gt;&gt;</a>&nbsp;&nbsp;&nbsp;chOQResetI
<LI><a href="#[a5]">&gt;&gt;</a>&nbsp;&nbsp;&nbsp;chIQPutI
<LI><a href="#[a4]">&gt;&gt;</a>&nbsp;&nbsp;&nbsp;chIQResetI
<LI><a href="#[a3]">&gt;&gt;</a>&nbsp;&nbsp;&nbsp;chMtxUnlockAll
<LI><a href="#[92]">&gt;&gt;</a>&nbsp;&nbsp;&nbsp;chEvtBroadcastFlags
<LI><a href="#[90]">&gt;&gt;</a>&nbsp;&nbsp;&nbsp;chEvtSignal
<LI><a href="#[8f]">&gt;&gt;</a>&nbsp;&nbsp;&nbsp;chEvtBroadcastFlagsI
<LI><a href="#[8d]">&gt;&gt;</a>&nbsp;&nbsp;&nbsp;chEvtSignalI
<LI><a href="#[a2]">&gt;&gt;</a>&nbsp;&nbsp;&nbsp;chMtxUnlockS
<LI><a href="#[a1]">&gt;&gt;</a>&nbsp;&nbsp;&nbsp;chMtxLockS
<LI><a href="#[7e]">&gt;&gt;</a>&nbsp;&nbsp;&nbsp;chThdExit
<LI><a href="#[118]">&gt;&gt;</a>&nbsp;&nbsp;&nbsp;i2c_lld_serve_error_interrupt
<LI><a href="#[117]">&gt;&gt;</a>&nbsp;&nbsp;&nbsp;i2c_lld_serve_event_interrupt
<LI><a href="#[52]">&gt;&gt;</a>&nbsp;&nbsp;&nbsp;i2c_lld_serve_rx_end_irq
<LI><a href="#[54]">&gt;&gt;</a>&nbsp;&nbsp;&nbsp;i2c_lld_safety_timeout
<LI><a href="#[2b]">&gt;&gt;</a>&nbsp;&nbsp;&nbsp;Vector88
<LI><a href="#[51]">&gt;&gt;</a>&nbsp;&nbsp;&nbsp;adc_lld_serve_rx_interrupt
<LI><a href="#[4f]">&gt;&gt;</a>&nbsp;&nbsp;&nbsp;spi_lld_serve_rx_interrupt
<LI><a href="#[cb]">&gt;&gt;</a>&nbsp;&nbsp;&nbsp;adcStopConversionI
</UL>

<P><STRONG><a name="[94]"></a>chSchGoSleepS</STRONG> (Thumb, 36 bytes, Stack size 0 bytes, chschd.o(.text))
<BR><BR>[Calls]<UL><LI><a href="#[ac]">&gt;&gt;</a>&nbsp;&nbsp;&nbsp;_port_switch
</UL>
<BR>[Called By]<UL><LI><a href="#[be]">&gt;&gt;</a>&nbsp;&nbsp;&nbsp;chThdWait
<LI><a href="#[bd]">&gt;&gt;</a>&nbsp;&nbsp;&nbsp;chThdExitS
<LI><a href="#[96]">&gt;&gt;</a>&nbsp;&nbsp;&nbsp;chEvtWaitAll
<LI><a href="#[95]">&gt;&gt;</a>&nbsp;&nbsp;&nbsp;chEvtWaitAny
<LI><a href="#[93]">&gt;&gt;</a>&nbsp;&nbsp;&nbsp;chEvtWaitOne
<LI><a href="#[a1]">&gt;&gt;</a>&nbsp;&nbsp;&nbsp;chMtxLockS
<LI><a href="#[7e]">&gt;&gt;</a>&nbsp;&nbsp;&nbsp;chThdExit
<LI><a href="#[10c]">&gt;&gt;</a>&nbsp;&nbsp;&nbsp;spiReceive
<LI><a href="#[10b]">&gt;&gt;</a>&nbsp;&nbsp;&nbsp;spiSend
<LI><a href="#[10a]">&gt;&gt;</a>&nbsp;&nbsp;&nbsp;spiExchange
<LI><a href="#[109]">&gt;&gt;</a>&nbsp;&nbsp;&nbsp;spiIgnore
<LI><a href="#[df]">&gt;&gt;</a>&nbsp;&nbsp;&nbsp;i2c_lld_master_transmit_timeout
<LI><a href="#[e1]">&gt;&gt;</a>&nbsp;&nbsp;&nbsp;i2c_lld_master_receive_timeout
<LI><a href="#[cc]">&gt;&gt;</a>&nbsp;&nbsp;&nbsp;adcConvert
</UL>

<P><STRONG><a name="[98]"></a>chSchGoSleepTimeoutS</STRONG> (Thumb, 100 bytes, Stack size 40 bytes, chschd.o(.text))
<BR><BR>[Stack]<UL><LI>Max Depth = 40<LI>Call Chain = chSchGoSleepTimeoutS
</UL>
<BR>[Calls]<UL><LI><a href="#[ad]">&gt;&gt;</a>&nbsp;&nbsp;&nbsp;chVTSetI
<LI><a href="#[ae]">&gt;&gt;</a>&nbsp;&nbsp;&nbsp;chVTResetI
<LI><a href="#[ac]">&gt;&gt;</a>&nbsp;&nbsp;&nbsp;_port_switch
</UL>
<BR>[Called By]<UL><LI><a href="#[bb]">&gt;&gt;</a>&nbsp;&nbsp;&nbsp;chThdSleepUntil
<LI><a href="#[ba]">&gt;&gt;</a>&nbsp;&nbsp;&nbsp;chThdSleep
<LI><a href="#[ab]">&gt;&gt;</a>&nbsp;&nbsp;&nbsp;chOQWriteTimeout
<LI><a href="#[a9]">&gt;&gt;</a>&nbsp;&nbsp;&nbsp;chOQPutTimeout
<LI><a href="#[a7]">&gt;&gt;</a>&nbsp;&nbsp;&nbsp;chIQReadTimeout
<LI><a href="#[a6]">&gt;&gt;</a>&nbsp;&nbsp;&nbsp;chIQGetTimeout
<LI><a href="#[9a]">&gt;&gt;</a>&nbsp;&nbsp;&nbsp;chEvtWaitAllTimeout
<LI><a href="#[99]">&gt;&gt;</a>&nbsp;&nbsp;&nbsp;chEvtWaitAnyTimeout
<LI><a href="#[97]">&gt;&gt;</a>&nbsp;&nbsp;&nbsp;chEvtWaitOneTimeout
</UL>

<P><STRONG><a name="[8a]"></a>chSchWakeupS</STRONG> (Thumb, 94 bytes, Stack size 8 bytes, chschd.o(.text))
<BR><BR>[Stack]<UL><LI>Max Depth = 8<LI>Call Chain = chSchWakeupS
</UL>
<BR>[Calls]<UL><LI><a href="#[ac]">&gt;&gt;</a>&nbsp;&nbsp;&nbsp;_port_switch
</UL>
<BR>[Called By]<UL><LI><a href="#[b9]">&gt;&gt;</a>&nbsp;&nbsp;&nbsp;chThdResume
<LI><a href="#[b7]">&gt;&gt;</a>&nbsp;&nbsp;&nbsp;chThdCreateStatic
<LI><a href="#[9f]">&gt;&gt;</a>&nbsp;&nbsp;&nbsp;chMtxUnlock
<LI><a href="#[8b]">&gt;&gt;</a>&nbsp;&nbsp;&nbsp;chThdCreateFromMemoryPool
<LI><a href="#[87]">&gt;&gt;</a>&nbsp;&nbsp;&nbsp;chThdCreateFromHeap
<LI><a href="#[c9]">&gt;&gt;</a>&nbsp;&nbsp;&nbsp;adcStopConversion
</UL>

<P><STRONG><a name="[af]"></a>chSchDoRescheduleAhead</STRONG> (Thumb, 62 bytes, Stack size 0 bytes, chschd.o(.text), UNUSED)
<BR><BR>[Calls]<UL><LI><a href="#[ac]">&gt;&gt;</a>&nbsp;&nbsp;&nbsp;_port_switch
</UL>

<P><STRONG><a name="[91]"></a>chSchRescheduleS</STRONG> (Thumb, 74 bytes, Stack size 0 bytes, chschd.o(.text), UNUSED)
<BR><BR>[Calls]<UL><LI><a href="#[ac]">&gt;&gt;</a>&nbsp;&nbsp;&nbsp;_port_switch
</UL>
<BR>[Called By]<UL><LI><a href="#[b8]">&gt;&gt;</a>&nbsp;&nbsp;&nbsp;chThdSetPriority
<LI><a href="#[a3]">&gt;&gt;</a>&nbsp;&nbsp;&nbsp;chMtxUnlockAll
<LI><a href="#[92]">&gt;&gt;</a>&nbsp;&nbsp;&nbsp;chEvtBroadcastFlags
<LI><a href="#[90]">&gt;&gt;</a>&nbsp;&nbsp;&nbsp;chEvtSignal
<LI><a href="#[f3]">&gt;&gt;</a>&nbsp;&nbsp;&nbsp;sdStop
</UL>

<P><STRONG><a name="[b0]"></a>chSchDoRescheduleBehind</STRONG> (Thumb, 66 bytes, Stack size 0 bytes, chschd.o(.text), UNUSED)
<BR><BR>[Calls]<UL><LI><a href="#[ac]">&gt;&gt;</a>&nbsp;&nbsp;&nbsp;_port_switch
</UL>
<BR>[Called By]<UL><LI><a href="#[bc]">&gt;&gt;</a>&nbsp;&nbsp;&nbsp;chThdYield
</UL>

<P><STRONG><a name="[7f]"></a>chSchDoReschedule</STRONG> (Thumb, 130 bytes, Stack size 16 bytes, chschd.o(.text))
<BR><BR>[Stack]<UL><LI>Max Depth = 16<LI>Call Chain = chSchDoReschedule
</UL>
<BR>[Calls]<UL><LI><a href="#[ac]">&gt;&gt;</a>&nbsp;&nbsp;&nbsp;_port_switch
</UL>
<BR>[Called By]<UL><LI><a href="#[47]">&gt;&gt;</a>&nbsp;&nbsp;&nbsp;_port_switch_from_isr
</UL>

<P><STRONG><a name="[b6]"></a>_idle_thread</STRONG> (Thumb, 10 bytes, Stack size 0 bytes, chsys.o(.text))
<BR>[Address Reference Count : 1]<UL><LI> chsys.o(.text)
</UL>
<P><STRONG><a name="[b1]"></a>chSysInit</STRONG> (Thumb, 68 bytes, Stack size 8 bytes, chsys.o(.text))
<BR><BR>[Stack]<UL><LI>Max Depth = 32<LI>Call Chain = chSysInit &rArr; chThdCreateStatic &rArr; chSchWakeupS
</UL>
<BR>[Calls]<UL><LI><a href="#[b7]">&gt;&gt;</a>&nbsp;&nbsp;&nbsp;chThdCreateStatic
<LI><a href="#[b3]">&gt;&gt;</a>&nbsp;&nbsp;&nbsp;_vt_init
<LI><a href="#[b5]">&gt;&gt;</a>&nbsp;&nbsp;&nbsp;_thread_init
<LI><a href="#[b2]">&gt;&gt;</a>&nbsp;&nbsp;&nbsp;_scheduler_init
<LI><a href="#[b4]">&gt;&gt;</a>&nbsp;&nbsp;&nbsp;_core_init
<LI><a href="#[9b]">&gt;&gt;</a>&nbsp;&nbsp;&nbsp;_heap_init
<LI><a href="#[81]">&gt;&gt;</a>&nbsp;&nbsp;&nbsp;_port_init
</UL>
<BR>[Called By]<UL><LI><a href="#[76]">&gt;&gt;</a>&nbsp;&nbsp;&nbsp;main
</UL>

<P><STRONG><a name="[80]"></a>chSysTimerHandlerI</STRONG> (Thumb, 88 bytes, Stack size 16 bytes, chsys.o(.text))
<BR><BR>[Stack]<UL><LI>Max Depth = 16<LI>Call Chain = chSysTimerHandlerI
</UL>
<BR>[Called By]<UL><LI><a href="#[18]">&gt;&gt;</a>&nbsp;&nbsp;&nbsp;SysTickVector
</UL>

<P><STRONG><a name="[b5]"></a>_thread_init</STRONG> (Thumb, 56 bytes, Stack size 0 bytes, chthreads.o(.text))
<BR><BR>[Called By]<UL><LI><a href="#[b1]">&gt;&gt;</a>&nbsp;&nbsp;&nbsp;chSysInit
</UL>

<P><STRONG><a name="[89]"></a>chThdCreateI</STRONG> (Thumb, 80 bytes, Stack size 0 bytes, chthreads.o(.text), UNUSED)
<BR><BR>[Called By]<UL><LI><a href="#[8b]">&gt;&gt;</a>&nbsp;&nbsp;&nbsp;chThdCreateFromMemoryPool
<LI><a href="#[87]">&gt;&gt;</a>&nbsp;&nbsp;&nbsp;chThdCreateFromHeap
</UL>

<P><STRONG><a name="[b7]"></a>chThdCreateStatic</STRONG> (Thumb, 102 bytes, Stack size 16 bytes, chthreads.o(.text))
<BR><BR>[Stack]<UL><LI>Max Depth = 24<LI>Call Chain = chThdCreateStatic &rArr; chSchWakeupS
</UL>
<BR>[Calls]<UL><LI><a href="#[8a]">&gt;&gt;</a>&nbsp;&nbsp;&nbsp;chSchWakeupS
</UL>
<BR>[Called By]<UL><LI><a href="#[b1]">&gt;&gt;</a>&nbsp;&nbsp;&nbsp;chSysInit
<LI><a href="#[76]">&gt;&gt;</a>&nbsp;&nbsp;&nbsp;main
</UL>

<P><STRONG><a name="[b8]"></a>chThdSetPriority</STRONG> (Thumb, 44 bytes, Stack size 8 bytes, chthreads.o(.text), UNUSED)
<BR><BR>[Calls]<UL><LI><a href="#[91]">&gt;&gt;</a>&nbsp;&nbsp;&nbsp;chSchRescheduleS
</UL>

<P><STRONG><a name="[b9]"></a>chThdResume</STRONG> (Thumb, 26 bytes, Stack size 8 bytes, chthreads.o(.text), UNUSED)
<BR><BR>[Calls]<UL><LI><a href="#[8a]">&gt;&gt;</a>&nbsp;&nbsp;&nbsp;chSchWakeupS
</UL>

<P><STRONG><a name="[1a6]"></a>chThdTerminate</STRONG> (Thumb, 22 bytes, Stack size 0 bytes, chthreads.o(.text), UNUSED)

<P><STRONG><a name="[ba]"></a>chThdSleep</STRONG> (Thumb, 24 bytes, Stack size 8 bytes, chthreads.o(.text))
<BR><BR>[Stack]<UL><LI>Max Depth = 48<LI>Call Chain = chThdSleep &rArr; chSchGoSleepTimeoutS
</UL>
<BR>[Calls]<UL><LI><a href="#[98]">&gt;&gt;</a>&nbsp;&nbsp;&nbsp;chSchGoSleepTimeoutS
</UL>
<BR>[Called By]<UL><LI><a href="#[76]">&gt;&gt;</a>&nbsp;&nbsp;&nbsp;main
</UL>

<P><STRONG><a name="[bb]"></a>chThdSleepUntil</STRONG> (Thumb, 30 bytes, Stack size 8 bytes, chthreads.o(.text), UNUSED)
<BR><BR>[Calls]<UL><LI><a href="#[98]">&gt;&gt;</a>&nbsp;&nbsp;&nbsp;chSchGoSleepTimeoutS
</UL>

<P><STRONG><a name="[bc]"></a>chThdYield</STRONG> (Thumb, 34 bytes, Stack size 8 bytes, chthreads.o(.text), UNUSED)
<BR><BR>[Calls]<UL><LI><a href="#[b0]">&gt;&gt;</a>&nbsp;&nbsp;&nbsp;chSchDoRescheduleBehind
</UL>

<P><STRONG><a name="[bd]"></a>chThdExitS</STRONG> (Thumb, 64 bytes, Stack size 16 bytes, chthreads.o(.text), UNUSED)
<BR><BR>[Calls]<UL><LI><a href="#[8e]">&gt;&gt;</a>&nbsp;&nbsp;&nbsp;chSchReadyI
<LI><a href="#[94]">&gt;&gt;</a>&nbsp;&nbsp;&nbsp;chSchGoSleepS
</UL>

<P><STRONG><a name="[7e]"></a>chThdExit</STRONG> (Thumb, 70 bytes, Stack size 16 bytes, chthreads.o(.text))
<BR><BR>[Stack]<UL><LI>Max Depth = 16<LI>Call Chain = chThdExit
</UL>
<BR>[Calls]<UL><LI><a href="#[8e]">&gt;&gt;</a>&nbsp;&nbsp;&nbsp;chSchReadyI
<LI><a href="#[94]">&gt;&gt;</a>&nbsp;&nbsp;&nbsp;chSchGoSleepS
</UL>
<BR>[Called By]<UL><LI><a href="#[4b]">&gt;&gt;</a>&nbsp;&nbsp;&nbsp;_port_thread_start
</UL>

<P><STRONG><a name="[be]"></a>chThdWait</STRONG> (Thumb, 50 bytes, Stack size 16 bytes, chthreads.o(.text), UNUSED)
<BR><BR>[Calls]<UL><LI><a href="#[84]">&gt;&gt;</a>&nbsp;&nbsp;&nbsp;chThdRelease
<LI><a href="#[94]">&gt;&gt;</a>&nbsp;&nbsp;&nbsp;chSchGoSleepS
</UL>

<P><STRONG><a name="[b3]"></a>_vt_init</STRONG> (Thumb, 18 bytes, Stack size 0 bytes, chvt.o(.text))
<BR><BR>[Called By]<UL><LI><a href="#[b1]">&gt;&gt;</a>&nbsp;&nbsp;&nbsp;chSysInit
</UL>

<P><STRONG><a name="[ad]"></a>chVTSetI</STRONG> (Thumb, 56 bytes, Stack size 0 bytes, chvt.o(.text))
<BR><BR>[Called By]<UL><LI><a href="#[98]">&gt;&gt;</a>&nbsp;&nbsp;&nbsp;chSchGoSleepTimeoutS
<LI><a href="#[df]">&gt;&gt;</a>&nbsp;&nbsp;&nbsp;i2c_lld_master_transmit_timeout
<LI><a href="#[e1]">&gt;&gt;</a>&nbsp;&nbsp;&nbsp;i2c_lld_master_receive_timeout
</UL>

<P><STRONG><a name="[ae]"></a>chVTResetI</STRONG> (Thumb, 34 bytes, Stack size 0 bytes, chvt.o(.text))
<BR><BR>[Called By]<UL><LI><a href="#[98]">&gt;&gt;</a>&nbsp;&nbsp;&nbsp;chSchGoSleepTimeoutS
<LI><a href="#[df]">&gt;&gt;</a>&nbsp;&nbsp;&nbsp;i2c_lld_master_transmit_timeout
<LI><a href="#[e1]">&gt;&gt;</a>&nbsp;&nbsp;&nbsp;i2c_lld_master_receive_timeout
</UL>

<P><STRONG><a name="[1a7]"></a>chTimeIsWithin</STRONG> (Thumb, 34 bytes, Stack size 0 bytes, chvt.o(.text), UNUSED)

<P><STRONG><a name="[bf]"></a>adcInit</STRONG> (Thumb, 4 bytes, Stack size 0 bytes, adc.o(.text))
<BR><BR>[Stack]<UL><LI>Max Depth = 12<LI>Call Chain = adcInit &rArr; adc_lld_init &rArr; nvicEnableVector
</UL>
<BR>[Calls]<UL><LI><a href="#[c0]">&gt;&gt;</a>&nbsp;&nbsp;&nbsp;adc_lld_init
</UL>
<BR>[Called By]<UL><LI><a href="#[cf]">&gt;&gt;</a>&nbsp;&nbsp;&nbsp;halInit
</UL>

<P><STRONG><a name="[c1]"></a>adcObjectInit</STRONG> (Thumb, 22 bytes, Stack size 0 bytes, adc.o(.text))
<BR><BR>[Calls]<UL><LI><a href="#[9c]">&gt;&gt;</a>&nbsp;&nbsp;&nbsp;chMtxInit
</UL>
<BR>[Called By]<UL><LI><a href="#[c0]">&gt;&gt;</a>&nbsp;&nbsp;&nbsp;adc_lld_init
</UL>

<P><STRONG><a name="[c2]"></a>adcStart</STRONG> (Thumb, 30 bytes, Stack size 8 bytes, adc.o(.text), UNUSED)
<BR><BR>[Calls]<UL><LI><a href="#[c3]">&gt;&gt;</a>&nbsp;&nbsp;&nbsp;adc_lld_start
</UL>

<P><STRONG><a name="[c4]"></a>adcStop</STRONG> (Thumb, 28 bytes, Stack size 8 bytes, adc.o(.text), UNUSED)
<BR><BR>[Calls]<UL><LI><a href="#[c5]">&gt;&gt;</a>&nbsp;&nbsp;&nbsp;adc_lld_stop
</UL>

<P><STRONG><a name="[c6]"></a>adcStartConversionI</STRONG> (Thumb, 14 bytes, Stack size 0 bytes, adc.o(.text), UNUSED)
<BR><BR>[Calls]<UL><LI><a href="#[c7]">&gt;&gt;</a>&nbsp;&nbsp;&nbsp;adc_lld_start_conversion
</UL>

<P><STRONG><a name="[c8]"></a>adcStartConversion</STRONG> (Thumb, 32 bytes, Stack size 8 bytes, adc.o(.text), UNUSED)
<BR><BR>[Calls]<UL><LI><a href="#[c7]">&gt;&gt;</a>&nbsp;&nbsp;&nbsp;adc_lld_start_conversion
</UL>

<P><STRONG><a name="[c9]"></a>adcStopConversion</STRONG> (Thumb, 48 bytes, Stack size 16 bytes, adc.o(.text), UNUSED)
<BR><BR>[Calls]<UL><LI><a href="#[8a]">&gt;&gt;</a>&nbsp;&nbsp;&nbsp;chSchWakeupS
<LI><a href="#[ca]">&gt;&gt;</a>&nbsp;&nbsp;&nbsp;adc_lld_stop_conversion
</UL>

<P><STRONG><a name="[cb]"></a>adcStopConversionI</STRONG> (Thumb, 50 bytes, Stack size 8 bytes, adc.o(.text), UNUSED)
<BR><BR>[Calls]<UL><LI><a href="#[8e]">&gt;&gt;</a>&nbsp;&nbsp;&nbsp;chSchReadyI
<LI><a href="#[ca]">&gt;&gt;</a>&nbsp;&nbsp;&nbsp;adc_lld_stop_conversion
</UL>

<P><STRONG><a name="[cc]"></a>adcConvert</STRONG> (Thumb, 50 bytes, Stack size 16 bytes, adc.o(.text), UNUSED)
<BR><BR>[Calls]<UL><LI><a href="#[94]">&gt;&gt;</a>&nbsp;&nbsp;&nbsp;chSchGoSleepS
<LI><a href="#[c7]">&gt;&gt;</a>&nbsp;&nbsp;&nbsp;adc_lld_start_conversion
</UL>

<P><STRONG><a name="[cd]"></a>adcAcquireBus</STRONG> (Thumb, 6 bytes, Stack size 0 bytes, adc.o(.text), UNUSED)
<BR><BR>[Calls]<UL><LI><a href="#[9e]">&gt;&gt;</a>&nbsp;&nbsp;&nbsp;chMtxLock
</UL>

<P><STRONG><a name="[ce]"></a>adcReleaseBus</STRONG> (Thumb, 4 bytes, Stack size 0 bytes, adc.o(.text), UNUSED)
<BR><BR>[Calls]<UL><LI><a href="#[9f]">&gt;&gt;</a>&nbsp;&nbsp;&nbsp;chMtxUnlock
</UL>

<P><STRONG><a name="[cf]"></a>halInit</STRONG> (Thumb, 44 bytes, Stack size 8 bytes, hal.o(.text))
<BR><BR>[Stack]<UL><LI>Max Depth = 40<LI>Call Chain = halInit &rArr; tmInit
</UL>
<BR>[Calls]<UL><LI><a href="#[d7]">&gt;&gt;</a>&nbsp;&nbsp;&nbsp;boardInit
<LI><a href="#[d1]">&gt;&gt;</a>&nbsp;&nbsp;&nbsp;tmInit
<LI><a href="#[d6]">&gt;&gt;</a>&nbsp;&nbsp;&nbsp;spiInit
<LI><a href="#[d5]">&gt;&gt;</a>&nbsp;&nbsp;&nbsp;sdInit
<LI><a href="#[d4]">&gt;&gt;</a>&nbsp;&nbsp;&nbsp;pwmInit
<LI><a href="#[d3]">&gt;&gt;</a>&nbsp;&nbsp;&nbsp;i2cInit
<LI><a href="#[d0]">&gt;&gt;</a>&nbsp;&nbsp;&nbsp;hal_lld_init
<LI><a href="#[d2]">&gt;&gt;</a>&nbsp;&nbsp;&nbsp;_pal_lld_init
<LI><a href="#[bf]">&gt;&gt;</a>&nbsp;&nbsp;&nbsp;adcInit
</UL>
<BR>[Called By]<UL><LI><a href="#[76]">&gt;&gt;</a>&nbsp;&nbsp;&nbsp;main
</UL>

<P><STRONG><a name="[1a8]"></a>halIsCounterWithin</STRONG> (Thumb, 34 bytes, Stack size 0 bytes, hal.o(.text), UNUSED)

<P><STRONG><a name="[1a9]"></a>halPolledDelay</STRONG> (Thumb, 32 bytes, Stack size 0 bytes, hal.o(.text), UNUSED)

<P><STRONG><a name="[d3]"></a>i2cInit</STRONG> (Thumb, 4 bytes, Stack size 0 bytes, i2c.o(.text))
<BR><BR>[Stack]<UL><LI>Max Depth = 8<LI>Call Chain = i2cInit &rArr; i2c_lld_init
</UL>
<BR>[Calls]<UL><LI><a href="#[d8]">&gt;&gt;</a>&nbsp;&nbsp;&nbsp;i2c_lld_init
</UL>
<BR>[Called By]<UL><LI><a href="#[cf]">&gt;&gt;</a>&nbsp;&nbsp;&nbsp;halInit
<LI><a href="#[76]">&gt;&gt;</a>&nbsp;&nbsp;&nbsp;main
</UL>

<P><STRONG><a name="[d9]"></a>i2cObjectInit</STRONG> (Thumb, 14 bytes, Stack size 0 bytes, i2c.o(.text))
<BR><BR>[Calls]<UL><LI><a href="#[9c]">&gt;&gt;</a>&nbsp;&nbsp;&nbsp;chMtxInit
</UL>
<BR>[Called By]<UL><LI><a href="#[d8]">&gt;&gt;</a>&nbsp;&nbsp;&nbsp;i2c_lld_init
<LI><a href="#[76]">&gt;&gt;</a>&nbsp;&nbsp;&nbsp;main
</UL>

<P><STRONG><a name="[da]"></a>i2cStart</STRONG> (Thumb, 30 bytes, Stack size 8 bytes, i2c.o(.text))
<BR><BR>[Stack]<UL><LI>Max Depth = 60<LI>Call Chain = i2cStart &rArr; i2c_lld_start &rArr; dmaStreamAllocate &rArr; nvicEnableVector
</UL>
<BR>[Calls]<UL><LI><a href="#[db]">&gt;&gt;</a>&nbsp;&nbsp;&nbsp;i2c_lld_start
</UL>
<BR>[Called By]<UL><LI><a href="#[76]">&gt;&gt;</a>&nbsp;&nbsp;&nbsp;main
</UL>

<P><STRONG><a name="[dc]"></a>i2cStop</STRONG> (Thumb, 28 bytes, Stack size 8 bytes, i2c.o(.text), UNUSED)
<BR><BR>[Calls]<UL><LI><a href="#[dd]">&gt;&gt;</a>&nbsp;&nbsp;&nbsp;i2c_lld_stop
</UL>

<P><STRONG><a name="[1aa]"></a>i2cGetErrors</STRONG> (Thumb, 4 bytes, Stack size 0 bytes, i2c.o(.text), UNUSED)

<P><STRONG><a name="[de]"></a>i2cMasterTransmitTimeout</STRONG> (Thumb, 60 bytes, Stack size 32 bytes, i2c.o(.text))
<BR><BR>[Stack]<UL><LI>Max Depth = 88<LI>Call Chain = i2cMasterTransmitTimeout &rArr; i2c_lld_master_transmit_timeout
</UL>
<BR>[Calls]<UL><LI><a href="#[df]">&gt;&gt;</a>&nbsp;&nbsp;&nbsp;i2c_lld_master_transmit_timeout
</UL>
<BR>[Called By]<UL><LI><a href="#[11f]">&gt;&gt;</a>&nbsp;&nbsp;&nbsp;calculatePressure
<LI><a href="#[11d]">&gt;&gt;</a>&nbsp;&nbsp;&nbsp;readUncompensatedPressure
<LI><a href="#[11c]">&gt;&gt;</a>&nbsp;&nbsp;&nbsp;readUncompensatedTemperature
<LI><a href="#[58]">&gt;&gt;</a>&nbsp;&nbsp;&nbsp;ThreadAltitude
<LI><a href="#[57]">&gt;&gt;</a>&nbsp;&nbsp;&nbsp;ThreadRoulisTangage
</UL>

<P><STRONG><a name="[e0]"></a>i2cMasterReceiveTimeout</STRONG> (Thumb, 50 bytes, Stack size 16 bytes, i2c.o(.text))
<BR><BR>[Stack]<UL><LI>Max Depth = 64<LI>Call Chain = i2cMasterReceiveTimeout &rArr; i2c_lld_master_receive_timeout
</UL>
<BR>[Calls]<UL><LI><a href="#[e1]">&gt;&gt;</a>&nbsp;&nbsp;&nbsp;i2c_lld_master_receive_timeout
</UL>
<BR>[Called By]<UL><LI><a href="#[11f]">&gt;&gt;</a>&nbsp;&nbsp;&nbsp;calculatePressure
<LI><a href="#[11d]">&gt;&gt;</a>&nbsp;&nbsp;&nbsp;readUncompensatedPressure
<LI><a href="#[11c]">&gt;&gt;</a>&nbsp;&nbsp;&nbsp;readUncompensatedTemperature
<LI><a href="#[58]">&gt;&gt;</a>&nbsp;&nbsp;&nbsp;ThreadAltitude
</UL>

<P><STRONG><a name="[e2]"></a>i2cAcquireBus</STRONG> (Thumb, 6 bytes, Stack size 0 bytes, i2c.o(.text))
<BR><BR>[Stack]<UL><LI>Max Depth = 24<LI>Call Chain = i2cAcquireBus &rArr; chMtxLock &rArr; chMtxLockS
</UL>
<BR>[Calls]<UL><LI><a href="#[9e]">&gt;&gt;</a>&nbsp;&nbsp;&nbsp;chMtxLock
</UL>
<BR>[Called By]<UL><LI><a href="#[11f]">&gt;&gt;</a>&nbsp;&nbsp;&nbsp;calculatePressure
<LI><a href="#[11d]">&gt;&gt;</a>&nbsp;&nbsp;&nbsp;readUncompensatedPressure
<LI><a href="#[11c]">&gt;&gt;</a>&nbsp;&nbsp;&nbsp;readUncompensatedTemperature
<LI><a href="#[58]">&gt;&gt;</a>&nbsp;&nbsp;&nbsp;ThreadAltitude
<LI><a href="#[57]">&gt;&gt;</a>&nbsp;&nbsp;&nbsp;ThreadRoulisTangage
</UL>

<P><STRONG><a name="[e3]"></a>i2cReleaseBus</STRONG> (Thumb, 4 bytes, Stack size 0 bytes, i2c.o(.text))
<BR><BR>[Stack]<UL><LI>Max Depth = 24<LI>Call Chain = i2cReleaseBus &rArr; chMtxUnlock &rArr; chSchWakeupS
</UL>
<BR>[Calls]<UL><LI><a href="#[9f]">&gt;&gt;</a>&nbsp;&nbsp;&nbsp;chMtxUnlock
</UL>
<BR>[Called By]<UL><LI><a href="#[11f]">&gt;&gt;</a>&nbsp;&nbsp;&nbsp;calculatePressure
<LI><a href="#[11d]">&gt;&gt;</a>&nbsp;&nbsp;&nbsp;readUncompensatedPressure
<LI><a href="#[11c]">&gt;&gt;</a>&nbsp;&nbsp;&nbsp;readUncompensatedTemperature
<LI><a href="#[58]">&gt;&gt;</a>&nbsp;&nbsp;&nbsp;ThreadAltitude
<LI><a href="#[57]">&gt;&gt;</a>&nbsp;&nbsp;&nbsp;ThreadRoulisTangage
</UL>

<P><STRONG><a name="[d4]"></a>pwmInit</STRONG> (Thumb, 4 bytes, Stack size 0 bytes, pwm.o(.text))
<BR><BR>[Stack]<UL><LI>Max Depth = 8<LI>Call Chain = pwmInit &rArr; pwm_lld_init
</UL>
<BR>[Calls]<UL><LI><a href="#[e4]">&gt;&gt;</a>&nbsp;&nbsp;&nbsp;pwm_lld_init
</UL>
<BR>[Called By]<UL><LI><a href="#[cf]">&gt;&gt;</a>&nbsp;&nbsp;&nbsp;halInit
</UL>

<P><STRONG><a name="[110]"></a>pwmObjectInit</STRONG> (Thumb, 10 bytes, Stack size 0 bytes, pwm.o(.text))
<BR><BR>[Called By]<UL><LI><a href="#[e4]">&gt;&gt;</a>&nbsp;&nbsp;&nbsp;pwm_lld_init
</UL>

<P><STRONG><a name="[e5]"></a>pwmStart</STRONG> (Thumb, 34 bytes, Stack size 8 bytes, pwm.o(.text), UNUSED)
<BR><BR>[Calls]<UL><LI><a href="#[e6]">&gt;&gt;</a>&nbsp;&nbsp;&nbsp;pwm_lld_start
</UL>

<P><STRONG><a name="[e7]"></a>pwmStop</STRONG> (Thumb, 28 bytes, Stack size 8 bytes, pwm.o(.text), UNUSED)
<BR><BR>[Calls]<UL><LI><a href="#[e8]">&gt;&gt;</a>&nbsp;&nbsp;&nbsp;pwm_lld_stop
</UL>

<P><STRONG><a name="[1ab]"></a>pwmChangePeriod</STRONG> (Thumb, 24 bytes, Stack size 0 bytes, pwm.o(.text), UNUSED)

<P><STRONG><a name="[e9]"></a>pwmEnableChannel</STRONG> (Thumb, 20 bytes, Stack size 8 bytes, pwm.o(.text), UNUSED)
<BR><BR>[Calls]<UL><LI><a href="#[ea]">&gt;&gt;</a>&nbsp;&nbsp;&nbsp;pwm_lld_enable_channel
</UL>

<P><STRONG><a name="[eb]"></a>pwmDisableChannel</STRONG> (Thumb, 20 bytes, Stack size 8 bytes, pwm.o(.text), UNUSED)
<BR><BR>[Calls]<UL><LI><a href="#[ec]">&gt;&gt;</a>&nbsp;&nbsp;&nbsp;pwm_lld_disable_channel
</UL>

<P><STRONG><a name="[d5]"></a>sdInit</STRONG> (Thumb, 4 bytes, Stack size 0 bytes, serial.o(.text))
<BR><BR>[Stack]<UL><LI>Max Depth = 28<LI>Call Chain = sdInit &rArr; sd_lld_init &rArr; sdObjectInit &rArr; chIQInit
</UL>
<BR>[Calls]<UL><LI><a href="#[ed]">&gt;&gt;</a>&nbsp;&nbsp;&nbsp;sd_lld_init
</UL>
<BR>[Called By]<UL><LI><a href="#[cf]">&gt;&gt;</a>&nbsp;&nbsp;&nbsp;halInit
</UL>

<P><STRONG><a name="[ee]"></a>sdObjectInit</STRONG> (Thumb, 56 bytes, Stack size 16 bytes, serial.o(.text))
<BR><BR>[Stack]<UL><LI>Max Depth = 20<LI>Call Chain = sdObjectInit &rArr; chIQInit
</UL>
<BR>[Calls]<UL><LI><a href="#[f0]">&gt;&gt;</a>&nbsp;&nbsp;&nbsp;chOQInit
<LI><a href="#[ef]">&gt;&gt;</a>&nbsp;&nbsp;&nbsp;chIQInit
</UL>
<BR>[Called By]<UL><LI><a href="#[ed]">&gt;&gt;</a>&nbsp;&nbsp;&nbsp;sd_lld_init
</UL>

<P><STRONG><a name="[f1]"></a>sdStart</STRONG> (Thumb, 28 bytes, Stack size 8 bytes, serial.o(.text))
<BR><BR>[Stack]<UL><LI>Max Depth = 28<LI>Call Chain = sdStart &rArr; sd_lld_start &rArr; nvicEnableVector
</UL>
<BR>[Calls]<UL><LI><a href="#[f2]">&gt;&gt;</a>&nbsp;&nbsp;&nbsp;sd_lld_start
</UL>
<BR>[Called By]<UL><LI><a href="#[55]">&gt;&gt;</a>&nbsp;&nbsp;&nbsp;ThreadComRcv
</UL>

<P><STRONG><a name="[f3]"></a>sdStop</STRONG> (Thumb, 48 bytes, Stack size 8 bytes, serial.o(.text), UNUSED)
<BR><BR>[Calls]<UL><LI><a href="#[a8]">&gt;&gt;</a>&nbsp;&nbsp;&nbsp;chOQResetI
<LI><a href="#[a4]">&gt;&gt;</a>&nbsp;&nbsp;&nbsp;chIQResetI
<LI><a href="#[91]">&gt;&gt;</a>&nbsp;&nbsp;&nbsp;chSchRescheduleS
<LI><a href="#[f4]">&gt;&gt;</a>&nbsp;&nbsp;&nbsp;sd_lld_stop
</UL>

<P><STRONG><a name="[f5]"></a>sdIncomingDataI</STRONG> (Thumb, 46 bytes, Stack size 16 bytes, serial.o(.text))
<BR><BR>[Stack]<UL><LI>Max Depth = 40<LI>Call Chain = sdIncomingDataI &rArr; chEvtBroadcastFlagsI
</UL>
<BR>[Calls]<UL><LI><a href="#[a5]">&gt;&gt;</a>&nbsp;&nbsp;&nbsp;chIQPutI
<LI><a href="#[8f]">&gt;&gt;</a>&nbsp;&nbsp;&nbsp;chEvtBroadcastFlagsI
</UL>
<BR>[Called By]<UL><LI><a href="#[3f]">&gt;&gt;</a>&nbsp;&nbsp;&nbsp;VectorD8
</UL>

<P><STRONG><a name="[f6]"></a>sdRequestDataI</STRONG> (Thumb, 26 bytes, Stack size 16 bytes, serial.o(.text), UNUSED)
<BR><BR>[Calls]<UL><LI><a href="#[aa]">&gt;&gt;</a>&nbsp;&nbsp;&nbsp;chOQGetI
<LI><a href="#[8f]">&gt;&gt;</a>&nbsp;&nbsp;&nbsp;chEvtBroadcastFlagsI
</UL>

<P><STRONG><a name="[d6]"></a>spiInit</STRONG> (Thumb, 4 bytes, Stack size 0 bytes, spi.o(.text))
<BR><BR>[Stack]<UL><LI>Max Depth = 8<LI>Call Chain = spiInit &rArr; spi_lld_init
</UL>
<BR>[Calls]<UL><LI><a href="#[f7]">&gt;&gt;</a>&nbsp;&nbsp;&nbsp;spi_lld_init
</UL>
<BR>[Called By]<UL><LI><a href="#[cf]">&gt;&gt;</a>&nbsp;&nbsp;&nbsp;halInit
</UL>

<P><STRONG><a name="[f8]"></a>spiObjectInit</STRONG> (Thumb, 16 bytes, Stack size 0 bytes, spi.o(.text))
<BR><BR>[Calls]<UL><LI><a href="#[9c]">&gt;&gt;</a>&nbsp;&nbsp;&nbsp;chMtxInit
</UL>
<BR>[Called By]<UL><LI><a href="#[f7]">&gt;&gt;</a>&nbsp;&nbsp;&nbsp;spi_lld_init
</UL>

<P><STRONG><a name="[f9]"></a>spiStart</STRONG> (Thumb, 30 bytes, Stack size 8 bytes, spi.o(.text), UNUSED)
<BR><BR>[Calls]<UL><LI><a href="#[fa]">&gt;&gt;</a>&nbsp;&nbsp;&nbsp;spi_lld_start
</UL>

<P><STRONG><a name="[fb]"></a>spiStop</STRONG> (Thumb, 34 bytes, Stack size 8 bytes, spi.o(.text), UNUSED)
<BR><BR>[Calls]<UL><LI><a href="#[fc]">&gt;&gt;</a>&nbsp;&nbsp;&nbsp;spi_lld_unselect
<LI><a href="#[fd]">&gt;&gt;</a>&nbsp;&nbsp;&nbsp;spi_lld_stop
</UL>

<P><STRONG><a name="[fe]"></a>spiSelect</STRONG> (Thumb, 20 bytes, Stack size 8 bytes, spi.o(.text), UNUSED)
<BR><BR>[Calls]<UL><LI><a href="#[ff]">&gt;&gt;</a>&nbsp;&nbsp;&nbsp;spi_lld_select
</UL>

<P><STRONG><a name="[100]"></a>spiUnselect</STRONG> (Thumb, 20 bytes, Stack size 8 bytes, spi.o(.text), UNUSED)
<BR><BR>[Calls]<UL><LI><a href="#[fc]">&gt;&gt;</a>&nbsp;&nbsp;&nbsp;spi_lld_unselect
</UL>

<P><STRONG><a name="[101]"></a>spiStartIgnore</STRONG> (Thumb, 24 bytes, Stack size 8 bytes, spi.o(.text), UNUSED)
<BR><BR>[Calls]<UL><LI><a href="#[102]">&gt;&gt;</a>&nbsp;&nbsp;&nbsp;spi_lld_ignore
</UL>

<P><STRONG><a name="[103]"></a>spiStartExchange</STRONG> (Thumb, 30 bytes, Stack size 8 bytes, spi.o(.text), UNUSED)
<BR><BR>[Calls]<UL><LI><a href="#[104]">&gt;&gt;</a>&nbsp;&nbsp;&nbsp;spi_lld_exchange
</UL>

<P><STRONG><a name="[105]"></a>spiStartSend</STRONG> (Thumb, 24 bytes, Stack size 8 bytes, spi.o(.text), UNUSED)
<BR><BR>[Calls]<UL><LI><a href="#[106]">&gt;&gt;</a>&nbsp;&nbsp;&nbsp;spi_lld_send
</UL>

<P><STRONG><a name="[107]"></a>spiStartReceive</STRONG> (Thumb, 24 bytes, Stack size 8 bytes, spi.o(.text), UNUSED)
<BR><BR>[Calls]<UL><LI><a href="#[108]">&gt;&gt;</a>&nbsp;&nbsp;&nbsp;spi_lld_receive
</UL>

<P><STRONG><a name="[109]"></a>spiIgnore</STRONG> (Thumb, 40 bytes, Stack size 8 bytes, spi.o(.text), UNUSED)
<BR><BR>[Calls]<UL><LI><a href="#[94]">&gt;&gt;</a>&nbsp;&nbsp;&nbsp;chSchGoSleepS
<LI><a href="#[102]">&gt;&gt;</a>&nbsp;&nbsp;&nbsp;spi_lld_ignore
</UL>

<P><STRONG><a name="[10a]"></a>spiExchange</STRONG> (Thumb, 40 bytes, Stack size 8 bytes, spi.o(.text), UNUSED)
<BR><BR>[Calls]<UL><LI><a href="#[94]">&gt;&gt;</a>&nbsp;&nbsp;&nbsp;chSchGoSleepS
<LI><a href="#[104]">&gt;&gt;</a>&nbsp;&nbsp;&nbsp;spi_lld_exchange
</UL>

<P><STRONG><a name="[10b]"></a>spiSend</STRONG> (Thumb, 40 bytes, Stack size 8 bytes, spi.o(.text), UNUSED)
<BR><BR>[Calls]<UL><LI><a href="#[94]">&gt;&gt;</a>&nbsp;&nbsp;&nbsp;chSchGoSleepS
<LI><a href="#[106]">&gt;&gt;</a>&nbsp;&nbsp;&nbsp;spi_lld_send
</UL>

<P><STRONG><a name="[10c]"></a>spiReceive</STRONG> (Thumb, 40 bytes, Stack size 8 bytes, spi.o(.text), UNUSED)
<BR><BR>[Calls]<UL><LI><a href="#[94]">&gt;&gt;</a>&nbsp;&nbsp;&nbsp;chSchGoSleepS
<LI><a href="#[108]">&gt;&gt;</a>&nbsp;&nbsp;&nbsp;spi_lld_receive
</UL>

<P><STRONG><a name="[10d]"></a>spiAcquireBus</STRONG> (Thumb, 6 bytes, Stack size 0 bytes, spi.o(.text), UNUSED)
<BR><BR>[Calls]<UL><LI><a href="#[9e]">&gt;&gt;</a>&nbsp;&nbsp;&nbsp;chMtxLock
</UL>

<P><STRONG><a name="[10e]"></a>spiReleaseBus</STRONG> (Thumb, 4 bytes, Stack size 0 bytes, spi.o(.text), UNUSED)
<BR><BR>[Calls]<UL><LI><a href="#[9f]">&gt;&gt;</a>&nbsp;&nbsp;&nbsp;chMtxUnlock
</UL>

<P><STRONG><a name="[1ac]"></a>tmObjectInit</STRONG> (Thumb, 20 bytes, Stack size 0 bytes, tm.o(.text), UNUSED)

<P><STRONG><a name="[d1]"></a>tmInit</STRONG> (Thumb, 46 bytes, Stack size 32 bytes, tm.o(.text))
<BR><BR>[Stack]<UL><LI>Max Depth = 32<LI>Call Chain = tmInit
</UL>
<BR>[Calls]<UL><LI><a href="#[4c]">&gt;&gt;</a>&nbsp;&nbsp;&nbsp;tm_start
</UL>
<BR>[Called By]<UL><LI><a href="#[cf]">&gt;&gt;</a>&nbsp;&nbsp;&nbsp;halInit
</UL>

<P><STRONG><a name="[d2]"></a>_pal_lld_init</STRONG> (Thumb, 230 bytes, Stack size 0 bytes, pal_lld.o(.text))
<BR><BR>[Called By]<UL><LI><a href="#[cf]">&gt;&gt;</a>&nbsp;&nbsp;&nbsp;halInit
</UL>

<P><STRONG><a name="[119]"></a>_pal_lld_setgroupmode</STRONG> (Thumb, 172 bytes, Stack size 36 bytes, pal_lld.o(.text))
<BR><BR>[Stack]<UL><LI>Max Depth = 36<LI>Call Chain = _pal_lld_setgroupmode
</UL>
<BR>[Called By]<UL><LI><a href="#[76]">&gt;&gt;</a>&nbsp;&nbsp;&nbsp;main
<LI><a href="#[55]">&gt;&gt;</a>&nbsp;&nbsp;&nbsp;ThreadComRcv
</UL>

<P><STRONG><a name="[37]"></a>VectorB8</STRONG> (Thumb, 98 bytes, Stack size 16 bytes, pwm_lld.o(.text))
<BR><BR>[Stack]<UL><LI>Max Depth = 16<LI>Call Chain = VectorB8
</UL>
<BR>[Calls]<UL><LI><a href="#[10f]">&gt;&gt;</a>&nbsp;&nbsp;&nbsp;_port_irq_epilogue
</UL>
<BR>[Address Reference Count : 1]<UL><LI> vectors.o(RESET)
</UL>
<P><STRONG><a name="[e4]"></a>pwm_lld_init</STRONG> (Thumb, 16 bytes, Stack size 8 bytes, pwm_lld.o(.text))
<BR><BR>[Stack]<UL><LI>Max Depth = 8<LI>Call Chain = pwm_lld_init
</UL>
<BR>[Calls]<UL><LI><a href="#[110]">&gt;&gt;</a>&nbsp;&nbsp;&nbsp;pwmObjectInit
</UL>
<BR>[Called By]<UL><LI><a href="#[d4]">&gt;&gt;</a>&nbsp;&nbsp;&nbsp;pwmInit
</UL>

<P><STRONG><a name="[e6]"></a>pwm_lld_start</STRONG> (Thumb, 282 bytes, Stack size 16 bytes, pwm_lld.o(.text), UNUSED)
<BR><BR>[Calls]<UL><LI><a href="#[111]">&gt;&gt;</a>&nbsp;&nbsp;&nbsp;nvicEnableVector
</UL>
<BR>[Called By]<UL><LI><a href="#[e5]">&gt;&gt;</a>&nbsp;&nbsp;&nbsp;pwmStart
</UL>

<P><STRONG><a name="[e8]"></a>pwm_lld_stop</STRONG> (Thumb, 50 bytes, Stack size 8 bytes, pwm_lld.o(.text), UNUSED)
<BR><BR>[Calls]<UL><LI><a href="#[112]">&gt;&gt;</a>&nbsp;&nbsp;&nbsp;nvicDisableVector
</UL>
<BR>[Called By]<UL><LI><a href="#[e7]">&gt;&gt;</a>&nbsp;&nbsp;&nbsp;pwmStop
</UL>

<P><STRONG><a name="[ea]"></a>pwm_lld_enable_channel</STRONG> (Thumb, 60 bytes, Stack size 0 bytes, pwm_lld.o(.text), UNUSED)
<BR><BR>[Called By]<UL><LI><a href="#[e9]">&gt;&gt;</a>&nbsp;&nbsp;&nbsp;pwmEnableChannel
</UL>

<P><STRONG><a name="[ec]"></a>pwm_lld_disable_channel</STRONG> (Thumb, 34 bytes, Stack size 0 bytes, pwm_lld.o(.text), UNUSED)
<BR><BR>[Called By]<UL><LI><a href="#[eb]">&gt;&gt;</a>&nbsp;&nbsp;&nbsp;pwmDisableChannel
</UL>

<P><STRONG><a name="[3f]"></a>VectorD8</STRONG> (Thumb, 240 bytes, Stack size 32 bytes, serial_lld.o(.text))
<BR><BR>[Stack]<UL><LI>Max Depth = 72<LI>Call Chain = VectorD8 &rArr; sdIncomingDataI &rArr; chEvtBroadcastFlagsI
</UL>
<BR>[Calls]<UL><LI><a href="#[aa]">&gt;&gt;</a>&nbsp;&nbsp;&nbsp;chOQGetI
<LI><a href="#[8f]">&gt;&gt;</a>&nbsp;&nbsp;&nbsp;chEvtBroadcastFlagsI
<LI><a href="#[10f]">&gt;&gt;</a>&nbsp;&nbsp;&nbsp;_port_irq_epilogue
<LI><a href="#[f5]">&gt;&gt;</a>&nbsp;&nbsp;&nbsp;sdIncomingDataI
</UL>
<BR>[Address Reference Count : 1]<UL><LI> vectors.o(RESET)
</UL>
<P><STRONG><a name="[ed]"></a>sd_lld_init</STRONG> (Thumb, 20 bytes, Stack size 8 bytes, serial_lld.o(.text))
<BR><BR>[Stack]<UL><LI>Max Depth = 28<LI>Call Chain = sd_lld_init &rArr; sdObjectInit &rArr; chIQInit
</UL>
<BR>[Calls]<UL><LI><a href="#[ee]">&gt;&gt;</a>&nbsp;&nbsp;&nbsp;sdObjectInit
</UL>
<BR>[Called By]<UL><LI><a href="#[d5]">&gt;&gt;</a>&nbsp;&nbsp;&nbsp;sdInit
</UL>

<P><STRONG><a name="[f2]"></a>sd_lld_start</STRONG> (Thumb, 90 bytes, Stack size 16 bytes, serial_lld.o(.text))
<BR><BR>[Stack]<UL><LI>Max Depth = 20<LI>Call Chain = sd_lld_start &rArr; nvicEnableVector
</UL>
<BR>[Calls]<UL><LI><a href="#[111]">&gt;&gt;</a>&nbsp;&nbsp;&nbsp;nvicEnableVector
</UL>
<BR>[Called By]<UL><LI><a href="#[f1]">&gt;&gt;</a>&nbsp;&nbsp;&nbsp;sdStart
</UL>

<P><STRONG><a name="[f4]"></a>sd_lld_stop</STRONG> (Thumb, 42 bytes, Stack size 0 bytes, serial_lld.o(.text), UNUSED)
<BR><BR>[Calls]<UL><LI><a href="#[112]">&gt;&gt;</a>&nbsp;&nbsp;&nbsp;nvicDisableVector
</UL>
<BR>[Called By]<UL><LI><a href="#[f3]">&gt;&gt;</a>&nbsp;&nbsp;&nbsp;sdStop
</UL>

<P><STRONG><a name="[f7]"></a>spi_lld_init</STRONG> (Thumb, 44 bytes, Stack size 8 bytes, spi_lld.o(.text))
<BR><BR>[Stack]<UL><LI>Max Depth = 8<LI>Call Chain = spi_lld_init
</UL>
<BR>[Calls]<UL><LI><a href="#[f8]">&gt;&gt;</a>&nbsp;&nbsp;&nbsp;spiObjectInit
</UL>
<BR>[Called By]<UL><LI><a href="#[d6]">&gt;&gt;</a>&nbsp;&nbsp;&nbsp;spiInit
</UL>

<P><STRONG><a name="[fa]"></a>spi_lld_start</STRONG> (Thumb, 150 bytes, Stack size 8 bytes, spi_lld.o(.text), UNUSED)
<BR><BR>[Calls]<UL><LI><a href="#[114]">&gt;&gt;</a>&nbsp;&nbsp;&nbsp;dmaStreamAllocate
</UL>
[...]
</UL>
<BR>[Calls]<UL><LI><a href="#[15a]">&gt;&gt;</a>&nbsp;&nbsp;&nbsp;__flsbuf_byte
</UL>
<BR>[Address Reference Count : 1]<UL><LI> _printf_char_file.o(.text)
</UL>
<P><STRONG><a name="[122]"></a>pow</STRONG> (Thumb, 2510 bytes, Stack size 112 bytes, pow.o(i.pow))
<BR><BR>[Stack]<UL><LI>Max Depth = 176<LI>Call Chain = pow &rArr; sqrt &rArr; _dsqrt &rArr; __fpl_dnaninf
</UL>
<BR>[Calls]<UL><LI><a href="#[131]">&gt;&gt;</a>&nbsp;&nbsp;&nbsp;__set_errno
<LI><a href="#[124]">&gt;&gt;</a>&nbsp;&nbsp;&nbsp;__aeabi_dmul
<LI><a href="#[120]">&gt;&gt;</a>&nbsp;&nbsp;&nbsp;__aeabi_i2d
<LI><a href="#[121]">&gt;&gt;</a>&nbsp;&nbsp;&nbsp;__aeabi_ddiv
<LI><a href="#[15c]">&gt;&gt;</a>&nbsp;&nbsp;&nbsp;__aeabi_dsub
<LI><a href="#[123]">&gt;&gt;</a>&nbsp;&nbsp;&nbsp;__aeabi_drsub
<LI><a href="#[157]">&gt;&gt;</a>&nbsp;&nbsp;&nbsp;__aeabi_dadd
<LI><a href="#[15b]">&gt;&gt;</a>&nbsp;&nbsp;&nbsp;sqrt
<LI><a href="#[156]">&gt;&gt;</a>&nbsp;&nbsp;&nbsp;__kernel_poly
<LI><a href="#[15e]">&gt;&gt;</a>&nbsp;&nbsp;&nbsp;__ARM_fpclassify
<LI><a href="#[158]">&gt;&gt;</a>&nbsp;&nbsp;&nbsp;__mathlib_dbl_underflow
<LI><a href="#[159]">&gt;&gt;</a>&nbsp;&nbsp;&nbsp;__ARM_scalbn
<LI><a href="#[15d]">&gt;&gt;</a>&nbsp;&nbsp;&nbsp;__aeabi_cdrcmple
</UL>
<BR>[Called By]<UL><LI><a href="#[58]">&gt;&gt;</a>&nbsp;&nbsp;&nbsp;ThreadAltitude
</UL>

<P><STRONG><a name="[15b]"></a>sqrt</STRONG> (Thumb, 76 bytes, Stack size 24 bytes, sqrt.o(i.sqrt))
<BR><BR>[Stack]<UL><LI>Max Depth = 64<LI>Call Chain = sqrt &rArr; _dsqrt &rArr; __fpl_dnaninf
</UL>
<BR>[Calls]<UL><LI><a href="#[131]">&gt;&gt;</a>&nbsp;&nbsp;&nbsp;__set_errno
<LI><a href="#[15f]">&gt;&gt;</a>&nbsp;&nbsp;&nbsp;_dsqrt
</UL>
<BR>[Called By]<UL><LI><a href="#[122]">&gt;&gt;</a>&nbsp;&nbsp;&nbsp;pow
</UL>

<P><STRONG><a name="[157]"></a>__aeabi_dadd</STRONG> (Thumb, 0 bytes, Stack size 16 bytes, daddsub_clz.o(x$fpl$dadd))
<BR><BR>[Stack]<UL><LI>Max Depth = 16<LI>Call Chain = __aeabi_dadd
</UL>
<BR>[Called By]<UL><LI><a href="#[122]">&gt;&gt;</a>&nbsp;&nbsp;&nbsp;pow
<LI><a href="#[156]">&gt;&gt;</a>&nbsp;&nbsp;&nbsp;__kernel_poly
</UL>

<P><STRONG><a name="[160]"></a>_dadd</STRONG> (Thumb, 332 bytes, Stack size 16 bytes, daddsub_clz.o(x$fpl$dadd), UNUSED)
<BR><BR>[Calls]<UL><LI><a href="#[161]">&gt;&gt;</a>&nbsp;&nbsp;&nbsp;_dsub1
<LI><a href="#[162]">&gt;&gt;</a>&nbsp;&nbsp;&nbsp;__fpl_dretinf
<LI><a href="#[163]">&gt;&gt;</a>&nbsp;&nbsp;&nbsp;__fpl_dnaninf
</UL>

<P><STRONG><a name="[164]"></a>__fpl_dcheck_NaN1</STRONG> (Thumb, 10 bytes, Stack size 0 bytes, dcheck1.o(x$fpl$dcheck1))
<BR><BR>[Calls]<UL><LI><a href="#[165]">&gt;&gt;</a>&nbsp;&nbsp;&nbsp;__fpl_return_NaN
</UL>
<BR>[Called By]<UL><LI><a href="#[159]">&gt;&gt;</a>&nbsp;&nbsp;&nbsp;__ARM_scalbn
</UL>

<P><STRONG><a name="[169]"></a>__fpl_dcmp_Inf</STRONG> (Thumb, 24 bytes, Stack size 0 bytes, dcmpi.o(x$fpl$dcmpinf), UNUSED)
<BR><BR>[Called By]<UL><LI><a href="#[168]">&gt;&gt;</a>&nbsp;&nbsp;&nbsp;_dcmple
</UL>

<P><STRONG><a name="[121]"></a>__aeabi_ddiv</STRONG> (Thumb, 0 bytes, Stack size 32 bytes, ddiv.o(x$fpl$ddiv))
<BR><BR>[Stack]<UL><LI>Max Depth = 32<LI>Call Chain = __aeabi_ddiv
</UL>
<BR>[Called By]<UL><LI><a href="#[122]">&gt;&gt;</a>&nbsp;&nbsp;&nbsp;pow
<LI><a href="#[58]">&gt;&gt;</a>&nbsp;&nbsp;&nbsp;ThreadAltitude
</UL>

<P><STRONG><a name="[166]"></a>_ddiv</STRONG> (Thumb, 552 bytes, Stack size 32 bytes, ddiv.o(x$fpl$ddiv), UNUSED)
<BR><BR>[Calls]<UL><LI><a href="#[162]">&gt;&gt;</a>&nbsp;&nbsp;&nbsp;__fpl_dretinf
<LI><a href="#[163]">&gt;&gt;</a>&nbsp;&nbsp;&nbsp;__fpl_dnaninf
</UL>

<P><STRONG><a name="[125]"></a>__aeabi_d2iz</STRONG> (Thumb, 0 bytes, Stack size 32 bytes, dfix.o(x$fpl$dfix))
<BR><BR>[Stack]<UL><LI>Max Depth = 32<LI>Call Chain = __aeabi_d2iz
</UL>
<BR>[Called By]<UL><LI><a href="#[58]">&gt;&gt;</a>&nbsp;&nbsp;&nbsp;ThreadAltitude
</UL>

<P><STRONG><a name="[167]"></a>_dfix</STRONG> (Thumb, 94 bytes, Stack size 32 bytes, dfix.o(x$fpl$dfix), UNUSED)
<BR><BR>[Calls]<UL><LI><a href="#[163]">&gt;&gt;</a>&nbsp;&nbsp;&nbsp;__fpl_dnaninf
</UL>

<P><STRONG><a name="[120]"></a>__aeabi_i2d</STRONG> (Thumb, 0 bytes, Stack size 0 bytes, dflt_clz.o(x$fpl$dflt))
<BR><BR>[Called By]<UL><LI><a href="#[122]">&gt;&gt;</a>&nbsp;&nbsp;&nbsp;pow
<LI><a href="#[58]">&gt;&gt;</a>&nbsp;&nbsp;&nbsp;ThreadAltitude
</UL>

<P><STRONG><a name="[1c2]"></a>_dflt</STRONG> (Thumb, 46 bytes, Stack size 0 bytes, dflt_clz.o(x$fpl$dflt), UNUSED)

<P><STRONG><a name="[1c3]"></a>__aeabi_cdcmple</STRONG> (Thumb, 0 bytes, Stack size 32 bytes, dleqf.o(x$fpl$dleqf), UNUSED)

<P><STRONG><a name="[168]"></a>_dcmple</STRONG> (Thumb, 120 bytes, Stack size 32 bytes, dleqf.o(x$fpl$dleqf), UNUSED)
<BR><BR>[Calls]<UL><LI><a href="#[169]">&gt;&gt;</a>&nbsp;&nbsp;&nbsp;__fpl_dcmp_Inf
<LI><a href="#[163]">&gt;&gt;</a>&nbsp;&nbsp;&nbsp;__fpl_dnaninf
</UL>

<P><STRONG><a name="[16c]"></a>__fpl_dcmple_InfNaN</STRONG> (Thumb, 0 bytes, Stack size unknown bytes, dleqf.o(x$fpl$dleqf), UNUSED)
<BR><BR>[Called By]<UL><LI><a href="#[16b]">&gt;&gt;</a>&nbsp;&nbsp;&nbsp;_drcmple
</UL>

<P><STRONG><a name="[124]"></a>__aeabi_dmul</STRONG> (Thumb, 0 bytes, Stack size 32 bytes, dmul.o(x$fpl$dmul))
<BR><BR>[Stack]<UL><LI>Max Depth = 32<LI>Call Chain = __aeabi_dmul
</UL>
<BR>[Called By]<UL><LI><a href="#[122]">&gt;&gt;</a>&nbsp;&nbsp;&nbsp;pow
<LI><a href="#[58]">&gt;&gt;</a>&nbsp;&nbsp;&nbsp;ThreadAltitude
<LI><a href="#[156]">&gt;&gt;</a>&nbsp;&nbsp;&nbsp;__kernel_poly
</UL>

<P><STRONG><a name="[16a]"></a>_dmul</STRONG> (Thumb, 332 bytes, Stack size 32 bytes, dmul.o(x$fpl$dmul), UNUSED)
<BR><BR>[Calls]<UL><LI><a href="#[162]">&gt;&gt;</a>&nbsp;&nbsp;&nbsp;__fpl_dretinf
<LI><a href="#[163]">&gt;&gt;</a>&nbsp;&nbsp;&nbsp;__fpl_dnaninf
</UL>

<P><STRONG><a name="[163]"></a>__fpl_dnaninf</STRONG> (Thumb, 156 bytes, Stack size 16 bytes, dnaninf.o(x$fpl$dnaninf))
<BR><BR>[Stack]<UL><LI>Max Depth = 16<LI>Call Chain = __fpl_dnaninf
</UL>
<BR>[Called By]<UL><LI><a href="#[16a]">&gt;&gt;</a>&nbsp;&nbsp;&nbsp;_dmul
<LI><a href="#[167]">&gt;&gt;</a>&nbsp;&nbsp;&nbsp;_dfix
<LI><a href="#[166]">&gt;&gt;</a>&nbsp;&nbsp;&nbsp;_ddiv
<LI><a href="#[16f]">&gt;&gt;</a>&nbsp;&nbsp;&nbsp;_dsub
<LI><a href="#[160]">&gt;&gt;</a>&nbsp;&nbsp;&nbsp;_dadd
<LI><a href="#[15f]">&gt;&gt;</a>&nbsp;&nbsp;&nbsp;_dsqrt
<LI><a href="#[168]">&gt;&gt;</a>&nbsp;&nbsp;&nbsp;_dcmple
</UL>

<P><STRONG><a name="[162]"></a>__fpl_dretinf</STRONG> (Thumb, 12 bytes, Stack size 0 bytes, dretinf.o(x$fpl$dretinf), UNUSED)
<BR><BR>[Called By]<UL><LI><a href="#[16a]">&gt;&gt;</a>&nbsp;&nbsp;&nbsp;_dmul
<LI><a href="#[166]">&gt;&gt;</a>&nbsp;&nbsp;&nbsp;_ddiv
<LI><a href="#[160]">&gt;&gt;</a>&nbsp;&nbsp;&nbsp;_dadd
</UL>

<P><STRONG><a name="[15d]"></a>__aeabi_cdrcmple</STRONG> (Thumb, 0 bytes, Stack size 16 bytes, drleqf.o(x$fpl$drleqf))
<BR><BR>[Stack]<UL><LI>Max Depth = 16<LI>Call Chain = __aeabi_cdrcmple
</UL>
<BR>[Called By]<UL><LI><a href="#[122]">&gt;&gt;</a>&nbsp;&nbsp;&nbsp;pow
</UL>

<P><STRONG><a name="[16b]"></a>_drcmple</STRONG> (Thumb, 108 bytes, Stack size 16 bytes, drleqf.o(x$fpl$drleqf), UNUSED)
<BR><BR>[Calls]<UL><LI><a href="#[16c]">&gt;&gt;</a>&nbsp;&nbsp;&nbsp;__fpl_dcmple_InfNaN
</UL>

<P><STRONG><a name="[123]"></a>__aeabi_drsub</STRONG> (Thumb, 0 bytes, Stack size 8 bytes, daddsub_clz.o(x$fpl$drsb))
<BR><BR>[Stack]<UL><LI>Max Depth = 8<LI>Call Chain = __aeabi_drsub
</UL>
<BR>[Called By]<UL><LI><a href="#[122]">&gt;&gt;</a>&nbsp;&nbsp;&nbsp;pow
<LI><a href="#[58]">&gt;&gt;</a>&nbsp;&nbsp;&nbsp;ThreadAltitude
</UL>

<P><STRONG><a name="[16d]"></a>_drsb</STRONG> (Thumb, 22 bytes, Stack size 8 bytes, daddsub_clz.o(x$fpl$drsb), UNUSED)
<BR><BR>[Calls]<UL><LI><a href="#[161]">&gt;&gt;</a>&nbsp;&nbsp;&nbsp;_dsub1
<LI><a href="#[16e]">&gt;&gt;</a>&nbsp;&nbsp;&nbsp;_dadd1
</UL>

<P><STRONG><a name="[15f]"></a>_dsqrt</STRONG> (Thumb, 456 bytes, Stack size 24 bytes, dsqrt_noumaal.o(x$fpl$dsqrt))
<BR><BR>[Stack]<UL><LI>Max Depth = 40<LI>Call Chain = _dsqrt &rArr; __fpl_dnaninf
</UL>
<BR>[Calls]<UL><LI><a href="#[163]">&gt;&gt;</a>&nbsp;&nbsp;&nbsp;__fpl_dnaninf
</UL>
<BR>[Called By]<UL><LI><a href="#[15b]">&gt;&gt;</a>&nbsp;&nbsp;&nbsp;sqrt
</UL>

<P><STRONG><a name="[15c]"></a>__aeabi_dsub</STRONG> (Thumb, 0 bytes, Stack size 32 bytes, daddsub_clz.o(x$fpl$dsub))
<BR><BR>[Stack]<UL><LI>Max Depth = 32<LI>Call Chain = __aeabi_dsub
</UL>
<BR>[Called By]<UL><LI><a href="#[122]">&gt;&gt;</a>&nbsp;&nbsp;&nbsp;pow
</UL>

<P><STRONG><a name="[16f]"></a>_dsub</STRONG> (Thumb, 464 bytes, Stack size 32 bytes, daddsub_clz.o(x$fpl$dsub), UNUSED)
<BR><BR>[Calls]<UL><LI><a href="#[16e]">&gt;&gt;</a>&nbsp;&nbsp;&nbsp;_dadd1
<LI><a href="#[163]">&gt;&gt;</a>&nbsp;&nbsp;&nbsp;__fpl_dnaninf
</UL>

<P><STRONG><a name="[165]"></a>__fpl_return_NaN</STRONG> (Thumb, 100 bytes, Stack size 0 bytes, retnan.o(x$fpl$retnan))
<BR><BR>[Calls]<UL><LI><a href="#[170]">&gt;&gt;</a>&nbsp;&nbsp;&nbsp;__fpl_cmpreturn
</UL>
<BR>[Called By]<UL><LI><a href="#[164]">&gt;&gt;</a>&nbsp;&nbsp;&nbsp;__fpl_dcheck_NaN1
</UL>

<P><STRONG><a name="[159]"></a>__ARM_scalbn</STRONG> (Thumb, 92 bytes, Stack size 0 bytes, scalbn.o(x$fpl$scalbn))
<BR><BR>[Calls]<UL><LI><a href="#[164]">&gt;&gt;</a>&nbsp;&nbsp;&nbsp;__fpl_dcheck_NaN1
</UL>
<BR>[Called By]<UL><LI><a href="#[122]">&gt;&gt;</a>&nbsp;&nbsp;&nbsp;pow
<LI><a href="#[158]">&gt;&gt;</a>&nbsp;&nbsp;&nbsp;__mathlib_dbl_underflow
</UL>

<P><STRONG><a name="[170]"></a>__fpl_cmpreturn</STRONG> (Thumb, 48 bytes, Stack size 0 bytes, trapv.o(x$fpl$trapveneer))
<BR><BR>[Called By]<UL><LI><a href="#[165]">&gt;&gt;</a>&nbsp;&nbsp;&nbsp;__fpl_return_NaN
</UL>
<P>
<H3>
Local Symbols
</H3>
<P><STRONG><a name="[4a]"></a>wakeup</STRONG> (Thumb, 96 bytes, Stack size 0 bytes, chschd.o(.text))
<BR>[Address Reference Count : 1]<UL><LI> chschd.o(.text)
</UL>
<P><STRONG><a name="[5c]"></a>write</STRONG> (Thumb, 10 bytes, Stack size 0 bytes, serial.o(.text))
<BR><BR>[Stack]<UL><LI>Max Depth = 80<LI>Call Chain = write &rArr; chOQWriteTimeout &rArr; chSchGoSleepTimeoutS
</UL>
<BR>[Calls]<UL><LI><a href="#[ab]">&gt;&gt;</a>&nbsp;&nbsp;&nbsp;chOQWriteTimeout
</UL>
<BR>[Address Reference Count : 1]<UL><LI> serial.o(.constdata)
</UL>
<P><STRONG><a name="[5d]"></a>read</STRONG> (Thumb, 10 bytes, Stack size 0 bytes, serial.o(.text))
<BR><BR>[Stack]<UL><LI>Max Depth = 80<LI>Call Chain = read &rArr; chIQReadTimeout &rArr; chSchGoSleepTimeoutS
</UL>
<BR>[Calls]<UL><LI><a href="#[a7]">&gt;&gt;</a>&nbsp;&nbsp;&nbsp;chIQReadTimeout
</UL>
<BR>[Address Reference Count : 1]<UL><LI> serial.o(.constdata)
</UL>
<P><STRONG><a name="[5e]"></a>put</STRONG> (Thumb, 10 bytes, Stack size 0 bytes, serial.o(.text))
<BR><BR>[Stack]<UL><LI>Max Depth = 64<LI>Call Chain = put &rArr; chOQPutTimeout &rArr; chSchGoSleepTimeoutS
</UL>
<BR>[Calls]<UL><LI><a href="#[a9]">&gt;&gt;</a>&nbsp;&nbsp;&nbsp;chOQPutTimeout
</UL>
<BR>[Address Reference Count : 1]<UL><LI> serial.o(.constdata)
</UL>
<P><STRONG><a name="[5f]"></a>get</STRONG> (Thumb, 10 bytes, Stack size 0 bytes, serial.o(.text))
<BR><BR>[Stack]<UL><LI>Max Depth = 64<LI>Call Chain = get &rArr; chIQGetTimeout &rArr; chSchGoSleepTimeoutS
</UL>
<BR>[Calls]<UL><LI><a href="#[a6]">&gt;&gt;</a>&nbsp;&nbsp;&nbsp;chIQGetTimeout
</UL>
<BR>[Address Reference Count : 1]<UL><LI> serial.o(.constdata)
</UL>
<P><STRONG><a name="[60]"></a>putt</STRONG> (Thumb, 6 bytes, Stack size 0 bytes, serial.o(.text))
<BR><BR>[Stack]<UL><LI>Max Depth = 64<LI>Call Chain = putt &rArr; chOQPutTimeout &rArr; chSchGoSleepTimeoutS
</UL>
<BR>[Calls]<UL><LI><a href="#[a9]">&gt;&gt;</a>&nbsp;&nbsp;&nbsp;chOQPutTimeout
</UL>
<BR>[Address Reference Count : 1]<UL><LI> serial.o(.constdata)
</UL>
<P><STRONG><a name="[61]"></a>gett</STRONG> (Thumb, 6 bytes, Stack size 0 bytes, serial.o(.text))
<BR><BR>[Stack]<UL><LI>Max Depth = 64<LI>Call Chain = gett &rArr; chIQGetTimeout &rArr; chSchGoSleepTimeoutS
</UL>
<BR>[Calls]<UL><LI><a href="#[a6]">&gt;&gt;</a>&nbsp;&nbsp;&nbsp;chIQGetTimeout
</UL>
<BR>[Address Reference Count : 1]<UL><LI> serial.o(.constdata)
</UL>
<P><STRONG><a name="[62]"></a>writet</STRONG> (Thumb, 6 bytes, Stack size 0 bytes, serial.o(.text))
<BR><BR>[Stack]<UL><LI>Max Depth = 80<LI>Call Chain = writet &rArr; chOQWriteTimeout &rArr; chSchGoSleepTimeoutS
</UL>
<BR>[Calls]<UL><LI><a href="#[ab]">&gt;&gt;</a>&nbsp;&nbsp;&nbsp;chOQWriteTimeout
</UL>
<BR>[Address Reference Count : 1]<UL><LI> serial.o(.constdata)
</UL>
<P><STRONG><a name="[63]"></a>readt</STRONG> (Thumb, 6 bytes, Stack size 0 bytes, serial.o(.text))
<BR><BR>[Stack]<UL><LI>Max Depth = 80<LI>Call Chain = readt &rArr; chIQReadTimeout &rArr; chSchGoSleepTimeoutS
</UL>
<BR>[Calls]<UL><LI><a href="#[a7]">&gt;&gt;</a>&nbsp;&nbsp;&nbsp;chIQReadTimeout
</UL>
<BR>[Address Reference Count : 1]<UL><LI> serial.o(.constdata)
</UL>
<P><STRONG><a name="[4c]"></a>tm_start</STRONG> (Thumb, 8 bytes, Stack size 0 bytes, tm.o(.text))
<BR><BR>[Called By]<UL><LI><a href="#[d1]">&gt;&gt;</a>&nbsp;&nbsp;&nbsp;tmInit
</UL>
<BR>[Address Reference Count : 1]<UL><LI> tm.o(.text)
</UL>
<P><STRONG><a name="[4d]"></a>tm_stop</STRONG> (Thumb, 38 bytes, Stack size 0 bytes, tm.o(.text))
<BR>[Address Reference Count : 1]<UL><LI> tm.o(.text)
</UL>
<P><STRONG><a name="[4e]"></a>notify2</STRONG> (Thumb, 12 bytes, Stack size 0 bytes, serial_lld.o(.text))
<BR>[Address Reference Count : 1]<UL><LI> serial_lld.o(.text)
</UL>
<P><STRONG><a name="[4f]"></a>spi_lld_serve_rx_interrupt</STRONG> (Thumb, 114 bytes, Stack size 16 bytes, spi_lld.o(.text))
<BR><BR>[Stack]<UL><LI>Max Depth = 16<LI>Call Chain = spi_lld_serve_rx_interrupt
</UL>
<BR>[Calls]<UL><LI><a href="#[8e]">&gt;&gt;</a>&nbsp;&nbsp;&nbsp;chSchReadyI
<LI><a href="#[113]">&gt;&gt;</a>&nbsp;&nbsp;&nbsp;port_halt
</UL>
<BR>[Address Reference Count : 1]<UL><LI> spi_lld.o(.text)
</UL>
<P><STRONG><a name="[50]"></a>spi_lld_serve_tx_interrupt</STRONG> (Thumb, 12 bytes, Stack size 0 bytes, spi_lld.o(.text))
<BR><BR>[Calls]<UL><LI><a href="#[113]">&gt;&gt;</a>&nbsp;&nbsp;&nbsp;port_halt
</UL>
<BR>[Address Reference Count : 1]<UL><LI> spi_lld.o(.text)
</UL>
<P><STRONG><a name="[51]"></a>adc_lld_serve_rx_interrupt</STRONG> (Thumb, 332 bytes, Stack size 32 bytes, adc_lld.o(.text))
<BR><BR>[Stack]<UL><LI>Max Depth = 32<LI>Call Chain = adc_lld_serve_rx_interrupt
</UL>
<BR>[Calls]<UL><LI><a href="#[8e]">&gt;&gt;</a>&nbsp;&nbsp;&nbsp;chSchReadyI
</UL>
<BR>[Address Reference Count : 1]<UL><LI> adc_lld.o(.text)
</UL>
<P><STRONG><a name="[54]"></a>i2c_lld_safety_timeout</STRONG> (Thumb, 106 bytes, Stack size 8 bytes, i2c_lld.o(.text))
<BR><BR>[Stack]<UL><LI>Max Depth = 8<LI>Call Chain = i2c_lld_safety_timeout
</UL>
<BR>[Calls]<UL><LI><a href="#[8e]">&gt;&gt;</a>&nbsp;&nbsp;&nbsp;chSchReadyI
</UL>
<BR>[Address Reference Count : 1]<UL><LI> i2c_lld.o(.text)
</UL>
<P><STRONG><a name="[52]"></a>i2c_lld_serve_rx_end_irq</STRONG> (Thumb, 92 bytes, Stack size 16 bytes, i2c_lld.o(.text))
<BR><BR>[Stack]<UL><LI>Max Depth = 16<LI>Call Chain = i2c_lld_serve_rx_end_irq
</UL>
<BR>[Calls]<UL><LI><a href="#[8e]">&gt;&gt;</a>&nbsp;&nbsp;&nbsp;chSchReadyI
<LI><a href="#[113]">&gt;&gt;</a>&nbsp;&nbsp;&nbsp;port_halt
</UL>
<BR>[Address Reference Count : 1]<UL><LI> i2c_lld.o(.text)
</UL>
<P><STRONG><a name="[53]"></a>i2c_lld_serve_tx_end_irq</STRONG> (Thumb, 52 bytes, Stack size 16 bytes, i2c_lld.o(.text))
<BR><BR>[Stack]<UL><LI>Max Depth = 16<LI>Call Chain = i2c_lld_serve_tx_end_irq
</UL>
<BR>[Calls]<UL><LI><a href="#[113]">&gt;&gt;</a>&nbsp;&nbsp;&nbsp;port_halt
</UL>
<BR>[Address Reference Count : 1]<UL><LI> i2c_lld.o(.text)
</UL>
<P><STRONG><a name="[117]"></a>i2c_lld_serve_event_interrupt</STRONG> (Thumb, 196 bytes, Stack size 16 bytes, i2c_lld.o(.text))
<BR><BR>[Stack]<UL><LI>Max Depth = 16<LI>Call Chain = i2c_lld_serve_event_interrupt
</UL>
<BR>[Calls]<UL><LI><a href="#[8e]">&gt;&gt;</a>&nbsp;&nbsp;&nbsp;chSchReadyI
</UL>
<BR>[Called By]<UL><LI><a href="#[3a]">&gt;&gt;</a>&nbsp;&nbsp;&nbsp;VectorC4
<LI><a href="#[38]">&gt;&gt;</a>&nbsp;&nbsp;&nbsp;VectorBC
</UL>

<P><STRONG><a name="[118]"></a>i2c_lld_serve_error_interrupt</STRONG> (Thumb, 216 bytes, Stack size 8 bytes, i2c_lld.o(.text))
<BR><BR>[Stack]<UL><LI>Max Depth = 8<LI>Call Chain = i2c_lld_serve_error_interrupt
</UL>
<BR>[Calls]<UL><LI><a href="#[8e]">&gt;&gt;</a>&nbsp;&nbsp;&nbsp;chSchReadyI
</UL>
<BR>[Called By]<UL><LI><a href="#[3b]">&gt;&gt;</a>&nbsp;&nbsp;&nbsp;VectorC8
<LI><a href="#[39]">&gt;&gt;</a>&nbsp;&nbsp;&nbsp;VectorC0
</UL>

<P><STRONG><a name="[56]"></a>ThreadComSnd</STRONG> (Thumb, 50 bytes, Stack size 56 bytes, main.o(.text))
<BR><BR>[Stack]<UL><LI>Max Depth = 136<LI>Call Chain = ThreadComSnd &rArr; chIQReadTimeout &rArr; chSchGoSleepTimeoutS
</UL>
<BR>[Calls]<UL><LI><a href="#[a7]">&gt;&gt;</a>&nbsp;&nbsp;&nbsp;chIQReadTimeout
</UL>
<BR>[Address Reference Count : 1]<UL><LI> main.o(.text)
</UL>
<P><STRONG><a name="[55]"></a>ThreadComRcv</STRONG> (Thumb, 86 bytes, Stack size 24 bytes, main.o(.text))
<BR><BR>[Stack]<UL><LI>Max Depth = 160 + Unknown Stack Size
<LI>Call Chain = ThreadComRcv &rArr; __2sprintf &rArr; _printf_char_common &rArr; __printf
</UL>
<BR>[Calls]<UL><LI><a href="#[ab]">&gt;&gt;</a>&nbsp;&nbsp;&nbsp;chOQWriteTimeout
<LI><a href="#[f1]">&gt;&gt;</a>&nbsp;&nbsp;&nbsp;sdStart
<LI><a href="#[119]">&gt;&gt;</a>&nbsp;&nbsp;&nbsp;_pal_lld_setgroupmode
<LI><a href="#[11b]">&gt;&gt;</a>&nbsp;&nbsp;&nbsp;strlen
<LI><a href="#[11a]">&gt;&gt;</a>&nbsp;&nbsp;&nbsp;__2sprintf
</UL>
<BR>[Address Reference Count : 1]<UL><LI> main.o(.text)
</UL>
<P><STRONG><a name="[57]"></a>ThreadRoulisTangage</STRONG> (Thumb, 412 bytes, Stack size 16 bytes, main.o(.text))
<BR><BR>[Stack]<UL><LI>Max Depth = 152 + Unknown Stack Size
<LI>Call Chain = ThreadRoulisTangage &rArr; __2sprintf &rArr; _printf_char_common &rArr; __printf
</UL>
<BR>[Calls]<UL><LI><a href="#[e3]">&gt;&gt;</a>&nbsp;&nbsp;&nbsp;i2cReleaseBus
<LI><a href="#[e2]">&gt;&gt;</a>&nbsp;&nbsp;&nbsp;i2cAcquireBus
<LI><a href="#[de]">&gt;&gt;</a>&nbsp;&nbsp;&nbsp;i2cMasterTransmitTimeout
<LI><a href="#[11a]">&gt;&gt;</a>&nbsp;&nbsp;&nbsp;__2sprintf
</UL>
<BR>[Address Reference Count : 1]<UL><LI> main.o(.text)
</UL>
<P><STRONG><a name="[58]"></a>ThreadAltitude</STRONG> (Thumb, 832 bytes, Stack size 128 bytes, main.o(.text))
<BR><BR>[Stack]<UL><LI>Max Depth = 328 + Unknown Stack Size
<LI>Call Chain = ThreadAltitude &rArr; calculatePressure &rArr; __2printf &rArr; _printf_char_file &rArr; _printf_char_common &rArr; __printf
</UL>
<BR>[Calls]<UL><LI><a href="#[e3]">&gt;&gt;</a>&nbsp;&nbsp;&nbsp;i2cReleaseBus
<LI><a href="#[e2]">&gt;&gt;</a>&nbsp;&nbsp;&nbsp;i2cAcquireBus
<LI><a href="#[e0]">&gt;&gt;</a>&nbsp;&nbsp;&nbsp;i2cMasterReceiveTimeout
<LI><a href="#[de]">&gt;&gt;</a>&nbsp;&nbsp;&nbsp;i2cMasterTransmitTimeout
<LI><a href="#[122]">&gt;&gt;</a>&nbsp;&nbsp;&nbsp;pow
<LI><a href="#[124]">&gt;&gt;</a>&nbsp;&nbsp;&nbsp;__aeabi_dmul
<LI><a href="#[120]">&gt;&gt;</a>&nbsp;&nbsp;&nbsp;__aeabi_i2d
<LI><a href="#[125]">&gt;&gt;</a>&nbsp;&nbsp;&nbsp;__aeabi_d2iz
<LI><a href="#[121]">&gt;&gt;</a>&nbsp;&nbsp;&nbsp;__aeabi_ddiv
<LI><a href="#[123]">&gt;&gt;</a>&nbsp;&nbsp;&nbsp;__aeabi_drsub
<LI><a href="#[11a]">&gt;&gt;</a>&nbsp;&nbsp;&nbsp;__2sprintf
<LI><a href="#[11f]">&gt;&gt;</a>&nbsp;&nbsp;&nbsp;calculatePressure
</UL>
<BR>[Address Reference Count : 1]<UL><LI> main.o(.text)
</UL>
<P><STRONG><a name="[16e]"></a>_dadd1</STRONG> (Thumb, 0 bytes, Stack size unknown bytes, daddsub_clz.o(x$fpl$dadd), UNUSED)
<BR><BR>[Called By]<UL><LI><a href="#[16f]">&gt;&gt;</a>&nbsp;&nbsp;&nbsp;_dsub
<LI><a href="#[16d]">&gt;&gt;</a>&nbsp;&nbsp;&nbsp;_drsb
</UL>

<P><STRONG><a name="[161]"></a>_dsub1</STRONG> (Thumb, 0 bytes, Stack size unknown bytes, daddsub_clz.o(x$fpl$dsub), UNUSED)
<BR><BR>[Called By]<UL><LI><a href="#[16d]">&gt;&gt;</a>&nbsp;&nbsp;&nbsp;_drsb
<LI><a href="#[160]">&gt;&gt;</a>&nbsp;&nbsp;&nbsp;_dadd
</UL>

<P><STRONG><a name="[5a]"></a>_printf_input_char</STRONG> (Thumb, 10 bytes, Stack size 0 bytes, _printf_char_common.o(.text))
<BR>[Address Reference Count : 1]<UL><LI> _printf_char_common.o(.text)
</UL><P>
<H3>
Undefined Global Symbols
</H3><HR></body></html>
