<!doctype html public "-//w3c//dtd html 4.0 transitional//en">
<html><head>
<title>Static Call Graph - [.\obj\ch.axf]</title></head>
<body><HR>
<H1>Static Call Graph for image .\obj\ch.axf</H1><HR>
<BR><P>#&#060CALLGRAPH&#062# ARM Linker, 5.03 [Build 76]: Last Updated: Tue Jan 07 11:43:26 2014
<BR><P>
<H3>Maximum Stack Usage =        160 bytes + Unknown(Functions without stacksize, Untraceable Function Pointers)</H3><H3>
Call chain for Maximum Stack Depth:</H3>
ThreadComRcv &rArr; __2sprintf &rArr; _printf_char_common &rArr; __printf
<P>
<H3>
Functions with no stack information
</H3><UL>
 <LI><a href="#[156]">__user_initial_stackheap</a>
 <LI><a href="#[41]">_port_exit_from_isr</a>
</UL>
</UL>
<P>
<H3>
Function Pointers
</H3><UL>
 <LI><a href="#[7]">BusFaultVector</a> from vectors.o(.text) referenced from vectors.o(RESET)
 <LI><a href="#[e]">DebugMonitorVector</a> from vectors.o(.text) referenced from vectors.o(RESET)
 <LI><a href="#[5]">HardFaultVector</a> from vectors.o(.text) referenced from vectors.o(RESET)
 <LI><a href="#[6]">MemManageVector</a> from vectors.o(.text) referenced from vectors.o(RESET)
 <LI><a href="#[4]">NMIVector</a> from vectors.o(.text) referenced from vectors.o(RESET)
 <LI><a href="#[10]">PendSVVector</a> from vectors.o(.text) referenced from vectors.o(RESET)
 <LI><a href="#[3]">Reset_Handler</a> from cstartup.o(.text) referenced from vectors.o(RESET)
 <LI><a href="#[d]">SVCallVector</a> from chcore_v7m.o(.text) referenced from vectors.o(RESET)
 <LI><a href="#[11]">SysTickVector</a> from chcore_v7m.o(.text) referenced from vectors.o(RESET)
 <LI><a href="#[4b]">ThreadComRcv</a> from main.o(.text) referenced from main.o(.text)
 <LI><a href="#[4c]">ThreadComSnd</a> from main.o(.text) referenced from main.o(.text)
 <LI><a href="#[4d]">ThreadRoulisTangage</a> from main.o(.text) referenced from main.o(.text)
 <LI><a href="#[8]">UsageFaultVector</a> from vectors.o(.text) referenced from vectors.o(RESET)
 <LI><a href="#[9]">Vector1C</a> from vectors.o(.text) referenced from vectors.o(RESET)
 <LI><a href="#[a]">Vector20</a> from vectors.o(.text) referenced from vectors.o(RESET)
 <LI><a href="#[b]">Vector24</a> from vectors.o(.text) referenced from vectors.o(RESET)
 <LI><a href="#[c]">Vector28</a> from vectors.o(.text) referenced from vectors.o(RESET)
 <LI><a href="#[f]">Vector34</a> from vectors.o(.text) referenced from vectors.o(RESET)
 <LI><a href="#[12]">Vector40</a> from vectors.o(.text) referenced from vectors.o(RESET)
 <LI><a href="#[13]">Vector44</a> from vectors.o(.text) referenced from vectors.o(RESET)
 <LI><a href="#[14]">Vector48</a> from vectors.o(.text) referenced from vectors.o(RESET)
 <LI><a href="#[15]">Vector4C</a> from vectors.o(.text) referenced from vectors.o(RESET)
 <LI><a href="#[16]">Vector50</a> from vectors.o(.text) referenced from vectors.o(RESET)
 <LI><a href="#[17]">Vector54</a> from vectors.o(.text) referenced from vectors.o(RESET)
 <LI><a href="#[18]">Vector58</a> from vectors.o(.text) referenced from vectors.o(RESET)
 <LI><a href="#[19]">Vector5C</a> from vectors.o(.text) referenced from vectors.o(RESET)
 <LI><a href="#[1a]">Vector60</a> from vectors.o(.text) referenced from vectors.o(RESET)
 <LI><a href="#[1b]">Vector64</a> from vectors.o(.text) referenced from vectors.o(RESET)
 <LI><a href="#[1c]">Vector68</a> from vectors.o(.text) referenced from vectors.o(RESET)
 <LI><a href="#[1d]">Vector6C</a> from stm32_dma.o(.text) referenced from vectors.o(RESET)
 <LI><a href="#[1e]">Vector70</a> from stm32_dma.o(.text) referenced from vectors.o(RESET)
 <LI><a href="#[1f]">Vector74</a> from stm32_dma.o(.text) referenced from vectors.o(RESET)
 <LI><a href="#[20]">Vector78</a> from stm32_dma.o(.text) referenced from vectors.o(RESET)
 <LI><a href="#[21]">Vector7C</a> from stm32_dma.o(.text) referenced from vectors.o(RESET)
 <LI><a href="#[22]">Vector80</a> from stm32_dma.o(.text) referenced from vectors.o(RESET)
 <LI><a href="#[23]">Vector84</a> from stm32_dma.o(.text) referenced from vectors.o(RESET)
 <LI><a href="#[24]">Vector88</a> from vectors.o(.text) referenced from vectors.o(RESET)
 <LI><a href="#[25]">Vector8C</a> from vectors.o(.text) referenced from vectors.o(RESET)
 <LI><a href="#[26]">Vector90</a> from vectors.o(.text) referenced from vectors.o(RESET)
 <LI><a href="#[27]">Vector94</a> from vectors.o(.text) referenced from vectors.o(RESET)
 <LI><a href="#[28]">Vector98</a> from vectors.o(.text) referenced from vectors.o(RESET)
 <LI><a href="#[29]">Vector9C</a> from vectors.o(.text) referenced from vectors.o(RESET)
 <LI><a href="#[2a]">VectorA0</a> from pwm_lld.o(.text) referenced from vectors.o(RESET)
 <LI><a href="#[2b]">VectorA4</a> from vectors.o(.text) referenced from vectors.o(RESET)
 <LI><a href="#[2c]">VectorA8</a> from vectors.o(.text) referenced from vectors.o(RESET)
 <LI><a href="#[2d]">VectorAC</a> from vectors.o(.text) referenced from vectors.o(RESET)
 <LI><a href="#[2e]">VectorB0</a> from pwm_lld.o(.text) referenced from vectors.o(RESET)
 <LI><a href="#[2f]">VectorB4</a> from pwm_lld.o(.text) referenced from vectors.o(RESET)
 <LI><a href="#[30]">VectorB8</a> from pwm_lld.o(.text) referenced from vectors.o(RESET)
 <LI><a href="#[31]">VectorBC</a> from i2c_lld.o(.text) referenced from vectors.o(RESET)
 <LI><a href="#[32]">VectorC0</a> from i2c_lld.o(.text) referenced from vectors.o(RESET)
 <LI><a href="#[33]">VectorC4</a> from i2c_lld.o(.text) referenced from vectors.o(RESET)
 <LI><a href="#[34]">VectorC8</a> from i2c_lld.o(.text) referenced from vectors.o(RESET)
 <LI><a href="#[35]">VectorCC</a> from vectors.o(.text) referenced from vectors.o(RESET)
 <LI><a href="#[36]">VectorD0</a> from vectors.o(.text) referenced from vectors.o(RESET)
 <LI><a href="#[37]">VectorD4</a> from vectors.o(.text) referenced from vectors.o(RESET)
 <LI><a href="#[38]">VectorD8</a> from serial_lld.o(.text) referenced from vectors.o(RESET)
 <LI><a href="#[39]">VectorDC</a> from vectors.o(.text) referenced from vectors.o(RESET)
 <LI><a href="#[3a]">VectorE0</a> from vectors.o(.text) referenced from vectors.o(RESET)
 <LI><a href="#[3b]">VectorE4</a> from vectors.o(.text) referenced from vectors.o(RESET)
 <LI><a href="#[3c]">VectorE8</a> from vectors.o(.text) referenced from vectors.o(RESET)
 <LI><a href="#[3d]">VectorEC</a> from vectors.o(.text) referenced from vectors.o(RESET)
 <LI><a href="#[3e]">VectorF0</a> from vectors.o(.text) referenced from vectors.o(RESET)
 <LI><a href="#[5d]">__main</a> from __main.o(!!!main) referenced from cstartup.o(.text)
 <LI><a href="#[b4]">_idle_thread</a> from chsys.o(.text) referenced from chsys.o(.text)
 <LI><a href="#[41]">_port_exit_from_isr</a> from chcoreasm_v7m.o(.text) referenced from chcore_v7m.o(.text)
 <LI><a href="#[40]">_port_switch_from_isr</a> from chcoreasm_v7m.o(.text) referenced from chcore_v7m.o(.text)
 <LI><a href="#[44]">_port_thread_start</a> from chcoreasm_v7m.o(.text) referenced from chthreads.o(.text)
 <LI><a href="#[4f]">_printf_input_char</a> from _printf_char_common.o(.text) referenced from _printf_char_common.o(.text)
 <LI><a href="#[4e]">_sputc</a> from _sputc.o(.text) referenced from noretval__2sprintf.o(.text)
 <LI><a href="#[42]">chCoreAlloc</a> from chmemcore.o(.text) referenced from chheap.o(.text)
 <LI><a href="#[53]">get</a> from serial.o(.text) referenced from serial.o(.constdata)
 <LI><a href="#[55]">gett</a> from serial.o(.text) referenced from serial.o(.constdata)
 <LI><a href="#[4a]">i2c_lld_safety_timeout</a> from i2c_lld.o(.text) referenced from i2c_lld.o(.text)
 <LI><a href="#[48]">i2c_lld_serve_rx_end_irq</a> from i2c_lld.o(.text) referenced 2 times from i2c_lld.o(.text)
 <LI><a href="#[49]">i2c_lld_serve_tx_end_irq</a> from i2c_lld.o(.text) referenced 2 times from i2c_lld.o(.text)
 <LI><a href="#[47]">notify2</a> from serial_lld.o(.text) referenced from serial_lld.o(.text)
 <LI><a href="#[52]">put</a> from serial.o(.text) referenced from serial.o(.constdata)
 <LI><a href="#[54]">putt</a> from serial.o(.text) referenced from serial.o(.constdata)
 <LI><a href="#[59]">pwmc1cb</a> from main.o(.text) referenced from main.o(.data)
 <LI><a href="#[5a]">pwmc2cb</a> from main.o(.text) referenced from main.o(.data)
 <LI><a href="#[5b]">pwmc3cb</a> from main.o(.text) referenced from main.o(.data)
 <LI><a href="#[5c]">pwmc4cb</a> from main.o(.text) referenced from main.o(.data)
 <LI><a href="#[58]">pwmpcb4</a> from main.o(.text) referenced from main.o(.data)
 <LI><a href="#[51]">read</a> from serial.o(.text) referenced from serial.o(.constdata)
 <LI><a href="#[57]">readt</a> from serial.o(.text) referenced from serial.o(.constdata)
 <LI><a href="#[45]">tm_start</a> from tm.o(.text) referenced from tm.o(.text)
 <LI><a href="#[46]">tm_stop</a> from tm.o(.text) referenced from tm.o(.text)
 <LI><a href="#[43]">wakeup</a> from chschd.o(.text) referenced from chschd.o(.text)
 <LI><a href="#[50]">write</a> from serial.o(.text) referenced from serial.o(.constdata)
 <LI><a href="#[56]">writet</a> from serial.o(.text) referenced from serial.o(.constdata)
</UL>
<P>
<H3>
Global Symbols
</H3>
<P><STRONG><a name="[5d]"></a>__main</STRONG> (Thumb, 8 bytes, Stack size 0 bytes, __main.o(!!!main))
<BR><BR>[Calls]<UL><LI><a href="#[5f]">&gt;&gt;</a>&nbsp;&nbsp;&nbsp;__rt_entry
<LI><a href="#[5e]">&gt;&gt;</a>&nbsp;&nbsp;&nbsp;__scatterload
</UL>

<P><STRONG><a name="[5e]"></a>__scatterload</STRONG> (Thumb, 0 bytes, Stack size unknown bytes, __scatter.o(!!!scatter))
<BR><BR>[Called By]<UL><LI><a href="#[5d]">&gt;&gt;</a>&nbsp;&nbsp;&nbsp;__main
</UL>

<P><STRONG><a name="[60]"></a>__scatterload_rt2</STRONG> (Thumb, 44 bytes, Stack size unknown bytes, __scatter.o(!!!scatter), UNUSED)
<BR><BR>[Calls]<UL><LI><a href="#[5f]">&gt;&gt;</a>&nbsp;&nbsp;&nbsp;__rt_entry
</UL>

<P><STRONG><a name="[133]"></a>__scatterload_rt2_thumb_only</STRONG> (Thumb, 0 bytes, Stack size unknown bytes, __scatter.o(!!!scatter), UNUSED)

<P><STRONG><a name="[134]"></a>__scatterload_null</STRONG> (Thumb, 0 bytes, Stack size unknown bytes, __scatter.o(!!!scatter), UNUSED)

<P><STRONG><a name="[61]"></a>__scatterload_copy</STRONG> (Thumb, 26 bytes, Stack size unknown bytes, __scatter_copy.o(!!handler_copy), UNUSED)
<BR><BR>[Calls]<UL><LI><a href="#[61]">&gt;&gt;</a>&nbsp;&nbsp;&nbsp;__scatterload_copy
</UL>
<BR>[Called By]<UL><LI><a href="#[61]">&gt;&gt;</a>&nbsp;&nbsp;&nbsp;__scatterload_copy
</UL>

<P><STRONG><a name="[135]"></a>__scatterload_zeroinit</STRONG> (Thumb, 28 bytes, Stack size unknown bytes, __scatter_zi.o(!!handler_zi), UNUSED)

<P><STRONG><a name="[62]"></a>_printf_d</STRONG> (Thumb, 0 bytes, Stack size unknown bytes, _printf_d.o(.ARM.Collect$$_printf_percent$$00000009))
<BR><BR>[Stack]<UL><LI>Max Depth = 72 + Unknown Stack Size
<LI>Call Chain = _printf_d &rArr; _printf_int_dec &rArr; _printf_int_common &rArr; _printf_post_padding
</UL>
<BR>[Calls]<UL><LI><a href="#[63]">&gt;&gt;</a>&nbsp;&nbsp;&nbsp;_printf_int_dec
</UL>

<P><STRONG><a name="[112]"></a>_printf_percent</STRONG> (Thumb, 0 bytes, Stack size unknown bytes, _printf_percent.o(.ARM.Collect$$_printf_percent$$00000000))
<BR><BR>[Called By]<UL><LI><a href="#[110]">&gt;&gt;</a>&nbsp;&nbsp;&nbsp;__printf
</UL>

<P><STRONG><a name="[136]"></a>_printf_percent_end</STRONG> (Thumb, 0 bytes, Stack size unknown bytes, _printf_percent_end.o(.ARM.Collect$$_printf_percent$$00000017))

<P><STRONG><a name="[65]"></a>__rt_lib_init</STRONG> (Thumb, 0 bytes, Stack size unknown bytes, libinit.o(.ARM.Collect$$libinit$$00000000))
<BR><BR>[Called By]<UL><LI><a href="#[64]">&gt;&gt;</a>&nbsp;&nbsp;&nbsp;__rt_entry_li
</UL>

<P><STRONG><a name="[137]"></a>__rt_lib_init_alloca_1</STRONG> (Thumb, 0 bytes, Stack size unknown bytes, libinit2.o(.ARM.Collect$$libinit$$0000002C))

<P><STRONG><a name="[138]"></a>__rt_lib_init_argv_1</STRONG> (Thumb, 0 bytes, Stack size unknown bytes, libinit2.o(.ARM.Collect$$libinit$$0000002A))

<P><STRONG><a name="[139]"></a>__rt_lib_init_atexit_1</STRONG> (Thumb, 0 bytes, Stack size unknown bytes, libinit2.o(.ARM.Collect$$libinit$$00000019))

<P><STRONG><a name="[13a]"></a>__rt_lib_init_clock_1</STRONG> (Thumb, 0 bytes, Stack size unknown bytes, libinit2.o(.ARM.Collect$$libinit$$0000001F))

<P><STRONG><a name="[13b]"></a>__rt_lib_init_cpp_1</STRONG> (Thumb, 0 bytes, Stack size unknown bytes, libinit2.o(.ARM.Collect$$libinit$$00000030))

<P><STRONG><a name="[13c]"></a>__rt_lib_init_exceptions_1</STRONG> (Thumb, 0 bytes, Stack size unknown bytes, libinit2.o(.ARM.Collect$$libinit$$0000002E))

<P><STRONG><a name="[13d]"></a>__rt_lib_init_fp_1</STRONG> (Thumb, 0 bytes, Stack size unknown bytes, libinit2.o(.ARM.Collect$$libinit$$00000002))

<P><STRONG><a name="[13e]"></a>__rt_lib_init_fp_trap_1</STRONG> (Thumb, 0 bytes, Stack size unknown bytes, libinit2.o(.ARM.Collect$$libinit$$0000001D))

<P><STRONG><a name="[13f]"></a>__rt_lib_init_getenv_1</STRONG> (Thumb, 0 bytes, Stack size unknown bytes, libinit2.o(.ARM.Collect$$libinit$$00000021))

<P><STRONG><a name="[140]"></a>__rt_lib_init_heap_1</STRONG> (Thumb, 0 bytes, Stack size unknown bytes, libinit2.o(.ARM.Collect$$libinit$$00000008))

<P><STRONG><a name="[141]"></a>__rt_lib_init_lc_collate_1</STRONG> (Thumb, 0 bytes, Stack size unknown bytes, libinit2.o(.ARM.Collect$$libinit$$0000000F))

<P><STRONG><a name="[142]"></a>__rt_lib_init_lc_ctype_1</STRONG> (Thumb, 0 bytes, Stack size unknown bytes, libinit2.o(.ARM.Collect$$libinit$$00000011))

<P><STRONG><a name="[143]"></a>__rt_lib_init_lc_monetary_1</STRONG> (Thumb, 0 bytes, Stack size unknown bytes, libinit2.o(.ARM.Collect$$libinit$$00000013))

<P><STRONG><a name="[144]"></a>__rt_lib_init_lc_numeric_1</STRONG> (Thumb, 0 bytes, Stack size unknown bytes, libinit2.o(.ARM.Collect$$libinit$$00000015))

<P><STRONG><a name="[145]"></a>__rt_lib_init_lc_time_1</STRONG> (Thumb, 0 bytes, Stack size unknown bytes, libinit2.o(.ARM.Collect$$libinit$$00000017))

<P><STRONG><a name="[146]"></a>__rt_lib_init_rand_1</STRONG> (Thumb, 0 bytes, Stack size unknown bytes, libinit2.o(.ARM.Collect$$libinit$$0000000C))

<P><STRONG><a name="[147]"></a>__rt_lib_init_return</STRONG> (Thumb, 0 bytes, Stack size unknown bytes, libinit2.o(.ARM.Collect$$libinit$$00000031))

<P><STRONG><a name="[148]"></a>__rt_lib_init_signal_1</STRONG> (Thumb, 0 bytes, Stack size unknown bytes, libinit2.o(.ARM.Collect$$libinit$$0000001B))

<P><STRONG><a name="[149]"></a>__rt_lib_init_stdio_1</STRONG> (Thumb, 0 bytes, Stack size unknown bytes, libinit2.o(.ARM.Collect$$libinit$$00000023))

<P><STRONG><a name="[14a]"></a>__rt_lib_init_user_alloc_1</STRONG> (Thumb, 0 bytes, Stack size unknown bytes, libinit2.o(.ARM.Collect$$libinit$$0000000A))

<P><STRONG><a name="[6a]"></a>__rt_lib_shutdown</STRONG> (Thumb, 0 bytes, Stack size unknown bytes, libshutdown.o(.ARM.Collect$$libshutdown$$00000000))
<BR><BR>[Called By]<UL><LI><a href="#[69]">&gt;&gt;</a>&nbsp;&nbsp;&nbsp;__rt_exit_ls
</UL>

<P><STRONG><a name="[14b]"></a>__rt_lib_shutdown_fp_trap_1</STRONG> (Thumb, 0 bytes, Stack size unknown bytes, libshutdown2.o(.ARM.Collect$$libshutdown$$00000006))

<P><STRONG><a name="[14c]"></a>__rt_lib_shutdown_heap_1</STRONG> (Thumb, 0 bytes, Stack size unknown bytes, libshutdown2.o(.ARM.Collect$$libshutdown$$0000000E))

<P><STRONG><a name="[14d]"></a>__rt_lib_shutdown_return</STRONG> (Thumb, 0 bytes, Stack size unknown bytes, libshutdown2.o(.ARM.Collect$$libshutdown$$0000000F))

<P><STRONG><a name="[14e]"></a>__rt_lib_shutdown_signal_1</STRONG> (Thumb, 0 bytes, Stack size unknown bytes, libshutdown2.o(.ARM.Collect$$libshutdown$$00000009))

<P><STRONG><a name="[14f]"></a>__rt_lib_shutdown_stdio_1</STRONG> (Thumb, 0 bytes, Stack size unknown bytes, libshutdown2.o(.ARM.Collect$$libshutdown$$00000003))

<P><STRONG><a name="[150]"></a>__rt_lib_shutdown_user_alloc_1</STRONG> (Thumb, 0 bytes, Stack size unknown bytes, libshutdown2.o(.ARM.Collect$$libshutdown$$0000000B))

<P><STRONG><a name="[5f]"></a>__rt_entry</STRONG> (Thumb, 0 bytes, Stack size unknown bytes, rtentry.o(.ARM.Collect$$rtentry$$00000000))
<BR><BR>[Called By]<UL><LI><a href="#[5d]">&gt;&gt;</a>&nbsp;&nbsp;&nbsp;__main
<LI><a href="#[60]">&gt;&gt;</a>&nbsp;&nbsp;&nbsp;__scatterload_rt2
</UL>

<P><STRONG><a name="[151]"></a>__rt_entry_presh_1</STRONG> (Thumb, 0 bytes, Stack size unknown bytes, rtentry2.o(.ARM.Collect$$rtentry$$00000002))

<P><STRONG><a name="[152]"></a>__rt_entry_sh</STRONG> (Thumb, 0 bytes, Stack size unknown bytes, rtentry5.o(.ARM.Collect$$rtentry$$00000005))

<P><STRONG><a name="[64]"></a>__rt_entry_li</STRONG> (Thumb, 0 bytes, Stack size unknown bytes, rtentry2.o(.ARM.Collect$$rtentry$$0000000A))
<BR><BR>[Calls]<UL><LI><a href="#[65]">&gt;&gt;</a>&nbsp;&nbsp;&nbsp;__rt_lib_init
</UL>

<P><STRONG><a name="[153]"></a>__rt_entry_postsh_1</STRONG> (Thumb, 0 bytes, Stack size unknown bytes, rtentry2.o(.ARM.Collect$$rtentry$$00000009))

<P><STRONG><a name="[66]"></a>__rt_entry_main</STRONG> (Thumb, 0 bytes, Stack size unknown bytes, rtentry2.o(.ARM.Collect$$rtentry$$0000000D))
<BR><BR>[Stack]<UL><LI>Max Depth = 84 + Unknown Stack Size
<LI>Call Chain = __rt_entry_main &rArr; main &rArr; chSysInit &rArr; chThdCreateStatic &rArr; chThdCreateI
</UL>
<BR>[Calls]<UL><LI><a href="#[68]">&gt;&gt;</a>&nbsp;&nbsp;&nbsp;exit
<LI><a href="#[67]">&gt;&gt;</a>&nbsp;&nbsp;&nbsp;main
</UL>

<P><STRONG><a name="[154]"></a>__rt_entry_postli_1</STRONG> (Thumb, 0 bytes, Stack size unknown bytes, rtentry2.o(.ARM.Collect$$rtentry$$0000000C))

<P><STRONG><a name="[118]"></a>__rt_exit</STRONG> (Thumb, 0 bytes, Stack size unknown bytes, rtexit.o(.ARM.Collect$$rtexit$$00000000))
<BR><BR>[Called By]<UL><LI><a href="#[68]">&gt;&gt;</a>&nbsp;&nbsp;&nbsp;exit
</UL>

<P><STRONG><a name="[69]"></a>__rt_exit_ls</STRONG> (Thumb, 0 bytes, Stack size unknown bytes, rtexit2.o(.ARM.Collect$$rtexit$$00000003))
<BR><BR>[Calls]<UL><LI><a href="#[6a]">&gt;&gt;</a>&nbsp;&nbsp;&nbsp;__rt_lib_shutdown
</UL>

<P><STRONG><a name="[155]"></a>__rt_exit_prels_1</STRONG> (Thumb, 0 bytes, Stack size unknown bytes, rtexit2.o(.ARM.Collect$$rtexit$$00000002))

<P><STRONG><a name="[6b]"></a>__rt_exit_exit</STRONG> (Thumb, 0 bytes, Stack size unknown bytes, rtexit2.o(.ARM.Collect$$rtexit$$00000004))
<BR><BR>[Calls]<UL><LI><a href="#[6c]">&gt;&gt;</a>&nbsp;&nbsp;&nbsp;_sys_exit
</UL>

<P><STRONG><a name="[6d]"></a>__early_init</STRONG> (Thumb, 8 bytes, Stack size 8 bytes, board.o(.text))
<BR><BR>[Stack]<UL><LI>Max Depth = 8<LI>Call Chain = __early_init
</UL>
<BR>[Calls]<UL><LI><a href="#[6e]">&gt;&gt;</a>&nbsp;&nbsp;&nbsp;stm32_clock_init
</UL>
<BR>[Called By]<UL><LI><a href="#[3]">&gt;&gt;</a>&nbsp;&nbsp;&nbsp;Reset_Handler
</UL>

<P><STRONG><a name="[c4]"></a>boardInit</STRONG> (Thumb, 2 bytes, Stack size 0 bytes, board.o(.text))
<BR><BR>[Called By]<UL><LI><a href="#[bd]">&gt;&gt;</a>&nbsp;&nbsp;&nbsp;halInit
</UL>

<P><STRONG><a name="[3]"></a>Reset_Handler</STRONG> (Thumb, 26 bytes, Stack size 0 bytes, cstartup.o(.text))
<BR><BR>[Stack]<UL><LI>Max Depth = 8<LI>Call Chain = Reset_Handler &rArr; __early_init
</UL>
<BR>[Calls]<UL><LI><a href="#[6d]">&gt;&gt;</a>&nbsp;&nbsp;&nbsp;__early_init
</UL>
<BR>[Address Reference Count : 1]<UL><LI> vectors.o(RESET)
</UL>
<P><STRONG><a name="[156]"></a>__user_initial_stackheap</STRONG> (Thumb, 0 bytes, Stack size unknown bytes, cstartup.o(.text), UNUSED)

<P><STRONG><a name="[aa]"></a>_port_switch</STRONG> (Thumb, 16 bytes, Stack size 0 bytes, chcoreasm_v7m.o(.text))
<BR><BR>[Called By]<UL><LI><a href="#[ae]">&gt;&gt;</a>&nbsp;&nbsp;&nbsp;chSchDoRescheduleBehind
<LI><a href="#[ad]">&gt;&gt;</a>&nbsp;&nbsp;&nbsp;chSchDoRescheduleAhead
<LI><a href="#[7c]">&gt;&gt;</a>&nbsp;&nbsp;&nbsp;chSchWakeupS
<LI><a href="#[86]">&gt;&gt;</a>&nbsp;&nbsp;&nbsp;chSchGoSleepS
</UL>

<P><STRONG><a name="[44]"></a>_port_thread_start</STRONG> (Thumb, 14 bytes, Stack size 0 bytes, chcoreasm_v7m.o(.text))
<BR><BR>[Stack]<UL><LI>Max Depth = 40<LI>Call Chain = _port_thread_start &rArr; chThdExit &rArr; chThdExitS &rArr; chSchGoSleepS
</UL>
<BR>[Calls]<UL><LI><a href="#[6f]">&gt;&gt;</a>&nbsp;&nbsp;&nbsp;chThdExit
</UL>
<BR>[Address Reference Count : 1]<UL><LI> chthreads.o(.text)
</UL>
<P><STRONG><a name="[40]"></a>_port_switch_from_isr</STRONG> (Thumb, 6 bytes, Stack size 0 bytes, chcoreasm_v7m.o(.text))
<BR><BR>[Stack]<UL><LI>Max Depth = 24<LI>Call Chain = _port_switch_from_isr &rArr; chSchDoReschedule &rArr; chSchDoRescheduleAhead
</UL>
<BR>[Calls]<UL><LI><a href="#[70]">&gt;&gt;</a>&nbsp;&nbsp;&nbsp;chSchDoReschedule
</UL>
<BR>[Address Reference Count : 1]<UL><LI> chcore_v7m.o(.text)
</UL>
<P><STRONG><a name="[41]"></a>_port_exit_from_isr</STRONG> (Thumb, 0 bytes, Stack size unknown bytes, chcoreasm_v7m.o(.text))
<BR>[Address Reference Count : 1]<UL><LI> chcore_v7m.o(.text)
</UL>
<P><STRONG><a name="[f6]"></a>port_halt</STRONG> (Thumb, 6 bytes, Stack size 0 bytes, chcore.o(.text))
<BR><BR>[Called By]<UL><LI><a href="#[49]">&gt;&gt;</a>&nbsp;&nbsp;&nbsp;i2c_lld_serve_tx_end_irq
<LI><a href="#[48]">&gt;&gt;</a>&nbsp;&nbsp;&nbsp;i2c_lld_serve_rx_end_irq
</UL>

<P><STRONG><a name="[72]"></a>_port_irq_epilogue</STRONG> (Thumb, 112 bytes, Stack size 0 bytes, chcore_v7m.o(.text))
<BR><BR>[Called By]<UL><LI><a href="#[11]">&gt;&gt;</a>&nbsp;&nbsp;&nbsp;SysTickVector
<LI><a href="#[34]">&gt;&gt;</a>&nbsp;&nbsp;&nbsp;VectorC8
<LI><a href="#[33]">&gt;&gt;</a>&nbsp;&nbsp;&nbsp;VectorC4
<LI><a href="#[32]">&gt;&gt;</a>&nbsp;&nbsp;&nbsp;VectorC0
<LI><a href="#[31]">&gt;&gt;</a>&nbsp;&nbsp;&nbsp;VectorBC
<LI><a href="#[23]">&gt;&gt;</a>&nbsp;&nbsp;&nbsp;Vector84
<LI><a href="#[22]">&gt;&gt;</a>&nbsp;&nbsp;&nbsp;Vector80
<LI><a href="#[21]">&gt;&gt;</a>&nbsp;&nbsp;&nbsp;Vector7C
<LI><a href="#[20]">&gt;&gt;</a>&nbsp;&nbsp;&nbsp;Vector78
<LI><a href="#[1f]">&gt;&gt;</a>&nbsp;&nbsp;&nbsp;Vector74
<LI><a href="#[1e]">&gt;&gt;</a>&nbsp;&nbsp;&nbsp;Vector70
<LI><a href="#[1d]">&gt;&gt;</a>&nbsp;&nbsp;&nbsp;Vector6C
<LI><a href="#[38]">&gt;&gt;</a>&nbsp;&nbsp;&nbsp;VectorD8
<LI><a href="#[2a]">&gt;&gt;</a>&nbsp;&nbsp;&nbsp;VectorA0
<LI><a href="#[30]">&gt;&gt;</a>&nbsp;&nbsp;&nbsp;VectorB8
<LI><a href="#[2f]">&gt;&gt;</a>&nbsp;&nbsp;&nbsp;VectorB4
<LI><a href="#[2e]">&gt;&gt;</a>&nbsp;&nbsp;&nbsp;VectorB0
</UL>

<P><STRONG><a name="[11]"></a>SysTickVector</STRONG> (Thumb, 24 bytes, Stack size 8 bytes, chcore_v7m.o(.text))
<BR><BR>[Stack]<UL><LI>Max Depth = 24<LI>Call Chain = SysTickVector &rArr; chSysTimerHandlerI
</UL>
<BR>[Calls]<UL><LI><a href="#[71]">&gt;&gt;</a>&nbsp;&nbsp;&nbsp;chSysTimerHandlerI
<LI><a href="#[72]">&gt;&gt;</a>&nbsp;&nbsp;&nbsp;_port_irq_epilogue
</UL>
<BR>[Address Reference Count : 1]<UL><LI> vectors.o(RESET)
</UL>
<P><STRONG><a name="[d]"></a>SVCallVector</STRONG> (Thumb, 20 bytes, Stack size 0 bytes, chcore_v7m.o(.text))
<BR>[Address Reference Count : 1]<UL><LI> vectors.o(RESET)
</UL>
<P><STRONG><a name="[73]"></a>_port_init</STRONG> (Thumb, 44 bytes, Stack size 8 bytes, chcore_v7m.o(.text))
<BR><BR>[Stack]<UL><LI>Max Depth = 20<LI>Call Chain = _port_init &rArr; nvicSetSystemHandlerPriority
</UL>
<BR>[Calls]<UL><LI><a href="#[74]">&gt;&gt;</a>&nbsp;&nbsp;&nbsp;nvicSetSystemHandlerPriority
</UL>
<BR>[Called By]<UL><LI><a href="#[af]">&gt;&gt;</a>&nbsp;&nbsp;&nbsp;chSysInit
</UL>

<P><STRONG><a name="[7]"></a>BusFaultVector</STRONG> (Thumb, 0 bytes, Stack size 0 bytes, vectors.o(.text))
<BR>[Address Reference Count : 1]<UL><LI> vectors.o(RESET)
</UL>
<P><STRONG><a name="[e]"></a>DebugMonitorVector</STRONG> (Thumb, 0 bytes, Stack size 0 bytes, vectors.o(.text))
<BR>[Address Reference Count : 1]<UL><LI> vectors.o(RESET)
</UL>
<P><STRONG><a name="[5]"></a>HardFaultVector</STRONG> (Thumb, 0 bytes, Stack size 0 bytes, vectors.o(.text))
<BR>[Address Reference Count : 1]<UL><LI> vectors.o(RESET)
</UL>
<P><STRONG><a name="[6]"></a>MemManageVector</STRONG> (Thumb, 0 bytes, Stack size 0 bytes, vectors.o(.text))
<BR>[Address Reference Count : 1]<UL><LI> vectors.o(RESET)
</UL>
<P><STRONG><a name="[4]"></a>NMIVector</STRONG> (Thumb, 0 bytes, Stack size 0 bytes, vectors.o(.text))
<BR>[Address Reference Count : 1]<UL><LI> vectors.o(RESET)
</UL>
<P><STRONG><a name="[10]"></a>PendSVVector</STRONG> (Thumb, 0 bytes, Stack size 0 bytes, vectors.o(.text))
<BR>[Address Reference Count : 1]<UL><LI> vectors.o(RESET)
</UL>
<P><STRONG><a name="[8]"></a>UsageFaultVector</STRONG> (Thumb, 0 bytes, Stack size 0 bytes, vectors.o(.text))
<BR>[Address Reference Count : 1]<UL><LI> vectors.o(RESET)
</UL>
<P><STRONG><a name="[9]"></a>Vector1C</STRONG> (Thumb, 0 bytes, Stack size 0 bytes, vectors.o(.text))
<BR>[Address Reference Count : 1]<UL><LI> vectors.o(RESET)
</UL>
<P><STRONG><a name="[a]"></a>Vector20</STRONG> (Thumb, 0 bytes, Stack size 0 bytes, vectors.o(.text))
<BR>[Address Reference Count : 1]<UL><LI> vectors.o(RESET)
</UL>
<P><STRONG><a name="[b]"></a>Vector24</STRONG> (Thumb, 0 bytes, Stack size 0 bytes, vectors.o(.text))
<BR>[Address Reference Count : 1]<UL><LI> vectors.o(RESET)
</UL>
<P><STRONG><a name="[c]"></a>Vector28</STRONG> (Thumb, 0 bytes, Stack size 0 bytes, vectors.o(.text))
<BR>[Address Reference Count : 1]<UL><LI> vectors.o(RESET)
</UL>
<P><STRONG><a name="[f]"></a>Vector34</STRONG> (Thumb, 0 bytes, Stack size 0 bytes, vectors.o(.text))
<BR>[Address Reference Count : 1]<UL><LI> vectors.o(RESET)
</UL>
<P><STRONG><a name="[12]"></a>Vector40</STRONG> (Thumb, 0 bytes, Stack size 0 bytes, vectors.o(.text))
<BR>[Address Reference Count : 1]<UL><LI> vectors.o(RESET)
</UL>
<P><STRONG><a name="[13]"></a>Vector44</STRONG> (Thumb, 0 bytes, Stack size 0 bytes, vectors.o(.text))
<BR>[Address Reference Count : 1]<UL><LI> vectors.o(RESET)
</UL>
<P><STRONG><a name="[14]"></a>Vector48</STRONG> (Thumb, 0 bytes, Stack size 0 bytes, vectors.o(.text))
<BR>[Address Reference Count : 1]<UL><LI> vectors.o(RESET)
</UL>
<P><STRONG><a name="[15]"></a>Vector4C</STRONG> (Thumb, 0 bytes, Stack size 0 bytes, vectors.o(.text))
<BR>[Address Reference Count : 1]<UL><LI> vectors.o(RESET)
</UL>
<P><STRONG><a name="[16]"></a>Vector50</STRONG> (Thumb, 0 bytes, Stack size 0 bytes, vectors.o(.text))
<BR>[Address Reference Count : 1]<UL><LI> vectors.o(RESET)
</UL>
<P><STRONG><a name="[17]"></a>Vector54</STRONG> (Thumb, 0 bytes, Stack size 0 bytes, vectors.o(.text))
<BR>[Address Reference Count : 1]<UL><LI> vectors.o(RESET)
</UL>
<P><STRONG><a name="[18]"></a>Vector58</STRONG> (Thumb, 0 bytes, Stack size 0 bytes, vectors.o(.text))
<BR>[Address Reference Count : 1]<UL><LI> vectors.o(RESET)
</UL>
<P><STRONG><a name="[19]"></a>Vector5C</STRONG> (Thumb, 0 bytes, Stack size 0 bytes, vectors.o(.text))
<BR>[Address Reference Count : 1]<UL><LI> vectors.o(RESET)
</UL>
<P><STRONG><a name="[1a]"></a>Vector60</STRONG> (Thumb, 0 bytes, Stack size 0 bytes, vectors.o(.text))
<BR>[Address Reference Count : 1]<UL><LI> vectors.o(RESET)
</UL>
<P><STRONG><a name="[1b]"></a>Vector64</STRONG> (Thumb, 0 bytes, Stack size 0 bytes, vectors.o(.text))
<BR>[Address Reference Count : 1]<UL><LI> vectors.o(RESET)
</UL>
<P><STRONG><a name="[1c]"></a>Vector68</STRONG> (Thumb, 0 bytes, Stack size 0 bytes, vectors.o(.text))
<BR>[Address Reference Count : 1]<UL><LI> vectors.o(RESET)
</UL>
<P><STRONG><a name="[24]"></a>Vector88</STRONG> (Thumb, 0 bytes, Stack size 0 bytes, vectors.o(.text))
<BR>[Address Reference Count : 1]<UL><LI> vectors.o(RESET)
</UL>
<P><STRONG><a name="[25]"></a>Vector8C</STRONG> (Thumb, 0 bytes, Stack size 0 bytes, vectors.o(.text))
<BR>[Address Reference Count : 1]<UL><LI> vectors.o(RESET)
</UL>
<P><STRONG><a name="[26]"></a>Vector90</STRONG> (Thumb, 0 bytes, Stack size 0 bytes, vectors.o(.text))
<BR>[Address Reference Count : 1]<UL><LI> vectors.o(RESET)
</UL>
<P><STRONG><a name="[27]"></a>Vector94</STRONG> (Thumb, 0 bytes, Stack size 0 bytes, vectors.o(.text))
<BR>[Address Reference Count : 1]<UL><LI> vectors.o(RESET)
</UL>
<P><STRONG><a name="[28]"></a>Vector98</STRONG> (Thumb, 0 bytes, Stack size 0 bytes, vectors.o(.text))
<BR>[Address Reference Count : 1]<UL><LI> vectors.o(RESET)
</UL>
<P><STRONG><a name="[29]"></a>Vector9C</STRONG> (Thumb, 0 bytes, Stack size 0 bytes, vectors.o(.text))
<BR>[Address Reference Count : 1]<UL><LI> vectors.o(RESET)
</UL>
<P><STRONG><a name="[2b]"></a>VectorA4</STRONG> (Thumb, 0 bytes, Stack size 0 bytes, vectors.o(.text))
<BR>[Address Reference Count : 1]<UL><LI> vectors.o(RESET)
</UL>
<P><STRONG><a name="[2c]"></a>VectorA8</STRONG> (Thumb, 0 bytes, Stack size 0 bytes, vectors.o(.text))
<BR>[Address Reference Count : 1]<UL><LI> vectors.o(RESET)
</UL>
<P><STRONG><a name="[2d]"></a>VectorAC</STRONG> (Thumb, 0 bytes, Stack size 0 bytes, vectors.o(.text))
<BR>[Address Reference Count : 1]<UL><LI> vectors.o(RESET)
</UL>
<P><STRONG><a name="[35]"></a>VectorCC</STRONG> (Thumb, 0 bytes, Stack size 0 bytes, vectors.o(.text))
<BR>[Address Reference Count : 1]<UL><LI> vectors.o(RESET)
</UL>
<P><STRONG><a name="[36]"></a>VectorD0</STRONG> (Thumb, 0 bytes, Stack size 0 bytes, vectors.o(.text))
<BR>[Address Reference Count : 1]<UL><LI> vectors.o(RESET)
</UL>
<P><STRONG><a name="[37]"></a>VectorD4</STRONG> (Thumb, 0 bytes, Stack size 0 bytes, vectors.o(.text))
<BR>[Address Reference Count : 1]<UL><LI> vectors.o(RESET)
</UL>
<P><STRONG><a name="[39]"></a>VectorDC</STRONG> (Thumb, 0 bytes, Stack size 0 bytes, vectors.o(.text))
<BR>[Address Reference Count : 1]<UL><LI> vectors.o(RESET)
</UL>
<P><STRONG><a name="[3a]"></a>VectorE0</STRONG> (Thumb, 0 bytes, Stack size 0 bytes, vectors.o(.text))
<BR>[Address Reference Count : 1]<UL><LI> vectors.o(RESET)
</UL>
<P><STRONG><a name="[3b]"></a>VectorE4</STRONG> (Thumb, 0 bytes, Stack size 0 bytes, vectors.o(.text))
<BR>[Address Reference Count : 1]<UL><LI> vectors.o(RESET)
</UL>
<P><STRONG><a name="[3c]"></a>VectorE8</STRONG> (Thumb, 0 bytes, Stack size 0 bytes, vectors.o(.text))
<BR>[Address Reference Count : 1]<UL><LI> vectors.o(RESET)
</UL>
<P><STRONG><a name="[3d]"></a>VectorEC</STRONG> (Thumb, 0 bytes, Stack size 0 bytes, vectors.o(.text))
<BR>[Address Reference Count : 1]<UL><LI> vectors.o(RESET)
</UL>
<P><STRONG><a name="[3e]"></a>VectorF0</STRONG> (Thumb, 0 bytes, Stack size 0 bytes, vectors.o(.text))
<BR>[Address Reference Count : 1]<UL><LI> vectors.o(RESET)
</UL>
<P><STRONG><a name="[75]"></a>_unhandled_exception</STRONG> (Thumb, 2 bytes, Stack size 0 bytes, vectors.o(.text), UNUSED)
<BR><BR>[Calls]<UL><LI><a href="#[75]">&gt;&gt;</a>&nbsp;&nbsp;&nbsp;_unhandled_exception
</UL>
<BR>[Called By]<UL><LI><a href="#[75]">&gt;&gt;</a>&nbsp;&nbsp;&nbsp;_unhandled_exception
</UL>

<P><STRONG><a name="[ea]"></a>nvicEnableVector</STRONG> (Thumb, 74 bytes, Stack size 12 bytes, nvic.o(.text))
<BR><BR>[Stack]<UL><LI>Max Depth = 12<LI>Call Chain = nvicEnableVector
</UL>
<BR>[Called By]<UL><LI><a href="#[f0]">&gt;&gt;</a>&nbsp;&nbsp;&nbsp;dmaStreamAllocate
<LI><a href="#[e1]">&gt;&gt;</a>&nbsp;&nbsp;&nbsp;sd_lld_start
<LI><a href="#[d5]">&gt;&gt;</a>&nbsp;&nbsp;&nbsp;pwm_lld_start
<LI><a href="#[ca]">&gt;&gt;</a>&nbsp;&nbsp;&nbsp;i2c_lld_start
</UL>

<P><STRONG><a name="[eb]"></a>nvicDisableVector</STRONG> (Thumb, 46 bytes, Stack size 8 bytes, nvic.o(.text), UNUSED)
<BR><BR>[Called By]<UL><LI><a href="#[f1]">&gt;&gt;</a>&nbsp;&nbsp;&nbsp;dmaStreamRelease
<LI><a href="#[e3]">&gt;&gt;</a>&nbsp;&nbsp;&nbsp;sd_lld_stop
<LI><a href="#[d7]">&gt;&gt;</a>&nbsp;&nbsp;&nbsp;pwm_lld_stop
<LI><a href="#[cc]">&gt;&gt;</a>&nbsp;&nbsp;&nbsp;i2c_lld_stop
</UL>

<P><STRONG><a name="[74]"></a>nvicSetSystemHandlerPriority</STRONG> (Thumb, 36 bytes, Stack size 12 bytes, nvic.o(.text))
<BR><BR>[Stack]<UL><LI>Max Depth = 12<LI>Call Chain = nvicSetSystemHandlerPriority
</UL>
<BR>[Called By]<UL><LI><a href="#[73]">&gt;&gt;</a>&nbsp;&nbsp;&nbsp;_port_init
</UL>

<P><STRONG><a name="[157]"></a>chThdAddRef</STRONG> (Thumb, 20 bytes, Stack size 0 bytes, chdynamic.o(.text), UNUSED)

<P><STRONG><a name="[76]"></a>chThdRelease</STRONG> (Thumb, 96 bytes, Stack size 16 bytes, chdynamic.o(.text), UNUSED)
<BR><BR>[Calls]<UL><LI><a href="#[78]">&gt;&gt;</a>&nbsp;&nbsp;&nbsp;chPoolFree
<LI><a href="#[77]">&gt;&gt;</a>&nbsp;&nbsp;&nbsp;chHeapFree
</UL>
<BR>[Called By]<UL><LI><a href="#[bc]">&gt;&gt;</a>&nbsp;&nbsp;&nbsp;chThdWait
</UL>

<P><STRONG><a name="[79]"></a>chThdCreateFromHeap</STRONG> (Thumb, 80 bytes, Stack size 40 bytes, chdynamic.o(.text), UNUSED)
<BR><BR>[Calls]<UL><LI><a href="#[7b]">&gt;&gt;</a>&nbsp;&nbsp;&nbsp;chThdCreateI
<LI><a href="#[7a]">&gt;&gt;</a>&nbsp;&nbsp;&nbsp;chHeapAlloc
<LI><a href="#[7c]">&gt;&gt;</a>&nbsp;&nbsp;&nbsp;chSchWakeupS
</UL>

<P><STRONG><a name="[7d]"></a>chThdCreateFromMemoryPool</STRONG> (Thumb, 80 bytes, Stack size 32 bytes, chdynamic.o(.text), UNUSED)
<BR><BR>[Calls]<UL><LI><a href="#[7b]">&gt;&gt;</a>&nbsp;&nbsp;&nbsp;chThdCreateI
<LI><a href="#[7e]">&gt;&gt;</a>&nbsp;&nbsp;&nbsp;chPoolAlloc
<LI><a href="#[7c]">&gt;&gt;</a>&nbsp;&nbsp;&nbsp;chSchWakeupS
</UL>

<P><STRONG><a name="[158]"></a>chEvtRegisterMask</STRONG> (Thumb, 30 bytes, Stack size 0 bytes, chevents.o(.text), UNUSED)

<P><STRONG><a name="[159]"></a>chEvtUnregister</STRONG> (Thumb, 42 bytes, Stack size 0 bytes, chevents.o(.text), UNUSED)

<P><STRONG><a name="[15a]"></a>chEvtGetAndClearEvents</STRONG> (Thumb, 40 bytes, Stack size 0 bytes, chevents.o(.text), UNUSED)

<P><STRONG><a name="[15b]"></a>chEvtAddEvents</STRONG> (Thumb, 30 bytes, Stack size 0 bytes, chevents.o(.text), UNUSED)

<P><STRONG><a name="[7f]"></a>chEvtSignalI</STRONG> (Thumb, 54 bytes, Stack size 16 bytes, chevents.o(.text))
<BR><BR>[Stack]<UL><LI>Max Depth = 16<LI>Call Chain = chEvtSignalI
</UL>
<BR>[Calls]<UL><LI><a href="#[80]">&gt;&gt;</a>&nbsp;&nbsp;&nbsp;chSchReadyI
</UL>
<BR>[Called By]<UL><LI><a href="#[82]">&gt;&gt;</a>&nbsp;&nbsp;&nbsp;chEvtSignal
<LI><a href="#[81]">&gt;&gt;</a>&nbsp;&nbsp;&nbsp;chEvtBroadcastFlagsI
</UL>

<P><STRONG><a name="[81]"></a>chEvtBroadcastFlagsI</STRONG> (Thumb, 32 bytes, Stack size 16 bytes, chevents.o(.text))
<BR><BR>[Stack]<UL><LI>Max Depth = 32<LI>Call Chain = chEvtBroadcastFlagsI &rArr; chEvtSignalI
</UL>
<BR>[Calls]<UL><LI><a href="#[7f]">&gt;&gt;</a>&nbsp;&nbsp;&nbsp;chEvtSignalI
</UL>
<BR>[Called By]<UL><LI><a href="#[84]">&gt;&gt;</a>&nbsp;&nbsp;&nbsp;chEvtBroadcastFlags
<LI><a href="#[ed]">&gt;&gt;</a>&nbsp;&nbsp;&nbsp;serve_interrupt
<LI><a href="#[ec]">&gt;&gt;</a>&nbsp;&nbsp;&nbsp;set_error
<LI><a href="#[e5]">&gt;&gt;</a>&nbsp;&nbsp;&nbsp;sdRequestDataI
<LI><a href="#[e4]">&gt;&gt;</a>&nbsp;&nbsp;&nbsp;sdIncomingDataI
</UL>

<P><STRONG><a name="[15c]"></a>chEvtGetAndClearFlags</STRONG> (Thumb, 20 bytes, Stack size 0 bytes, chevents.o(.text), UNUSED)

<P><STRONG><a name="[82]"></a>chEvtSignal</STRONG> (Thumb, 32 bytes, Stack size 16 bytes, chevents.o(.text), UNUSED)
<BR><BR>[Calls]<UL><LI><a href="#[7f]">&gt;&gt;</a>&nbsp;&nbsp;&nbsp;chEvtSignalI
<LI><a href="#[83]">&gt;&gt;</a>&nbsp;&nbsp;&nbsp;chSchRescheduleS
</UL>

<P><STRONG><a name="[84]"></a>chEvtBroadcastFlags</STRONG> (Thumb, 32 bytes, Stack size 16 bytes, chevents.o(.text), UNUSED)
<BR><BR>[Calls]<UL><LI><a href="#[81]">&gt;&gt;</a>&nbsp;&nbsp;&nbsp;chEvtBroadcastFlagsI
<LI><a href="#[83]">&gt;&gt;</a>&nbsp;&nbsp;&nbsp;chSchRescheduleS
</UL>

<P><STRONG><a name="[15d]"></a>chEvtGetAndClearFlagsI</STRONG> (Thumb, 10 bytes, Stack size 0 bytes, chevents.o(.text), UNUSED)

<P><STRONG><a name="[15e]"></a>chEvtDispatch</STRONG> (Thumb, 40 bytes, Stack size 16 bytes, chevents.o(.text), UNUSED)

<P><STRONG><a name="[85]"></a>chEvtWaitOne</STRONG> (Thumb, 56 bytes, Stack size 16 bytes, chevents.o(.text), UNUSED)
<BR><BR>[Calls]<UL><LI><a href="#[86]">&gt;&gt;</a>&nbsp;&nbsp;&nbsp;chSchGoSleepS
</UL>

<P><STRONG><a name="[87]"></a>chEvtWaitAny</STRONG> (Thumb, 52 bytes, Stack size 16 bytes, chevents.o(.text), UNUSED)
<BR><BR>[Calls]<UL><LI><a href="#[86]">&gt;&gt;</a>&nbsp;&nbsp;&nbsp;chSchGoSleepS
</UL>

<P><STRONG><a name="[88]"></a>chEvtWaitAll</STRONG> (Thumb, 46 bytes, Stack size 16 bytes, chevents.o(.text), UNUSED)
<BR><BR>[Calls]<UL><LI><a href="#[86]">&gt;&gt;</a>&nbsp;&nbsp;&nbsp;chSchGoSleepS
</UL>

<P><STRONG><a name="[89]"></a>chEvtWaitOneTimeout</STRONG> (Thumb, 84 bytes, Stack size 24 bytes, chevents.o(.text), UNUSED)
<BR><BR>[Calls]<UL><LI><a href="#[8a]">&gt;&gt;</a>&nbsp;&nbsp;&nbsp;chSchGoSleepTimeoutS
</UL>

<P><STRONG><a name="[8b]"></a>chEvtWaitAnyTimeout</STRONG> (Thumb, 80 bytes, Stack size 24 bytes, chevents.o(.text), UNUSED)
<BR><BR>[Calls]<UL><LI><a href="#[8a]">&gt;&gt;</a>&nbsp;&nbsp;&nbsp;chSchGoSleepTimeoutS
</UL>

<P><STRONG><a name="[8c]"></a>chEvtWaitAllTimeout</STRONG> (Thumb, 72 bytes, Stack size 16 bytes, chevents.o(.text), UNUSED)
<BR><BR>[Calls]<UL><LI><a href="#[8a]">&gt;&gt;</a>&nbsp;&nbsp;&nbsp;chSchGoSleepTimeoutS
</UL>

<P><STRONG><a name="[8d]"></a>_heap_init</STRONG> (Thumb, 26 bytes, Stack size 8 bytes, chheap.o(.text))
<BR><BR>[Stack]<UL><LI>Max Depth = 8<LI>Call Chain = _heap_init
</UL>
<BR>[Calls]<UL><LI><a href="#[8e]">&gt;&gt;</a>&nbsp;&nbsp;&nbsp;chMtxInit
</UL>
<BR>[Called By]<UL><LI><a href="#[af]">&gt;&gt;</a>&nbsp;&nbsp;&nbsp;chSysInit
</UL>

<P><STRONG><a name="[8f]"></a>chHeapInit</STRONG> (Thumb, 42 bytes, Stack size 24 bytes, chheap.o(.text), UNUSED)
<BR><BR>[Calls]<UL><LI><a href="#[8e]">&gt;&gt;</a>&nbsp;&nbsp;&nbsp;chMtxInit
</UL>

<P><STRONG><a name="[7a]"></a>chHeapAlloc</STRONG> (Thumb, 142 bytes, Stack size 24 bytes, chheap.o(.text), UNUSED)
<BR><BR>[Calls]<UL><LI><a href="#[91]">&gt;&gt;</a>&nbsp;&nbsp;&nbsp;chMtxUnlock
<LI><a href="#[90]">&gt;&gt;</a>&nbsp;&nbsp;&nbsp;chMtxLock
</UL>
<BR>[Called By]<UL><LI><a href="#[79]">&gt;&gt;</a>&nbsp;&nbsp;&nbsp;chThdCreateFromHeap
</UL>

<P><STRONG><a name="[77]"></a>chHeapFree</STRONG> (Thumb, 128 bytes, Stack size 24 bytes, chheap.o(.text), UNUSED)
<BR><BR>[Calls]<UL><LI><a href="#[91]">&gt;&gt;</a>&nbsp;&nbsp;&nbsp;chMtxUnlock
<LI><a href="#[90]">&gt;&gt;</a>&nbsp;&nbsp;&nbsp;chMtxLock
</UL>
<BR>[Called By]<UL><LI><a href="#[76]">&gt;&gt;</a>&nbsp;&nbsp;&nbsp;chThdRelease
</UL>

<P><STRONG><a name="[92]"></a>chHeapStatus</STRONG> (Thumb, 64 bytes, Stack size 24 bytes, chheap.o(.text), UNUSED)
<BR><BR>[Calls]<UL><LI><a href="#[91]">&gt;&gt;</a>&nbsp;&nbsp;&nbsp;chMtxUnlock
<LI><a href="#[90]">&gt;&gt;</a>&nbsp;&nbsp;&nbsp;chMtxLock
</UL>

<P><STRONG><a name="[b2]"></a>_core_init</STRONG> (Thumb, 22 bytes, Stack size 0 bytes, chmemcore.o(.text))
<BR><BR>[Called By]<UL><LI><a href="#[af]">&gt;&gt;</a>&nbsp;&nbsp;&nbsp;chSysInit
</UL>

<P><STRONG><a name="[93]"></a>chCoreAllocI</STRONG> (Thumb, 42 bytes, Stack size 0 bytes, chmemcore.o(.text))
<BR><BR>[Called By]<UL><LI><a href="#[42]">&gt;&gt;</a>&nbsp;&nbsp;&nbsp;chCoreAlloc
</UL>

<P><STRONG><a name="[42]"></a>chCoreAlloc</STRONG> (Thumb, 28 bytes, Stack size 12 bytes, chmemcore.o(.text))
<BR><BR>[Stack]<UL><LI>Max Depth = 12<LI>Call Chain = chCoreAlloc
</UL>
<BR>[Calls]<UL><LI><a href="#[93]">&gt;&gt;</a>&nbsp;&nbsp;&nbsp;chCoreAllocI
</UL>
<BR>[Address Reference Count : 1]<UL><LI> chheap.o(.text)
</UL>
<P><STRONG><a name="[15f]"></a>chCoreStatus</STRONG> (Thumb, 12 bytes, Stack size 0 bytes, chmemcore.o(.text), UNUSED)

<P><STRONG><a name="[160]"></a>chPoolInit</STRONG> (Thumb, 10 bytes, Stack size 0 bytes, chmempools.o(.text), UNUSED)

<P><STRONG><a name="[94]"></a>chPoolFreeI</STRONG> (Thumb, 10 bytes, Stack size 0 bytes, chmempools.o(.text), UNUSED)
<BR><BR>[Called By]<UL><LI><a href="#[78]">&gt;&gt;</a>&nbsp;&nbsp;&nbsp;chPoolFree
</UL>

<P><STRONG><a name="[78]"></a>chPoolFree</STRONG> (Thumb, 28 bytes, Stack size 12 bytes, chmempools.o(.text), UNUSED)
<BR><BR>[Calls]<UL><LI><a href="#[94]">&gt;&gt;</a>&nbsp;&nbsp;&nbsp;chPoolFreeI
</UL>
<BR>[Called By]<UL><LI><a href="#[95]">&gt;&gt;</a>&nbsp;&nbsp;&nbsp;chPoolLoadArray
<LI><a href="#[76]">&gt;&gt;</a>&nbsp;&nbsp;&nbsp;chThdRelease
</UL>

<P><STRONG><a name="[95]"></a>chPoolLoadArray</STRONG> (Thumb, 30 bytes, Stack size 16 bytes, chmempools.o(.text), UNUSED)
<BR><BR>[Calls]<UL><LI><a href="#[78]">&gt;&gt;</a>&nbsp;&nbsp;&nbsp;chPoolFree
</UL>

<P><STRONG><a name="[96]"></a>chPoolAllocI</STRONG> (Thumb, 34 bytes, Stack size 16 bytes, chmempools.o(.text), UNUSED)
<BR><BR>[Called By]<UL><LI><a href="#[7e]">&gt;&gt;</a>&nbsp;&nbsp;&nbsp;chPoolAlloc
</UL>

<P><STRONG><a name="[7e]"></a>chPoolAlloc</STRONG> (Thumb, 28 bytes, Stack size 16 bytes, chmempools.o(.text), UNUSED)
<BR><BR>[Calls]<UL><LI><a href="#[96]">&gt;&gt;</a>&nbsp;&nbsp;&nbsp;chPoolAllocI
</UL>
<BR>[Called By]<UL><LI><a href="#[7d]">&gt;&gt;</a>&nbsp;&nbsp;&nbsp;chThdCreateFromMemoryPool
</UL>

<P><STRONG><a name="[8e]"></a>chMtxInit</STRONG> (Thumb, 10 bytes, Stack size 0 bytes, chmtx.o(.text))
<BR><BR>[Called By]<UL><LI><a href="#[8f]">&gt;&gt;</a>&nbsp;&nbsp;&nbsp;chHeapInit
<LI><a href="#[8d]">&gt;&gt;</a>&nbsp;&nbsp;&nbsp;_heap_init
<LI><a href="#[c8]">&gt;&gt;</a>&nbsp;&nbsp;&nbsp;i2cObjectInit
</UL>

<P><STRONG><a name="[97]"></a>chMtxLockS</STRONG> (Thumb, 132 bytes, Stack size 24 bytes, chmtx.o(.text))
<BR><BR>[Stack]<UL><LI>Max Depth = 40<LI>Call Chain = chMtxLockS &rArr; chSchGoSleepS
</UL>
<BR>[Calls]<UL><LI><a href="#[98]">&gt;&gt;</a>&nbsp;&nbsp;&nbsp;dequeue
<LI><a href="#[99]">&gt;&gt;</a>&nbsp;&nbsp;&nbsp;prio_insert
<LI><a href="#[80]">&gt;&gt;</a>&nbsp;&nbsp;&nbsp;chSchReadyI
<LI><a href="#[86]">&gt;&gt;</a>&nbsp;&nbsp;&nbsp;chSchGoSleepS
</UL>
<BR>[Called By]<UL><LI><a href="#[90]">&gt;&gt;</a>&nbsp;&nbsp;&nbsp;chMtxLock
</UL>

<P><STRONG><a name="[90]"></a>chMtxLock</STRONG> (Thumb, 24 bytes, Stack size 8 bytes, chmtx.o(.text))
<BR><BR>[Stack]<UL><LI>Max Depth = 48<LI>Call Chain = chMtxLock &rArr; chMtxLockS &rArr; chSchGoSleepS
</UL>
<BR>[Calls]<UL><LI><a href="#[97]">&gt;&gt;</a>&nbsp;&nbsp;&nbsp;chMtxLockS
</UL>
<BR>[Called By]<UL><LI><a href="#[92]">&gt;&gt;</a>&nbsp;&nbsp;&nbsp;chHeapStatus
<LI><a href="#[77]">&gt;&gt;</a>&nbsp;&nbsp;&nbsp;chHeapFree
<LI><a href="#[7a]">&gt;&gt;</a>&nbsp;&nbsp;&nbsp;chHeapAlloc
<LI><a href="#[d1]">&gt;&gt;</a>&nbsp;&nbsp;&nbsp;i2cAcquireBus
</UL>

<P><STRONG><a name="[9b]"></a>chMtxTryLockS</STRONG> (Thumb, 34 bytes, Stack size 0 bytes, chmtx.o(.text), UNUSED)
<BR><BR>[Called By]<UL><LI><a href="#[9a]">&gt;&gt;</a>&nbsp;&nbsp;&nbsp;chMtxTryLock
</UL>

<P><STRONG><a name="[9a]"></a>chMtxTryLock</STRONG> (Thumb, 28 bytes, Stack size 4 bytes, chmtx.o(.text), UNUSED)
<BR><BR>[Calls]<UL><LI><a href="#[9b]">&gt;&gt;</a>&nbsp;&nbsp;&nbsp;chMtxTryLockS
</UL>

<P><STRONG><a name="[91]"></a>chMtxUnlock</STRONG> (Thumb, 106 bytes, Stack size 24 bytes, chmtx.o(.text))
<BR><BR>[Stack]<UL><LI>Max Depth = 40<LI>Call Chain = chMtxUnlock &rArr; chSchWakeupS
</UL>
<BR>[Calls]<UL><LI><a href="#[9c]">&gt;&gt;</a>&nbsp;&nbsp;&nbsp;fifo_remove
<LI><a href="#[7c]">&gt;&gt;</a>&nbsp;&nbsp;&nbsp;chSchWakeupS
</UL>
<BR>[Called By]<UL><LI><a href="#[92]">&gt;&gt;</a>&nbsp;&nbsp;&nbsp;chHeapStatus
<LI><a href="#[77]">&gt;&gt;</a>&nbsp;&nbsp;&nbsp;chHeapFree
<LI><a href="#[7a]">&gt;&gt;</a>&nbsp;&nbsp;&nbsp;chHeapAlloc
<LI><a href="#[d2]">&gt;&gt;</a>&nbsp;&nbsp;&nbsp;i2cReleaseBus
</UL>

<P><STRONG><a name="[9d]"></a>chMtxUnlockS</STRONG> (Thumb, 92 bytes, Stack size 24 bytes, chmtx.o(.text), UNUSED)
<BR><BR>[Calls]<UL><LI><a href="#[9c]">&gt;&gt;</a>&nbsp;&nbsp;&nbsp;fifo_remove
<LI><a href="#[80]">&gt;&gt;</a>&nbsp;&nbsp;&nbsp;chSchReadyI
</UL>

<P><STRONG><a name="[9e]"></a>chMtxUnlockAll</STRONG> (Thumb, 80 bytes, Stack size 16 bytes, chmtx.o(.text), UNUSED)
<BR><BR>[Calls]<UL><LI><a href="#[9c]">&gt;&gt;</a>&nbsp;&nbsp;&nbsp;fifo_remove
<LI><a href="#[83]">&gt;&gt;</a>&nbsp;&nbsp;&nbsp;chSchRescheduleS
<LI><a href="#[80]">&gt;&gt;</a>&nbsp;&nbsp;&nbsp;chSchReadyI
</UL>

<P><STRONG><a name="[de]"></a>chIQInit</STRONG> (Thumb, 28 bytes, Stack size 12 bytes, chqueues.o(.text))
<BR><BR>[Stack]<UL><LI>Max Depth = 12<LI>Call Chain = chIQInit
</UL>
<BR>[Called By]<UL><LI><a href="#[dd]">&gt;&gt;</a>&nbsp;&nbsp;&nbsp;sdObjectInit
</UL>

<P><STRONG><a name="[a0]"></a>chIQResetI</STRONG> (Thumb, 42 bytes, Stack size 16 bytes, chqueues.o(.text), UNUSED)
<BR><BR>[Calls]<UL><LI><a href="#[a1]">&gt;&gt;</a>&nbsp;&nbsp;&nbsp;fifo_remove
<LI><a href="#[80]">&gt;&gt;</a>&nbsp;&nbsp;&nbsp;chSchReadyI
</UL>
<BR>[Called By]<UL><LI><a href="#[e2]">&gt;&gt;</a>&nbsp;&nbsp;&nbsp;sdStop
</UL>

<P><STRONG><a name="[a2]"></a>chIQPutI</STRONG> (Thumb, 84 bytes, Stack size 16 bytes, chqueues.o(.text))
<BR><BR>[Stack]<UL><LI>Max Depth = 16<LI>Call Chain = chIQPutI
</UL>
<BR>[Calls]<UL><LI><a href="#[a1]">&gt;&gt;</a>&nbsp;&nbsp;&nbsp;fifo_remove
<LI><a href="#[80]">&gt;&gt;</a>&nbsp;&nbsp;&nbsp;chSchReadyI
</UL>
<BR>[Called By]<UL><LI><a href="#[e4]">&gt;&gt;</a>&nbsp;&nbsp;&nbsp;sdIncomingDataI
</UL>

<P><STRONG><a name="[a3]"></a>chIQGetTimeout</STRONG> (Thumb, 102 bytes, Stack size 24 bytes, chqueues.o(.text))
<BR><BR>[Stack]<UL><LI>Max Depth = 88<LI>Call Chain = chIQGetTimeout &rArr; qwait &rArr; chSchGoSleepTimeoutS &rArr; chSchGoSleepS
</UL>
<BR>[Calls]<UL><LI><a href="#[9f]">&gt;&gt;</a>&nbsp;&nbsp;&nbsp;qwait
</UL>
<BR>[Called By]<UL><LI><a href="#[55]">&gt;&gt;</a>&nbsp;&nbsp;&nbsp;gett
<LI><a href="#[53]">&gt;&gt;</a>&nbsp;&nbsp;&nbsp;get
</UL>

<P><STRONG><a name="[a4]"></a>chIQReadTimeout</STRONG> (Thumb, 136 bytes, Stack size 32 bytes, chqueues.o(.text))
<BR><BR>[Stack]<UL><LI>Max Depth = 96<LI>Call Chain = chIQReadTimeout &rArr; qwait &rArr; chSchGoSleepTimeoutS &rArr; chSchGoSleepS
</UL>
<BR>[Calls]<UL><LI><a href="#[9f]">&gt;&gt;</a>&nbsp;&nbsp;&nbsp;qwait
</UL>
<BR>[Called By]<UL><LI><a href="#[57]">&gt;&gt;</a>&nbsp;&nbsp;&nbsp;readt
<LI><a href="#[51]">&gt;&gt;</a>&nbsp;&nbsp;&nbsp;read
<LI><a href="#[4c]">&gt;&gt;</a>&nbsp;&nbsp;&nbsp;ThreadComSnd
</UL>

<P><STRONG><a name="[df]"></a>chOQInit</STRONG> (Thumb, 26 bytes, Stack size 12 bytes, chqueues.o(.text))
<BR><BR>[Stack]<UL><LI>Max Depth = 12<LI>Call Chain = chOQInit
</UL>
<BR>[Called By]<UL><LI><a href="#[dd]">&gt;&gt;</a>&nbsp;&nbsp;&nbsp;sdObjectInit
</UL>

<P><STRONG><a name="[a5]"></a>chOQResetI</STRONG> (Thumb, 46 bytes, Stack size 16 bytes, chqueues.o(.text), UNUSED)
<BR><BR>[Calls]<UL><LI><a href="#[a1]">&gt;&gt;</a>&nbsp;&nbsp;&nbsp;fifo_remove
<LI><a href="#[80]">&gt;&gt;</a>&nbsp;&nbsp;&nbsp;chSchReadyI
</UL>
<BR>[Called By]<UL><LI><a href="#[e2]">&gt;&gt;</a>&nbsp;&nbsp;&nbsp;sdStop
</UL>

<P><STRONG><a name="[a6]"></a>chOQPutTimeout</STRONG> (Thumb, 104 bytes, Stack size 24 bytes, chqueues.o(.text))
<BR><BR>[Stack]<UL><LI>Max Depth = 88<LI>Call Chain = chOQPutTimeout &rArr; qwait &rArr; chSchGoSleepTimeoutS &rArr; chSchGoSleepS
</UL>
<BR>[Calls]<UL><LI><a href="#[9f]">&gt;&gt;</a>&nbsp;&nbsp;&nbsp;qwait
</UL>
<BR>[Called By]<UL><LI><a href="#[54]">&gt;&gt;</a>&nbsp;&nbsp;&nbsp;putt
<LI><a href="#[52]">&gt;&gt;</a>&nbsp;&nbsp;&nbsp;put
</UL>

<P><STRONG><a name="[a7]"></a>chOQGetI</STRONG> (Thumb, 82 bytes, Stack size 16 bytes, chqueues.o(.text))
<BR><BR>[Stack]<UL><LI>Max Depth = 16<LI>Call Chain = chOQGetI
</UL>
<BR>[Calls]<UL><LI><a href="#[a1]">&gt;&gt;</a>&nbsp;&nbsp;&nbsp;fifo_remove
<LI><a href="#[80]">&gt;&gt;</a>&nbsp;&nbsp;&nbsp;chSchReadyI
</UL>
<BR>[Called By]<UL><LI><a href="#[ed]">&gt;&gt;</a>&nbsp;&nbsp;&nbsp;serve_interrupt
<LI><a href="#[e5]">&gt;&gt;</a>&nbsp;&nbsp;&nbsp;sdRequestDataI
</UL>

<P><STRONG><a name="[a8]"></a>chOQWriteTimeout</STRONG> (Thumb, 136 bytes, Stack size 32 bytes, chqueues.o(.text))
<BR><BR>[Stack]<UL><LI>Max Depth = 96<LI>Call Chain = chOQWriteTimeout &rArr; qwait &rArr; chSchGoSleepTimeoutS &rArr; chSchGoSleepS
</UL>
<BR>[Calls]<UL><LI><a href="#[9f]">&gt;&gt;</a>&nbsp;&nbsp;&nbsp;qwait
</UL>
<BR>[Called By]<UL><LI><a href="#[56]">&gt;&gt;</a>&nbsp;&nbsp;&nbsp;writet
<LI><a href="#[50]">&gt;&gt;</a>&nbsp;&nbsp;&nbsp;write
<LI><a href="#[4b]">&gt;&gt;</a>&nbsp;&nbsp;&nbsp;ThreadComRcv
</UL>

<P><STRONG><a name="[b0]"></a>_scheduler_init</STRONG> (Thumb, 20 bytes, Stack size 0 bytes, chschd.o(.text))
<BR><BR>[Called By]<UL><LI><a href="#[af]">&gt;&gt;</a>&nbsp;&nbsp;&nbsp;chSysInit
</UL>

<P><STRONG><a name="[80]"></a>chSchReadyI</STRONG> (Thumb, 32 bytes, Stack size 0 bytes, chschd.o(.text))
<BR><BR>[Called By]<UL><LI><a href="#[bb]">&gt;&gt;</a>&nbsp;&nbsp;&nbsp;chThdExitS
<LI><a href="#[ae]">&gt;&gt;</a>&nbsp;&nbsp;&nbsp;chSchDoRescheduleBehind
<LI><a href="#[43]">&gt;&gt;</a>&nbsp;&nbsp;&nbsp;wakeup
<LI><a href="#[a7]">&gt;&gt;</a>&nbsp;&nbsp;&nbsp;chOQGetI
<LI><a href="#[a5]">&gt;&gt;</a>&nbsp;&nbsp;&nbsp;chOQResetI
<LI><a href="#[a2]">&gt;&gt;</a>&nbsp;&nbsp;&nbsp;chIQPutI
<LI><a href="#[a0]">&gt;&gt;</a>&nbsp;&nbsp;&nbsp;chIQResetI
<LI><a href="#[9e]">&gt;&gt;</a>&nbsp;&nbsp;&nbsp;chMtxUnlockAll
<LI><a href="#[7f]">&gt;&gt;</a>&nbsp;&nbsp;&nbsp;chEvtSignalI
<LI><a href="#[7c]">&gt;&gt;</a>&nbsp;&nbsp;&nbsp;chSchWakeupS
<LI><a href="#[9d]">&gt;&gt;</a>&nbsp;&nbsp;&nbsp;chMtxUnlockS
<LI><a href="#[97]">&gt;&gt;</a>&nbsp;&nbsp;&nbsp;chMtxLockS
<LI><a href="#[f7]">&gt;&gt;</a>&nbsp;&nbsp;&nbsp;i2c_lld_serve_error_interrupt
<LI><a href="#[48]">&gt;&gt;</a>&nbsp;&nbsp;&nbsp;i2c_lld_serve_rx_end_irq
<LI><a href="#[f5]">&gt;&gt;</a>&nbsp;&nbsp;&nbsp;i2c_lld_serve_event_interrupt
<LI><a href="#[4a]">&gt;&gt;</a>&nbsp;&nbsp;&nbsp;i2c_lld_safety_timeout
</UL>

<P><STRONG><a name="[86]"></a>chSchGoSleepS</STRONG> (Thumb, 44 bytes, Stack size 16 bytes, chschd.o(.text))
<BR><BR>[Stack]<UL><LI>Max Depth = 16<LI>Call Chain = chSchGoSleepS
</UL>
<BR>[Calls]<UL><LI><a href="#[a9]">&gt;&gt;</a>&nbsp;&nbsp;&nbsp;fifo_remove
<LI><a href="#[aa]">&gt;&gt;</a>&nbsp;&nbsp;&nbsp;_port_switch
</UL>
<BR>[Called By]<UL><LI><a href="#[bc]">&gt;&gt;</a>&nbsp;&nbsp;&nbsp;chThdWait
<LI><a href="#[bb]">&gt;&gt;</a>&nbsp;&nbsp;&nbsp;chThdExitS
<LI><a href="#[88]">&gt;&gt;</a>&nbsp;&nbsp;&nbsp;chEvtWaitAll
<LI><a href="#[87]">&gt;&gt;</a>&nbsp;&nbsp;&nbsp;chEvtWaitAny
<LI><a href="#[85]">&gt;&gt;</a>&nbsp;&nbsp;&nbsp;chEvtWaitOne
<LI><a href="#[8a]">&gt;&gt;</a>&nbsp;&nbsp;&nbsp;chSchGoSleepTimeoutS
<LI><a href="#[97]">&gt;&gt;</a>&nbsp;&nbsp;&nbsp;chMtxLockS
<LI><a href="#[ce]">&gt;&gt;</a>&nbsp;&nbsp;&nbsp;i2c_lld_master_transmit_timeout
<LI><a href="#[d0]">&gt;&gt;</a>&nbsp;&nbsp;&nbsp;i2c_lld_master_receive_timeout
</UL>

<P><STRONG><a name="[8a]"></a>chSchGoSleepTimeoutS</STRONG> (Thumb, 62 bytes, Stack size 32 bytes, chschd.o(.text))
<BR><BR>[Stack]<UL><LI>Max Depth = 48<LI>Call Chain = chSchGoSleepTimeoutS &rArr; chSchGoSleepS
</UL>
<BR>[Calls]<UL><LI><a href="#[ab]">&gt;&gt;</a>&nbsp;&nbsp;&nbsp;chVTSetI
<LI><a href="#[ac]">&gt;&gt;</a>&nbsp;&nbsp;&nbsp;chVTResetI
<LI><a href="#[86]">&gt;&gt;</a>&nbsp;&nbsp;&nbsp;chSchGoSleepS
</UL>
<BR>[Called By]<UL><LI><a href="#[b9]">&gt;&gt;</a>&nbsp;&nbsp;&nbsp;chThdSleepUntil
<LI><a href="#[b8]">&gt;&gt;</a>&nbsp;&nbsp;&nbsp;chThdSleep
<LI><a href="#[9f]">&gt;&gt;</a>&nbsp;&nbsp;&nbsp;qwait
<LI><a href="#[8c]">&gt;&gt;</a>&nbsp;&nbsp;&nbsp;chEvtWaitAllTimeout
<LI><a href="#[8b]">&gt;&gt;</a>&nbsp;&nbsp;&nbsp;chEvtWaitAnyTimeout
<LI><a href="#[89]">&gt;&gt;</a>&nbsp;&nbsp;&nbsp;chEvtWaitOneTimeout
</UL>

<P><STRONG><a name="[7c]"></a>chSchWakeupS</STRONG> (Thumb, 58 bytes, Stack size 16 bytes, chschd.o(.text))
<BR><BR>[Stack]<UL><LI>Max Depth = 16<LI>Call Chain = chSchWakeupS
</UL>
<BR>[Calls]<UL><LI><a href="#[80]">&gt;&gt;</a>&nbsp;&nbsp;&nbsp;chSchReadyI
<LI><a href="#[aa]">&gt;&gt;</a>&nbsp;&nbsp;&nbsp;_port_switch
</UL>
<BR>[Called By]<UL><LI><a href="#[b7]">&gt;&gt;</a>&nbsp;&nbsp;&nbsp;chThdResume
<LI><a href="#[b5]">&gt;&gt;</a>&nbsp;&nbsp;&nbsp;chThdCreateStatic
<LI><a href="#[91]">&gt;&gt;</a>&nbsp;&nbsp;&nbsp;chMtxUnlock
<LI><a href="#[7d]">&gt;&gt;</a>&nbsp;&nbsp;&nbsp;chThdCreateFromMemoryPool
<LI><a href="#[79]">&gt;&gt;</a>&nbsp;&nbsp;&nbsp;chThdCreateFromHeap
</UL>

<P><STRONG><a name="[ad]"></a>chSchDoRescheduleAhead</STRONG> (Thumb, 62 bytes, Stack size 16 bytes, chschd.o(.text))
<BR><BR>[Stack]<UL><LI>Max Depth = 16<LI>Call Chain = chSchDoRescheduleAhead
</UL>
<BR>[Calls]<UL><LI><a href="#[a9]">&gt;&gt;</a>&nbsp;&nbsp;&nbsp;fifo_remove
<LI><a href="#[aa]">&gt;&gt;</a>&nbsp;&nbsp;&nbsp;_port_switch
</UL>
<BR>[Called By]<UL><LI><a href="#[83]">&gt;&gt;</a>&nbsp;&nbsp;&nbsp;chSchRescheduleS
<LI><a href="#[70]">&gt;&gt;</a>&nbsp;&nbsp;&nbsp;chSchDoReschedule
</UL>

<P><STRONG><a name="[83]"></a>chSchRescheduleS</STRONG> (Thumb, 24 bytes, Stack size 8 bytes, chschd.o(.text), UNUSED)
<BR><BR>[Calls]<UL><LI><a href="#[ad]">&gt;&gt;</a>&nbsp;&nbsp;&nbsp;chSchDoRescheduleAhead
</UL>
<BR>[Called By]<UL><LI><a href="#[b6]">&gt;&gt;</a>&nbsp;&nbsp;&nbsp;chThdSetPriority
<LI><a href="#[9e]">&gt;&gt;</a>&nbsp;&nbsp;&nbsp;chMtxUnlockAll
<LI><a href="#[84]">&gt;&gt;</a>&nbsp;&nbsp;&nbsp;chEvtBroadcastFlags
<LI><a href="#[82]">&gt;&gt;</a>&nbsp;&nbsp;&nbsp;chEvtSignal
<LI><a href="#[e2]">&gt;&gt;</a>&nbsp;&nbsp;&nbsp;sdStop
</UL>

<P><STRONG><a name="[ae]"></a>chSchDoRescheduleBehind</STRONG> (Thumb, 42 bytes, Stack size 8 bytes, chschd.o(.text))
<BR><BR>[Stack]<UL><LI>Max Depth = 8<LI>Call Chain = chSchDoRescheduleBehind
</UL>
<BR>[Calls]<UL><LI><a href="#[a9]">&gt;&gt;</a>&nbsp;&nbsp;&nbsp;fifo_remove
<LI><a href="#[80]">&gt;&gt;</a>&nbsp;&nbsp;&nbsp;chSchReadyI
<LI><a href="#[aa]">&gt;&gt;</a>&nbsp;&nbsp;&nbsp;_port_switch
</UL>
<BR>[Called By]<UL><LI><a href="#[ba]">&gt;&gt;</a>&nbsp;&nbsp;&nbsp;chThdYield
<LI><a href="#[70]">&gt;&gt;</a>&nbsp;&nbsp;&nbsp;chSchDoReschedule
</UL>

<P><STRONG><a name="[70]"></a>chSchDoReschedule</STRONG> (Thumb, 22 bytes, Stack size 8 bytes, chschd.o(.text))
<BR><BR>[Stack]<UL><LI>Max Depth = 24<LI>Call Chain = chSchDoReschedule &rArr; chSchDoRescheduleAhead
</UL>
<BR>[Calls]<UL><LI><a href="#[ae]">&gt;&gt;</a>&nbsp;&nbsp;&nbsp;chSchDoRescheduleBehind
<LI><a href="#[ad]">&gt;&gt;</a>&nbsp;&nbsp;&nbsp;chSchDoRescheduleAhead
</UL>
<BR>[Called By]<UL><LI><a href="#[40]">&gt;&gt;</a>&nbsp;&nbsp;&nbsp;_port_switch_from_isr
</UL>

<P><STRONG><a name="[b4]"></a>_idle_thread</STRONG> (Thumb, 12 bytes, Stack size 0 bytes, chsys.o(.text))
<BR>[Address Reference Count : 1]<UL><LI> chsys.o(.text)
</UL>
<P><STRONG><a name="[af]"></a>chSysInit</STRONG> (Thumb, 76 bytes, Stack size 8 bytes, chsys.o(.text))
<BR><BR>[Stack]<UL><LI>Max Depth = 76<LI>Call Chain = chSysInit &rArr; chThdCreateStatic &rArr; chThdCreateI
</UL>
<BR>[Calls]<UL><LI><a href="#[b5]">&gt;&gt;</a>&nbsp;&nbsp;&nbsp;chThdCreateStatic
<LI><a href="#[b1]">&gt;&gt;</a>&nbsp;&nbsp;&nbsp;_vt_init
<LI><a href="#[b3]">&gt;&gt;</a>&nbsp;&nbsp;&nbsp;_thread_init
<LI><a href="#[b0]">&gt;&gt;</a>&nbsp;&nbsp;&nbsp;_scheduler_init
<LI><a href="#[b2]">&gt;&gt;</a>&nbsp;&nbsp;&nbsp;_core_init
<LI><a href="#[8d]">&gt;&gt;</a>&nbsp;&nbsp;&nbsp;_heap_init
<LI><a href="#[73]">&gt;&gt;</a>&nbsp;&nbsp;&nbsp;_port_init
</UL>
<BR>[Called By]<UL><LI><a href="#[67]">&gt;&gt;</a>&nbsp;&nbsp;&nbsp;main
</UL>

<P><STRONG><a name="[71]"></a>chSysTimerHandlerI</STRONG> (Thumb, 122 bytes, Stack size 16 bytes, chsys.o(.text))
<BR><BR>[Stack]<UL><LI>Max Depth = 16<LI>Call Chain = chSysTimerHandlerI
</UL>
<BR>[Called By]<UL><LI><a href="#[11]">&gt;&gt;</a>&nbsp;&nbsp;&nbsp;SysTickVector
</UL>

<P><STRONG><a name="[b3]"></a>_thread_init</STRONG> (Thumb, 62 bytes, Stack size 0 bytes, chthreads.o(.text))
<BR><BR>[Called By]<UL><LI><a href="#[af]">&gt;&gt;</a>&nbsp;&nbsp;&nbsp;chSysInit
<LI><a href="#[7b]">&gt;&gt;</a>&nbsp;&nbsp;&nbsp;chThdCreateI
</UL>

<P><STRONG><a name="[7b]"></a>chThdCreateI</STRONG> (Thumb, 54 bytes, Stack size 28 bytes, chthreads.o(.text))
<BR><BR>[Stack]<UL><LI>Max Depth = 28<LI>Call Chain = chThdCreateI
</UL>
<BR>[Calls]<UL><LI><a href="#[b3]">&gt;&gt;</a>&nbsp;&nbsp;&nbsp;_thread_init
</UL>
<BR>[Called By]<UL><LI><a href="#[b5]">&gt;&gt;</a>&nbsp;&nbsp;&nbsp;chThdCreateStatic
<LI><a href="#[7d]">&gt;&gt;</a>&nbsp;&nbsp;&nbsp;chThdCreateFromMemoryPool
<LI><a href="#[79]">&gt;&gt;</a>&nbsp;&nbsp;&nbsp;chThdCreateFromHeap
</UL>

<P><STRONG><a name="[b5]"></a>chThdCreateStatic</STRONG> (Thumb, 60 bytes, Stack size 40 bytes, chthreads.o(.text))
<BR><BR>[Stack]<UL><LI>Max Depth = 68<LI>Call Chain = chThdCreateStatic &rArr; chThdCreateI
</UL>
<BR>[Calls]<UL><LI><a href="#[7b]">&gt;&gt;</a>&nbsp;&nbsp;&nbsp;chThdCreateI
<LI><a href="#[7c]">&gt;&gt;</a>&nbsp;&nbsp;&nbsp;chSchWakeupS
</UL>
<BR>[Called By]<UL><LI><a href="#[af]">&gt;&gt;</a>&nbsp;&nbsp;&nbsp;chSysInit
<LI><a href="#[67]">&gt;&gt;</a>&nbsp;&nbsp;&nbsp;main
</UL>

<P><STRONG><a name="[b6]"></a>chThdSetPriority</STRONG> (Thumb, 68 bytes, Stack size 16 bytes, chthreads.o(.text), UNUSED)
<BR><BR>[Calls]<UL><LI><a href="#[83]">&gt;&gt;</a>&nbsp;&nbsp;&nbsp;chSchRescheduleS
</UL>

<P><STRONG><a name="[b7]"></a>chThdResume</STRONG> (Thumb, 28 bytes, Stack size 8 bytes, chthreads.o(.text), UNUSED)
<BR><BR>[Calls]<UL><LI><a href="#[7c]">&gt;&gt;</a>&nbsp;&nbsp;&nbsp;chSchWakeupS
</UL>

<P><STRONG><a name="[161]"></a>chThdTerminate</STRONG> (Thumb, 22 bytes, Stack size 0 bytes, chthreads.o(.text), UNUSED)

<P><STRONG><a name="[b8]"></a>chThdSleep</STRONG> (Thumb, 26 bytes, Stack size 8 bytes, chthreads.o(.text))
<BR><BR>[Stack]<UL><LI>Max Depth = 56<LI>Call Chain = chThdSleep &rArr; chSchGoSleepTimeoutS &rArr; chSchGoSleepS
</UL>
<BR>[Calls]<UL><LI><a href="#[8a]">&gt;&gt;</a>&nbsp;&nbsp;&nbsp;chSchGoSleepTimeoutS
</UL>
<BR>[Called By]<UL><LI><a href="#[67]">&gt;&gt;</a>&nbsp;&nbsp;&nbsp;main
<LI><a href="#[101]">&gt;&gt;</a>&nbsp;&nbsp;&nbsp;readUncompensatedPressure
<LI><a href="#[100]">&gt;&gt;</a>&nbsp;&nbsp;&nbsp;readUncompensatedTemperature
</UL>

<P><STRONG><a name="[b9]"></a>chThdSleepUntil</STRONG> (Thumb, 36 bytes, Stack size 8 bytes, chthreads.o(.text), UNUSED)
<BR><BR>[Calls]<UL><LI><a href="#[8a]">&gt;&gt;</a>&nbsp;&nbsp;&nbsp;chSchGoSleepTimeoutS
</UL>

<P><STRONG><a name="[ba]"></a>chThdYield</STRONG> (Thumb, 36 bytes, Stack size 8 bytes, chthreads.o(.text), UNUSED)
<BR><BR>[Calls]<UL><LI><a href="#[ae]">&gt;&gt;</a>&nbsp;&nbsp;&nbsp;chSchDoRescheduleBehind
</UL>

<P><STRONG><a name="[bb]"></a>chThdExitS</STRONG> (Thumb, 66 bytes, Stack size 16 bytes, chthreads.o(.text))
<BR><BR>[Stack]<UL><LI>Max Depth = 32<LI>Call Chain = chThdExitS &rArr; chSchGoSleepS
</UL>
<BR>[Calls]<UL><LI><a href="#[80]">&gt;&gt;</a>&nbsp;&nbsp;&nbsp;chSchReadyI
<LI><a href="#[86]">&gt;&gt;</a>&nbsp;&nbsp;&nbsp;chSchGoSleepS
</UL>
<BR>[Called By]<UL><LI><a href="#[6f]">&gt;&gt;</a>&nbsp;&nbsp;&nbsp;chThdExit
</UL>

<P><STRONG><a name="[6f]"></a>chThdExit</STRONG> (Thumb, 18 bytes, Stack size 8 bytes, chthreads.o(.text))
<BR><BR>[Stack]<UL><LI>Max Depth = 40<LI>Call Chain = chThdExit &rArr; chThdExitS &rArr; chSchGoSleepS
</UL>
<BR>[Calls]<UL><LI><a href="#[bb]">&gt;&gt;</a>&nbsp;&nbsp;&nbsp;chThdExitS
</UL>
<BR>[Called By]<UL><LI><a href="#[44]">&gt;&gt;</a>&nbsp;&nbsp;&nbsp;_port_thread_start
</UL>

<P><STRONG><a name="[bc]"></a>chThdWait</STRONG> (Thumb, 52 bytes, Stack size 16 bytes, chthreads.o(.text), UNUSED)
<BR><BR>[Calls]<UL><LI><a href="#[76]">&gt;&gt;</a>&nbsp;&nbsp;&nbsp;chThdRelease
<LI><a href="#[86]">&gt;&gt;</a>&nbsp;&nbsp;&nbsp;chSchGoSleepS
</UL>

<P><STRONG><a name="[b1]"></a>_vt_init</STRONG> (Thumb, 20 bytes, Stack size 0 bytes, chvt.o(.text))
<BR><BR>[Called By]<UL><LI><a href="#[af]">&gt;&gt;</a>&nbsp;&nbsp;&nbsp;chSysInit
</UL>

<P><STRONG><a name="[ab]"></a>chVTSetI</STRONG> (Thumb, 54 bytes, Stack size 12 bytes, chvt.o(.text))
<BR><BR>[Stack]<UL><LI>Max Depth = 12<LI>Call Chain = chVTSetI
</UL>
<BR>[Called By]<UL><LI><a href="#[8a]">&gt;&gt;</a>&nbsp;&nbsp;&nbsp;chSchGoSleepTimeoutS
<LI><a href="#[ce]">&gt;&gt;</a>&nbsp;&nbsp;&nbsp;i2c_lld_master_transmit_timeout
<LI><a href="#[d0]">&gt;&gt;</a>&nbsp;&nbsp;&nbsp;i2c_lld_master_receive_timeout
</UL>

<P><STRONG><a name="[ac]"></a>chVTResetI</STRONG> (Thumb, 38 bytes, Stack size 0 bytes, chvt.o(.text))
<BR><BR>[Called By]<UL><LI><a href="#[8a]">&gt;&gt;</a>&nbsp;&nbsp;&nbsp;chSchGoSleepTimeoutS
<LI><a href="#[ce]">&gt;&gt;</a>&nbsp;&nbsp;&nbsp;i2c_lld_master_transmit_timeout
<LI><a href="#[d0]">&gt;&gt;</a>&nbsp;&nbsp;&nbsp;i2c_lld_master_receive_timeout
</UL>

<P><STRONG><a name="[162]"></a>chTimeIsWithin</STRONG> (Thumb, 42 bytes, Stack size 0 bytes, chvt.o(.text), UNUSED)

<P><STRONG><a name="[bd]"></a>halInit</STRONG> (Thumb, 34 bytes, Stack size 8 bytes, hal.o(.text))
<BR><BR>[Stack]<UL><LI>Max Depth = 60<LI>Call Chain = halInit &rArr; sdInit &rArr; sd_lld_init &rArr; sdObjectInit &rArr; chOQInit
</UL>
<BR>[Calls]<UL><LI><a href="#[c4]">&gt;&gt;</a>&nbsp;&nbsp;&nbsp;boardInit
<LI><a href="#[bf]">&gt;&gt;</a>&nbsp;&nbsp;&nbsp;tmInit
<LI><a href="#[c3]">&gt;&gt;</a>&nbsp;&nbsp;&nbsp;sdInit
<LI><a href="#[c2]">&gt;&gt;</a>&nbsp;&nbsp;&nbsp;pwmInit
<LI><a href="#[c1]">&gt;&gt;</a>&nbsp;&nbsp;&nbsp;i2cInit
<LI><a href="#[be]">&gt;&gt;</a>&nbsp;&nbsp;&nbsp;hal_lld_init
<LI><a href="#[c0]">&gt;&gt;</a>&nbsp;&nbsp;&nbsp;_pal_lld_init
</UL>
<BR>[Called By]<UL><LI><a href="#[67]">&gt;&gt;</a>&nbsp;&nbsp;&nbsp;main
</UL>

<P><STRONG><a name="[c6]"></a>halIsCounterWithin</STRONG> (Thumb, 42 bytes, Stack size 0 bytes, hal.o(.text), UNUSED)
<BR><BR>[Called By]<UL><LI><a href="#[c5]">&gt;&gt;</a>&nbsp;&nbsp;&nbsp;halPolledDelay
</UL>

<P><STRONG><a name="[c5]"></a>halPolledDelay</STRONG> (Thumb, 26 bytes, Stack size 16 bytes, hal.o(.text), UNUSED)
<BR><BR>[Calls]<UL><LI><a href="#[c6]">&gt;&gt;</a>&nbsp;&nbsp;&nbsp;halIsCounterWithin
</UL>

<P><STRONG><a name="[c1]"></a>i2cInit</STRONG> (Thumb, 8 bytes, Stack size 8 bytes, i2c.o(.text))
<BR><BR>[Stack]<UL><LI>Max Depth = 24<LI>Call Chain = i2cInit &rArr; i2c_lld_init &rArr; i2cObjectInit
</UL>
<BR>[Calls]<UL><LI><a href="#[c7]">&gt;&gt;</a>&nbsp;&nbsp;&nbsp;i2c_lld_init
</UL>
<BR>[Called By]<UL><LI><a href="#[bd]">&gt;&gt;</a>&nbsp;&nbsp;&nbsp;halInit
<LI><a href="#[67]">&gt;&gt;</a>&nbsp;&nbsp;&nbsp;main
</UL>

<P><STRONG><a name="[c8]"></a>i2cObjectInit</STRONG> (Thumb, 22 bytes, Stack size 8 bytes, i2c.o(.text))
<BR><BR>[Stack]<UL><LI>Max Depth = 8<LI>Call Chain = i2cObjectInit
</UL>
<BR>[Calls]<UL><LI><a href="#[8e]">&gt;&gt;</a>&nbsp;&nbsp;&nbsp;chMtxInit
</UL>
<BR>[Called By]<UL><LI><a href="#[c7]">&gt;&gt;</a>&nbsp;&nbsp;&nbsp;i2c_lld_init
<LI><a href="#[67]">&gt;&gt;</a>&nbsp;&nbsp;&nbsp;main
</UL>

<P><STRONG><a name="[c9]"></a>i2cStart</STRONG> (Thumb, 32 bytes, Stack size 16 bytes, i2c.o(.text))
<BR><BR>[Stack]<UL><LI>Max Depth = 68<LI>Call Chain = i2cStart &rArr; i2c_lld_start &rArr; dmaStreamAllocate &rArr; nvicEnableVector
</UL>
<BR>[Calls]<UL><LI><a href="#[ca]">&gt;&gt;</a>&nbsp;&nbsp;&nbsp;i2c_lld_start
</UL>
<BR>[Called By]<UL><LI><a href="#[67]">&gt;&gt;</a>&nbsp;&nbsp;&nbsp;main
</UL>

<P><STRONG><a name="[cb]"></a>i2cStop</STRONG> (Thumb, 28 bytes, Stack size 8 bytes, i2c.o(.text), UNUSED)
<BR><BR>[Calls]<UL><LI><a href="#[cc]">&gt;&gt;</a>&nbsp;&nbsp;&nbsp;i2c_lld_stop
</UL>

<P><STRONG><a name="[163]"></a>i2cGetErrors</STRONG> (Thumb, 6 bytes, Stack size 0 bytes, i2c.o(.text), UNUSED)

<P><STRONG><a name="[cd]"></a>i2cMasterTransmitTimeout</STRONG> (Thumb, 78 bytes, Stack size 48 bytes, i2c.o(.text))
<BR><BR>[Stack]<UL><LI>Max Depth = 120<LI>Call Chain = i2cMasterTransmitTimeout &rArr; i2c_lld_master_transmit_timeout &rArr; chSchGoSleepS
</UL>
<BR>[Calls]<UL><LI><a href="#[ce]">&gt;&gt;</a>&nbsp;&nbsp;&nbsp;i2c_lld_master_transmit_timeout
</UL>
<BR>[Called By]<UL><LI><a href="#[101]">&gt;&gt;</a>&nbsp;&nbsp;&nbsp;readUncompensatedPressure
<LI><a href="#[100]">&gt;&gt;</a>&nbsp;&nbsp;&nbsp;readUncompensatedTemperature
<LI><a href="#[10c]">&gt;&gt;</a>&nbsp;&nbsp;&nbsp;ThreadAltitude
<LI><a href="#[4d]">&gt;&gt;</a>&nbsp;&nbsp;&nbsp;ThreadRoulisTangage
<LI><a href="#[ff]">&gt;&gt;</a>&nbsp;&nbsp;&nbsp;ThreadLacet
</UL>

<P><STRONG><a name="[cf]"></a>i2cMasterReceiveTimeout</STRONG> (Thumb, 74 bytes, Stack size 32 bytes, i2c.o(.text), UNUSED)
<BR><BR>[Calls]<UL><LI><a href="#[d0]">&gt;&gt;</a>&nbsp;&nbsp;&nbsp;i2c_lld_master_receive_timeout
</UL>
<BR>[Called By]<UL><LI><a href="#[ff]">&gt;&gt;</a>&nbsp;&nbsp;&nbsp;ThreadLacet
</UL>

<P><STRONG><a name="[d1]"></a>i2cAcquireBus</STRONG> (Thumb, 14 bytes, Stack size 8 bytes, i2c.o(.text))
<BR><BR>[Stack]<UL><LI>Max Depth = 56<LI>Call Chain = i2cAcquireBus &rArr; chMtxLock &rArr; chMtxLockS &rArr; chSchGoSleepS
</UL>
<BR>[Calls]<UL><LI><a href="#[90]">&gt;&gt;</a>&nbsp;&nbsp;&nbsp;chMtxLock
</UL>
<BR>[Called By]<UL><LI><a href="#[101]">&gt;&gt;</a>&nbsp;&nbsp;&nbsp;readUncompensatedPressure
<LI><a href="#[100]">&gt;&gt;</a>&nbsp;&nbsp;&nbsp;readUncompensatedTemperature
<LI><a href="#[10c]">&gt;&gt;</a>&nbsp;&nbsp;&nbsp;ThreadAltitude
<LI><a href="#[4d]">&gt;&gt;</a>&nbsp;&nbsp;&nbsp;ThreadRoulisTangage
<LI><a href="#[ff]">&gt;&gt;</a>&nbsp;&nbsp;&nbsp;ThreadLacet
</UL>

<P><STRONG><a name="[d2]"></a>i2cReleaseBus</STRONG> (Thumb, 10 bytes, Stack size 8 bytes, i2c.o(.text))
<BR><BR>[Stack]<UL><LI>Max Depth = 48<LI>Call Chain = i2cReleaseBus &rArr; chMtxUnlock &rArr; chSchWakeupS
</UL>
<BR>[Calls]<UL><LI><a href="#[91]">&gt;&gt;</a>&nbsp;&nbsp;&nbsp;chMtxUnlock
</UL>
<BR>[Called By]<UL><LI><a href="#[101]">&gt;&gt;</a>&nbsp;&nbsp;&nbsp;readUncompensatedPressure
<LI><a href="#[100]">&gt;&gt;</a>&nbsp;&nbsp;&nbsp;readUncompensatedTemperature
<LI><a href="#[10c]">&gt;&gt;</a>&nbsp;&nbsp;&nbsp;ThreadAltitude
<LI><a href="#[4d]">&gt;&gt;</a>&nbsp;&nbsp;&nbsp;ThreadRoulisTangage
<LI><a href="#[ff]">&gt;&gt;</a>&nbsp;&nbsp;&nbsp;ThreadLacet
</UL>

<P><STRONG><a name="[c2]"></a>pwmInit</STRONG> (Thumb, 8 bytes, Stack size 8 bytes, pwm.o(.text))
<BR><BR>[Stack]<UL><LI>Max Depth = 16<LI>Call Chain = pwmInit &rArr; pwm_lld_init
</UL>
<BR>[Calls]<UL><LI><a href="#[d3]">&gt;&gt;</a>&nbsp;&nbsp;&nbsp;pwm_lld_init
</UL>
<BR>[Called By]<UL><LI><a href="#[bd]">&gt;&gt;</a>&nbsp;&nbsp;&nbsp;halInit
</UL>

<P><STRONG><a name="[e9]"></a>pwmObjectInit</STRONG> (Thumb, 10 bytes, Stack size 0 bytes, pwm.o(.text))
<BR><BR>[Called By]<UL><LI><a href="#[d3]">&gt;&gt;</a>&nbsp;&nbsp;&nbsp;pwm_lld_init
</UL>

<P><STRONG><a name="[d4]"></a>pwmStart</STRONG> (Thumb, 36 bytes, Stack size 16 bytes, pwm.o(.text))
<BR><BR>[Stack]<UL><LI>Max Depth = 44<LI>Call Chain = pwmStart &rArr; pwm_lld_start &rArr; nvicEnableVector
</UL>
<BR>[Calls]<UL><LI><a href="#[d5]">&gt;&gt;</a>&nbsp;&nbsp;&nbsp;pwm_lld_start
</UL>
<BR>[Called By]<UL><LI><a href="#[67]">&gt;&gt;</a>&nbsp;&nbsp;&nbsp;main
</UL>

<P><STRONG><a name="[d6]"></a>pwmStop</STRONG> (Thumb, 28 bytes, Stack size 8 bytes, pwm.o(.text), UNUSED)
<BR><BR>[Calls]<UL><LI><a href="#[d7]">&gt;&gt;</a>&nbsp;&nbsp;&nbsp;pwm_lld_stop
</UL>

<P><STRONG><a name="[164]"></a>pwmChangePeriod</STRONG> (Thumb, 24 bytes, Stack size 0 bytes, pwm.o(.text), UNUSED)

<P><STRONG><a name="[d8]"></a>pwmEnableChannel</STRONG> (Thumb, 32 bytes, Stack size 16 bytes, pwm.o(.text))
<BR><BR>[Stack]<UL><LI>Max Depth = 28<LI>Call Chain = pwmEnableChannel &rArr; pwm_lld_enable_channel
</UL>
<BR>[Calls]<UL><LI><a href="#[d9]">&gt;&gt;</a>&nbsp;&nbsp;&nbsp;pwm_lld_enable_channel
</UL>
<BR>[Called By]<UL><LI><a href="#[67]">&gt;&gt;</a>&nbsp;&nbsp;&nbsp;main
</UL>

<P><STRONG><a name="[da]"></a>pwmDisableChannel</STRONG> (Thumb, 28 bytes, Stack size 16 bytes, pwm.o(.text), UNUSED)
<BR><BR>[Calls]<UL><LI><a href="#[db]">&gt;&gt;</a>&nbsp;&nbsp;&nbsp;pwm_lld_disable_channel
</UL>

<P><STRONG><a name="[c3]"></a>sdInit</STRONG> (Thumb, 8 bytes, Stack size 8 bytes, serial.o(.text))
<BR><BR>[Stack]<UL><LI>Max Depth = 52<LI>Call Chain = sdInit &rArr; sd_lld_init &rArr; sdObjectInit &rArr; chOQInit
</UL>
<BR>[Calls]<UL><LI><a href="#[dc]">&gt;&gt;</a>&nbsp;&nbsp;&nbsp;sd_lld_init
</UL>
<BR>[Called By]<UL><LI><a href="#[bd]">&gt;&gt;</a>&nbsp;&nbsp;&nbsp;halInit
</UL>

<P><STRONG><a name="[dd]"></a>sdObjectInit</STRONG> (Thumb, 58 bytes, Stack size 24 bytes, serial.o(.text))
<BR><BR>[Stack]<UL><LI>Max Depth = 36<LI>Call Chain = sdObjectInit &rArr; chOQInit
</UL>
<BR>[Calls]<UL><LI><a href="#[df]">&gt;&gt;</a>&nbsp;&nbsp;&nbsp;chOQInit
<LI><a href="#[de]">&gt;&gt;</a>&nbsp;&nbsp;&nbsp;chIQInit
</UL>
<BR>[Called By]<UL><LI><a href="#[dc]">&gt;&gt;</a>&nbsp;&nbsp;&nbsp;sd_lld_init
</UL>

<P><STRONG><a name="[e0]"></a>sdStart</STRONG> (Thumb, 32 bytes, Stack size 16 bytes, serial.o(.text))
<BR><BR>[Stack]<UL><LI>Max Depth = 44<LI>Call Chain = sdStart &rArr; sd_lld_start &rArr; nvicEnableVector
</UL>
<BR>[Calls]<UL><LI><a href="#[e1]">&gt;&gt;</a>&nbsp;&nbsp;&nbsp;sd_lld_start
</UL>
<BR>[Called By]<UL><LI><a href="#[4b]">&gt;&gt;</a>&nbsp;&nbsp;&nbsp;ThreadComRcv
</UL>

<P><STRONG><a name="[e2]"></a>sdStop</STRONG> (Thumb, 48 bytes, Stack size 8 bytes, serial.o(.text), UNUSED)
<BR><BR>[Calls]<UL><LI><a href="#[a5]">&gt;&gt;</a>&nbsp;&nbsp;&nbsp;chOQResetI
<LI><a href="#[a0]">&gt;&gt;</a>&nbsp;&nbsp;&nbsp;chIQResetI
<LI><a href="#[83]">&gt;&gt;</a>&nbsp;&nbsp;&nbsp;chSchRescheduleS
<LI><a href="#[e3]">&gt;&gt;</a>&nbsp;&nbsp;&nbsp;sd_lld_stop
</UL>

<P><STRONG><a name="[e4]"></a>sdIncomingDataI</STRONG> (Thumb, 50 bytes, Stack size 16 bytes, serial.o(.text))
<BR><BR>[Stack]<UL><LI>Max Depth = 48<LI>Call Chain = sdIncomingDataI &rArr; chEvtBroadcastFlagsI &rArr; chEvtSignalI
</UL>
<BR>[Calls]<UL><LI><a href="#[a2]">&gt;&gt;</a>&nbsp;&nbsp;&nbsp;chIQPutI
<LI><a href="#[81]">&gt;&gt;</a>&nbsp;&nbsp;&nbsp;chEvtBroadcastFlagsI
</UL>
<BR>[Called By]<UL><LI><a href="#[ed]">&gt;&gt;</a>&nbsp;&nbsp;&nbsp;serve_interrupt
</UL>

<P><STRONG><a name="[e5]"></a>sdRequestDataI</STRONG> (Thumb, 30 bytes, Stack size 16 bytes, serial.o(.text), UNUSED)
<BR><BR>[Calls]<UL><LI><a href="#[a7]">&gt;&gt;</a>&nbsp;&nbsp;&nbsp;chOQGetI
<LI><a href="#[81]">&gt;&gt;</a>&nbsp;&nbsp;&nbsp;chEvtBroadcastFlagsI
</UL>

<P><STRONG><a name="[e6]"></a>tmObjectInit</STRONG> (Thumb, 20 bytes, Stack size 0 bytes, tm.o(.text))
<BR><BR>[Called By]<UL><LI><a href="#[bf]">&gt;&gt;</a>&nbsp;&nbsp;&nbsp;tmInit
</UL>

<P><STRONG><a name="[bf]"></a>tmInit</STRONG> (Thumb, 38 bytes, Stack size 24 bytes, tm.o(.text))
<BR><BR>[Stack]<UL><LI>Max Depth = 24<LI>Call Chain = tmInit
</UL>
<BR>[Calls]<UL><LI><a href="#[e6]">&gt;&gt;</a>&nbsp;&nbsp;&nbsp;tmObjectInit
</UL>
<BR>[Called By]<UL><LI><a href="#[bd]">&gt;&gt;</a>&nbsp;&nbsp;&nbsp;halInit
</UL>

<P><STRONG><a name="[c0]"></a>_pal_lld_init</STRONG> (Thumb, 102 bytes, Stack size 8 bytes, pal_lld.o(.text))
<BR><BR>[Stack]<UL><LI>Max Depth = 8<LI>Call Chain = _pal_lld_init
</UL>
<BR>[Calls]<UL><LI><a href="#[e7]">&gt;&gt;</a>&nbsp;&nbsp;&nbsp;initgpio
</UL>
<BR>[Called By]<UL><LI><a href="#[bd]">&gt;&gt;</a>&nbsp;&nbsp;&nbsp;halInit
</UL>

<P><STRONG><a name="[fc]"></a>_pal_lld_setgroupmode</STRONG> (Thumb, 216 bytes, Stack size 40 bytes, pal_lld.o(.text))
<BR><BR>[Stack]<UL><LI>Max Depth = 40<LI>Call Chain = _pal_lld_setgroupmode
</UL>
<BR>[Called By]<UL><LI><a href="#[67]">&gt;&gt;</a>&nbsp;&nbsp;&nbsp;main
<LI><a href="#[4b]">&gt;&gt;</a>&nbsp;&nbsp;&nbsp;ThreadComRcv
</UL>

<P><STRONG><a name="[2e]"></a>VectorB0</STRONG> (Thumb, 14 bytes, Stack size 8 bytes, pwm_lld.o(.text))
<BR><BR>[Stack]<UL><LI>Max Depth = 24<LI>Call Chain = VectorB0 &rArr; pwm_lld_serve_interrupt
</UL>
<BR>[Calls]<UL><LI><a href="#[72]">&gt;&gt;</a>&nbsp;&nbsp;&nbsp;_port_irq_epilogue
<LI><a href="#[e8]">&gt;&gt;</a>&nbsp;&nbsp;&nbsp;pwm_lld_serve_interrupt
</UL>
<BR>[Address Reference Count : 1]<UL><LI> vectors.o(RESET)
</UL>
<P><STRONG><a name="[2f]"></a>VectorB4</STRONG> (Thumb, 14 bytes, Stack size 8 bytes, pwm_lld.o(.text))
<BR><BR>[Stack]<UL><LI>Max Depth = 24<LI>Call Chain = VectorB4 &rArr; pwm_lld_serve_interrupt
</UL>
<BR>[Calls]<UL><LI><a href="#[72]">&gt;&gt;</a>&nbsp;&nbsp;&nbsp;_port_irq_epilogue
<LI><a href="#[e8]">&gt;&gt;</a>&nbsp;&nbsp;&nbsp;pwm_lld_serve_interrupt
</UL>
<BR>[Address Reference Count : 1]<UL><LI> vectors.o(RESET)
</UL>
<P><STRONG><a name="[30]"></a>VectorB8</STRONG> (Thumb, 14 bytes, Stack size 8 bytes, pwm_lld.o(.text))
<BR><BR>[Stack]<UL><LI>Max Depth = 24<LI>Call Chain = VectorB8 &rArr; pwm_lld_serve_interrupt
</UL>
<BR>[Calls]<UL><LI><a href="#[72]">&gt;&gt;</a>&nbsp;&nbsp;&nbsp;_port_irq_epilogue
<LI><a href="#[e8]">&gt;&gt;</a>&nbsp;&nbsp;&nbsp;pwm_lld_serve_interrupt
</UL>
<BR>[Address Reference Count : 1]<UL><LI> vectors.o(RESET)
</UL>
<P><STRONG><a name="[2a]"></a>VectorA0</STRONG> (Thumb, 14 bytes, Stack size 8 bytes, pwm_lld.o(.text))
<BR><BR>[Stack]<UL><LI>Max Depth = 24<LI>Call Chain = VectorA0 &rArr; pwm_lld_serve_interrupt
</UL>
<BR>[Calls]<UL><LI><a href="#[72]">&gt;&gt;</a>&nbsp;&nbsp;&nbsp;_port_irq_epilogue
<LI><a href="#[e8]">&gt;&gt;</a>&nbsp;&nbsp;&nbsp;pwm_lld_serve_interrupt
</UL>
<BR>[Address Reference Count : 1]<UL><LI> vectors.o(RESET)
</UL>
<P><STRONG><a name="[d3]"></a>pwm_lld_init</STRONG> (Thumb, 54 bytes, Stack size 8 bytes, pwm_lld.o(.text))
<BR><BR>[Stack]<UL><LI>Max Depth = 8<LI>Call Chain = pwm_lld_init
</UL>
<BR>[Calls]<UL><LI><a href="#[e9]">&gt;&gt;</a>&nbsp;&nbsp;&nbsp;pwmObjectInit
</UL>
<BR>[Called By]<UL><LI><a href="#[c2]">&gt;&gt;</a>&nbsp;&nbsp;&nbsp;pwmInit
</UL>

<P><STRONG><a name="[d5]"></a>pwm_lld_start</STRONG> (Thumb, 488 bytes, Stack size 16 bytes, pwm_lld.o(.text))
<BR><BR>[Stack]<UL><LI>Max Depth = 28<LI>Call Chain = pwm_lld_start &rArr; nvicEnableVector
</UL>
<BR>[Calls]<UL><LI><a href="#[ea]">&gt;&gt;</a>&nbsp;&nbsp;&nbsp;nvicEnableVector
</UL>
<BR>[Called By]<UL><LI><a href="#[d4]">&gt;&gt;</a>&nbsp;&nbsp;&nbsp;pwmStart
</UL>

<P><STRONG><a name="[d7]"></a>pwm_lld_stop</STRONG> (Thumb, 126 bytes, Stack size 8 bytes, pwm_lld.o(.text), UNUSED)
<BR><BR>[Calls]<UL><LI><a href="#[eb]">&gt;&gt;</a>&nbsp;&nbsp;&nbsp;nvicDisableVector
</UL>
<BR>[Called By]<UL><LI><a href="#[d6]">&gt;&gt;</a>&nbsp;&nbsp;&nbsp;pwmStop
</UL>

<P><STRONG><a name="[d9]"></a>pwm_lld_enable_channel</STRONG> (Thumb, 58 bytes, Stack size 12 bytes, pwm_lld.o(.text))
<BR><BR>[Stack]<UL><LI>Max Depth = 12<LI>Call Chain = pwm_lld_enable_channel
</UL>
<BR>[Called By]<UL><LI><a href="#[d8]">&gt;&gt;</a>&nbsp;&nbsp;&nbsp;pwmEnableChannel
</UL>

<P><STRONG><a name="[db]"></a>pwm_lld_disable_channel</STRONG> (Thumb, 26 bytes, Stack size 0 bytes, pwm_lld.o(.text), UNUSED)
<BR><BR>[Called By]<UL><LI><a href="#[da]">&gt;&gt;</a>&nbsp;&nbsp;&nbsp;pwmDisableChannel
</UL>

<P><STRONG><a name="[38]"></a>VectorD8</STRONG> (Thumb, 14 bytes, Stack size 8 bytes, serial_lld.o(.text))
<BR><BR>[Stack]<UL><LI>Max Depth = 88<LI>Call Chain = VectorD8 &rArr; serve_interrupt &rArr; set_error &rArr; chEvtBroadcastFlagsI &rArr; chEvtSignalI
</UL>
<BR>[Calls]<UL><LI><a href="#[72]">&gt;&gt;</a>&nbsp;&nbsp;&nbsp;_port_irq_epilogue
<LI><a href="#[ed]">&gt;&gt;</a>&nbsp;&nbsp;&nbsp;serve_interrupt
</UL>
<BR>[Address Reference Count : 1]<UL><LI> vectors.o(RESET)
</UL>
<P><STRONG><a name="[dc]"></a>sd_lld_init</STRONG> (Thumb, 22 bytes, Stack size 8 bytes, serial_lld.o(.text))
<BR><BR>[Stack]<UL><LI>Max Depth = 44<LI>Call Chain = sd_lld_init &rArr; sdObjectInit &rArr; chOQInit
</UL>
<BR>[Calls]<UL><LI><a href="#[dd]">&gt;&gt;</a>&nbsp;&nbsp;&nbsp;sdObjectInit
</UL>
<BR>[Called By]<UL><LI><a href="#[c3]">&gt;&gt;</a>&nbsp;&nbsp;&nbsp;sdInit
</UL>

<P><STRONG><a name="[e1]"></a>sd_lld_start</STRONG> (Thumb, 52 bytes, Stack size 16 bytes, serial_lld.o(.text))
<BR><BR>[Stack]<UL><LI>Max Depth = 28<LI>Call Chain = sd_lld_start &rArr; nvicEnableVector
</UL>
<BR>[Calls]<UL><LI><a href="#[ea]">&gt;&gt;</a>&nbsp;&nbsp;&nbsp;nvicEnableVector
<LI><a href="#[ee]">&gt;&gt;</a>&nbsp;&nbsp;&nbsp;usart_init
</UL>
<BR>[Called By]<UL><LI><a href="#[e0]">&gt;&gt;</a>&nbsp;&nbsp;&nbsp;sdStart
</UL>

<P><STRONG><a name="[e3]"></a>sd_lld_stop</STRONG> (Thumb, 46 bytes, Stack size 8 bytes, serial_lld.o(.text), UNUSED)
<BR><BR>[Calls]<UL><LI><a href="#[eb]">&gt;&gt;</a>&nbsp;&nbsp;&nbsp;nvicDisableVector
<LI><a href="#[ef]">&gt;&gt;</a>&nbsp;&nbsp;&nbsp;usart_deinit
</UL>
<BR>[Called By]<UL><LI><a href="#[e2]">&gt;&gt;</a>&nbsp;&nbsp;&nbsp;sdStop
</UL>

<P><STRONG><a name="[1d]"></a>Vector6C</STRONG> (Thumb, 38 bytes, Stack size 8 bytes, stm32_dma.o(.text))
<BR><BR>[Stack]<UL><LI>Max Depth = 8<LI>Call Chain = Vector6C
</UL>
<BR>[Calls]<UL><LI><a href="#[72]">&gt;&gt;</a>&nbsp;&nbsp;&nbsp;_port_irq_epilogue
</UL>
<BR>[Address Reference Count : 1]<UL><LI> vectors.o(RESET)
</UL>
<P><STRONG><a name="[1e]"></a>Vector70</STRONG> (Thumb, 38 bytes, Stack size 8 bytes, stm32_dma.o(.text))
<BR><BR>[Stack]<UL><LI>Max Depth = 8<LI>Call Chain = Vector70
</UL>
<BR>[Calls]<UL><LI><a href="#[72]">&gt;&gt;</a>&nbsp;&nbsp;&nbsp;_port_irq_epilogue
</UL>
<BR>[Address Reference Count : 1]<UL><LI> vectors.o(RESET)
</UL>
<P><STRONG><a name="[1f]"></a>Vector74</STRONG> (Thumb, 40 bytes, Stack size 8 bytes, stm32_dma.o(.text))
<BR><BR>[Stack]<UL><LI>Max Depth = 8<LI>Call Chain = Vector74
</UL>
<BR>[Calls]<UL><LI><a href="#[72]">&gt;&gt;</a>&nbsp;&nbsp;&nbsp;_port_irq_epilogue
</UL>
<BR>[Address Reference Count : 1]<UL><LI> vectors.o(RESET)
</UL>
<P><STRONG><a name="[20]"></a>Vector78</STRONG> (Thumb, 40 bytes, Stack size 8 bytes, stm32_dma.o(.text))
<BR><BR>[Stack]<UL><LI>Max Depth = 8<LI>Call Chain = Vector78
</UL>
<BR>[Calls]<UL><LI><a href="#[72]">&gt;&gt;</a>&nbsp;&nbsp;&nbsp;_port_irq_epilogue
</UL>
<BR>[Address Reference Count : 1]<UL><LI> vectors.o(RESET)
</UL>
<P><STRONG><a name="[21]"></a>Vector7C</STRONG> (Thumb, 40 bytes, Stack size 8 bytes, stm32_dma.o(.text))
<BR><BR>[Stack]<UL><LI>Max Depth = 8<LI>Call Chain = Vector7C
</UL>
<BR>[Calls]<UL><LI><a href="#[72]">&gt;&gt;</a>&nbsp;&nbsp;&nbsp;_port_irq_epilogue
</UL>
<BR>[Address Reference Count : 1]<UL><LI> vectors.o(RESET)
</UL>
<P><STRONG><a name="[22]"></a>Vector80</STRONG> (Thumb, 40 bytes, Stack size 8 bytes, stm32_dma.o(.text))
<BR><BR>[Stack]<UL><LI>Max Depth = 8<LI>Call Chain = Vector80
</UL>
<BR>[Calls]<UL><LI><a href="#[72]">&gt;&gt;</a>&nbsp;&nbsp;&nbsp;_port_irq_epilogue
</UL>
<BR>[Address Reference Count : 1]<UL><LI> vectors.o(RESET)
</UL>
<P><STRONG><a name="[23]"></a>Vector84</STRONG> (Thumb, 40 bytes, Stack size 8 bytes, stm32_dma.o(.text))
<BR><BR>[Stack]<UL><LI>Max Depth = 8<LI>Call Chain = Vector84
</UL>
<BR>[Calls]<UL><LI><a href="#[72]">&gt;&gt;</a>&nbsp;&nbsp;&nbsp;_port_irq_epilogue
</UL>
<BR>[Address Reference Count : 1]<UL><LI> vectors.o(RESET)
</UL>
<P><STRONG><a name="[f3]"></a>dmaInit</STRONG> (Thumb, 46 bytes, Stack size 0 bytes, stm32_dma.o(.text))
<BR><BR>[Called By]<UL><LI><a href="#[be]">&gt;&gt;</a>&nbsp;&nbsp;&nbsp;hal_lld_init
</UL>

<P><STRONG><a name="[f0]"></a>dmaStreamAllocate</STRONG> (Thumb, 128 bytes, Stack size 24 bytes, stm32_dma.o(.text))
<BR><BR>[Stack]<UL><LI>Max Depth = 36<LI>Call Chain = dmaStreamAllocate &rArr; nvicEnableVector
</UL>
<BR>[Calls]<UL><LI><a href="#[ea]">&gt;&gt;</a>&nbsp;&nbsp;&nbsp;nvicEnableVector
</UL>
<BR>[Called By]<UL><LI><a href="#[ca]">&gt;&gt;</a>&nbsp;&nbsp;&nbsp;i2c_lld_start
</UL>

<P><STRONG><a name="[f1]"></a>dmaStreamRelease</STRONG> (Thumb, 48 bytes, Stack size 8 bytes, stm32_dma.o(.text), UNUSED)
<BR><BR>[Calls]<UL><LI><a href="#[eb]">&gt;&gt;</a>&nbsp;&nbsp;&nbsp;nvicDisableVector
</UL>
<BR>[Called By]<UL><LI><a href="#[cc]">&gt;&gt;</a>&nbsp;&nbsp;&nbsp;i2c_lld_stop
</UL>

<P><STRONG><a name="[be]"></a>hal_lld_init</STRONG> (Thumb, 126 bytes, Stack size 8 bytes, hal_lld.o(.text))
<BR><BR>[Stack]<UL><LI>Max Depth = 8<LI>Call Chain = hal_lld_init
</UL>
<BR>[Calls]<UL><LI><a href="#[f2]">&gt;&gt;</a>&nbsp;&nbsp;&nbsp;hal_lld_backup_domain_init
<LI><a href="#[f3]">&gt;&gt;</a>&nbsp;&nbsp;&nbsp;dmaInit
</UL>
<BR>[Called By]<UL><LI><a href="#[bd]">&gt;&gt;</a>&nbsp;&nbsp;&nbsp;halInit
</UL>

<P><STRONG><a name="[6e]"></a>stm32_clock_init</STRONG> (Thumb, 364 bytes, Stack size 0 bytes, hal_lld.o(.text))
<BR><BR>[Called By]<UL><LI><a href="#[6d]">&gt;&gt;</a>&nbsp;&nbsp;&nbsp;__early_init
</UL>

<P><STRONG><a name="[31]"></a>VectorBC</STRONG> (Thumb, 14 bytes, Stack size 8 bytes, i2c_lld.o(.text))
<BR><BR>[Stack]<UL><LI>Max Depth = 32<LI>Call Chain = VectorBC &rArr; i2c_lld_serve_event_interrupt
</UL>
<BR>[Calls]<UL><LI><a href="#[72]">&gt;&gt;</a>&nbsp;&nbsp;&nbsp;_port_irq_epilogue
<LI><a href="#[f5]">&gt;&gt;</a>&nbsp;&nbsp;&nbsp;i2c_lld_serve_event_interrupt
</UL>
<BR>[Address Reference Count : 1]<UL><LI> vectors.o(RESET)
</UL>
<P><STRONG><a name="[32]"></a>VectorC0</STRONG> (Thumb, 34 bytes, Stack size 8 bytes, i2c_lld.o(.text))
<BR><BR>[Stack]<UL><LI>Max Depth = 24<LI>Call Chain = VectorC0 &rArr; i2c_lld_serve_error_interrupt
</UL>
<BR>[Calls]<UL><LI><a href="#[72]">&gt;&gt;</a>&nbsp;&nbsp;&nbsp;_port_irq_epilogue
<LI><a href="#[f7]">&gt;&gt;</a>&nbsp;&nbsp;&nbsp;i2c_lld_serve_error_interrupt
</UL>
<BR>[Address Reference Count : 1]<UL><LI> vectors.o(RESET)
</UL>
[...]
</UL>

<P><STRONG><a name="[12c]"></a>_dmul</STRONG> (Thumb, 332 bytes, Stack size 32 bytes, dmul.o(x$fpl$dmul), UNUSED)
<BR><BR>[Calls]<UL><LI><a href="#[123]">&gt;&gt;</a>&nbsp;&nbsp;&nbsp;__fpl_dretinf
<LI><a href="#[124]">&gt;&gt;</a>&nbsp;&nbsp;&nbsp;__fpl_dnaninf
</UL>

<P><STRONG><a name="[124]"></a>__fpl_dnaninf</STRONG> (Thumb, 156 bytes, Stack size 16 bytes, dnaninf.o(x$fpl$dnaninf), UNUSED)
<BR><BR>[Called By]<UL><LI><a href="#[120]">&gt;&gt;</a>&nbsp;&nbsp;&nbsp;_dsqrt
<LI><a href="#[12a]">&gt;&gt;</a>&nbsp;&nbsp;&nbsp;_dcmple
<LI><a href="#[12c]">&gt;&gt;</a>&nbsp;&nbsp;&nbsp;_dmul
<LI><a href="#[129]">&gt;&gt;</a>&nbsp;&nbsp;&nbsp;_dfixu
<LI><a href="#[128]">&gt;&gt;</a>&nbsp;&nbsp;&nbsp;_dfix
<LI><a href="#[127]">&gt;&gt;</a>&nbsp;&nbsp;&nbsp;_ddiv
<LI><a href="#[131]">&gt;&gt;</a>&nbsp;&nbsp;&nbsp;_dsub
<LI><a href="#[121]">&gt;&gt;</a>&nbsp;&nbsp;&nbsp;_dadd
</UL>

<P><STRONG><a name="[123]"></a>__fpl_dretinf</STRONG> (Thumb, 12 bytes, Stack size 0 bytes, dretinf.o(x$fpl$dretinf), UNUSED)
<BR><BR>[Called By]<UL><LI><a href="#[12c]">&gt;&gt;</a>&nbsp;&nbsp;&nbsp;_dmul
<LI><a href="#[127]">&gt;&gt;</a>&nbsp;&nbsp;&nbsp;_ddiv
<LI><a href="#[121]">&gt;&gt;</a>&nbsp;&nbsp;&nbsp;_dadd
</UL>

<P><STRONG><a name="[11e]"></a>__aeabi_cdrcmple</STRONG> (Thumb, 0 bytes, Stack size 16 bytes, drleqf.o(x$fpl$drleqf), UNUSED)
<BR><BR>[Called By]<UL><LI><a href="#[104]">&gt;&gt;</a>&nbsp;&nbsp;&nbsp;pow
</UL>

<P><STRONG><a name="[12d]"></a>_drcmple</STRONG> (Thumb, 108 bytes, Stack size 16 bytes, drleqf.o(x$fpl$drleqf), UNUSED)
<BR><BR>[Calls]<UL><LI><a href="#[12e]">&gt;&gt;</a>&nbsp;&nbsp;&nbsp;__fpl_dcmple_InfNaN
</UL>

<P><STRONG><a name="[10d]"></a>__aeabi_drsub</STRONG> (Thumb, 0 bytes, Stack size 8 bytes, daddsub_clz.o(x$fpl$drsb), UNUSED)
<BR><BR>[Called By]<UL><LI><a href="#[104]">&gt;&gt;</a>&nbsp;&nbsp;&nbsp;pow
<LI><a href="#[10c]">&gt;&gt;</a>&nbsp;&nbsp;&nbsp;ThreadAltitude
</UL>

<P><STRONG><a name="[12f]"></a>_drsb</STRONG> (Thumb, 22 bytes, Stack size 8 bytes, daddsub_clz.o(x$fpl$drsb), UNUSED)
<BR><BR>[Calls]<UL><LI><a href="#[122]">&gt;&gt;</a>&nbsp;&nbsp;&nbsp;_dsub1
<LI><a href="#[130]">&gt;&gt;</a>&nbsp;&nbsp;&nbsp;_dadd1
</UL>

<P><STRONG><a name="[120]"></a>_dsqrt</STRONG> (Thumb, 456 bytes, Stack size 24 bytes, dsqrt_noumaal.o(x$fpl$dsqrt), UNUSED)
<BR><BR>[Calls]<UL><LI><a href="#[124]">&gt;&gt;</a>&nbsp;&nbsp;&nbsp;__fpl_dnaninf
</UL>
<BR>[Called By]<UL><LI><a href="#[11c]">&gt;&gt;</a>&nbsp;&nbsp;&nbsp;sqrt
</UL>

<P><STRONG><a name="[11d]"></a>__aeabi_dsub</STRONG> (Thumb, 0 bytes, Stack size 32 bytes, daddsub_clz.o(x$fpl$dsub), UNUSED)
<BR><BR>[Called By]<UL><LI><a href="#[104]">&gt;&gt;</a>&nbsp;&nbsp;&nbsp;pow
</UL>

<P><STRONG><a name="[131]"></a>_dsub</STRONG> (Thumb, 464 bytes, Stack size 32 bytes, daddsub_clz.o(x$fpl$dsub), UNUSED)
<BR><BR>[Calls]<UL><LI><a href="#[124]">&gt;&gt;</a>&nbsp;&nbsp;&nbsp;__fpl_dnaninf
<LI><a href="#[130]">&gt;&gt;</a>&nbsp;&nbsp;&nbsp;_dadd1
</UL>

<P><STRONG><a name="[126]"></a>__fpl_return_NaN</STRONG> (Thumb, 100 bytes, Stack size 0 bytes, retnan.o(x$fpl$retnan), UNUSED)
<BR><BR>[Calls]<UL><LI><a href="#[132]">&gt;&gt;</a>&nbsp;&nbsp;&nbsp;__fpl_cmpreturn
</UL>
<BR>[Called By]<UL><LI><a href="#[125]">&gt;&gt;</a>&nbsp;&nbsp;&nbsp;__fpl_dcheck_NaN1
</UL>

<P><STRONG><a name="[11b]"></a>__ARM_scalbn</STRONG> (Thumb, 92 bytes, Stack size 0 bytes, scalbn.o(x$fpl$scalbn), UNUSED)
<BR><BR>[Calls]<UL><LI><a href="#[125]">&gt;&gt;</a>&nbsp;&nbsp;&nbsp;__fpl_dcheck_NaN1
</UL>
<BR>[Called By]<UL><LI><a href="#[11a]">&gt;&gt;</a>&nbsp;&nbsp;&nbsp;__mathlib_dbl_underflow
<LI><a href="#[104]">&gt;&gt;</a>&nbsp;&nbsp;&nbsp;pow
</UL>

<P><STRONG><a name="[132]"></a>__fpl_cmpreturn</STRONG> (Thumb, 48 bytes, Stack size 0 bytes, trapv.o(x$fpl$trapveneer), UNUSED)
<BR><BR>[Called By]<UL><LI><a href="#[126]">&gt;&gt;</a>&nbsp;&nbsp;&nbsp;__fpl_return_NaN
</UL>
<P>
<H3>
Local Symbols
</H3>
<P><STRONG><a name="[99]"></a>prio_insert</STRONG> (Thumb, 36 bytes, Stack size 8 bytes, chmtx.o(.text))
<BR><BR>[Stack]<UL><LI>Max Depth = 8<LI>Call Chain = prio_insert
</UL>
<BR>[Called By]<UL><LI><a href="#[97]">&gt;&gt;</a>&nbsp;&nbsp;&nbsp;chMtxLockS
</UL>

<P><STRONG><a name="[9c]"></a>fifo_remove</STRONG> (Thumb, 12 bytes, Stack size 0 bytes, chmtx.o(.text))
<BR><BR>[Called By]<UL><LI><a href="#[9e]">&gt;&gt;</a>&nbsp;&nbsp;&nbsp;chMtxUnlockAll
<LI><a href="#[91]">&gt;&gt;</a>&nbsp;&nbsp;&nbsp;chMtxUnlock
<LI><a href="#[9d]">&gt;&gt;</a>&nbsp;&nbsp;&nbsp;chMtxUnlockS
</UL>

<P><STRONG><a name="[98]"></a>dequeue</STRONG> (Thumb, 14 bytes, Stack size 0 bytes, chmtx.o(.text))
<BR><BR>[Called By]<UL><LI><a href="#[97]">&gt;&gt;</a>&nbsp;&nbsp;&nbsp;chMtxLockS
</UL>

<P><STRONG><a name="[9f]"></a>qwait</STRONG> (Thumb, 48 bytes, Stack size 16 bytes, chqueues.o(.text))
<BR><BR>[Stack]<UL><LI>Max Depth = 64<LI>Call Chain = qwait &rArr; chSchGoSleepTimeoutS &rArr; chSchGoSleepS
</UL>
<BR>[Calls]<UL><LI><a href="#[8a]">&gt;&gt;</a>&nbsp;&nbsp;&nbsp;chSchGoSleepTimeoutS
</UL>
<BR>[Called By]<UL><LI><a href="#[a8]">&gt;&gt;</a>&nbsp;&nbsp;&nbsp;chOQWriteTimeout
<LI><a href="#[a6]">&gt;&gt;</a>&nbsp;&nbsp;&nbsp;chOQPutTimeout
<LI><a href="#[a4]">&gt;&gt;</a>&nbsp;&nbsp;&nbsp;chIQReadTimeout
<LI><a href="#[a3]">&gt;&gt;</a>&nbsp;&nbsp;&nbsp;chIQGetTimeout
</UL>

<P><STRONG><a name="[a1]"></a>fifo_remove</STRONG> (Thumb, 12 bytes, Stack size 0 bytes, chqueues.o(.text))
<BR><BR>[Called By]<UL><LI><a href="#[a7]">&gt;&gt;</a>&nbsp;&nbsp;&nbsp;chOQGetI
<LI><a href="#[a5]">&gt;&gt;</a>&nbsp;&nbsp;&nbsp;chOQResetI
<LI><a href="#[a2]">&gt;&gt;</a>&nbsp;&nbsp;&nbsp;chIQPutI
<LI><a href="#[a0]">&gt;&gt;</a>&nbsp;&nbsp;&nbsp;chIQResetI
</UL>

<P><STRONG><a name="[43]"></a>wakeup</STRONG> (Thumb, 94 bytes, Stack size 12 bytes, chschd.o(.text))
<BR><BR>[Stack]<UL><LI>Max Depth = 12<LI>Call Chain = wakeup
</UL>
<BR>[Calls]<UL><LI><a href="#[80]">&gt;&gt;</a>&nbsp;&nbsp;&nbsp;chSchReadyI
</UL>
<BR>[Address Reference Count : 1]<UL><LI> chschd.o(.text)
</UL>
<P><STRONG><a name="[a9]"></a>fifo_remove</STRONG> (Thumb, 12 bytes, Stack size 0 bytes, chschd.o(.text))
<BR><BR>[Called By]<UL><LI><a href="#[ae]">&gt;&gt;</a>&nbsp;&nbsp;&nbsp;chSchDoRescheduleBehind
<LI><a href="#[ad]">&gt;&gt;</a>&nbsp;&nbsp;&nbsp;chSchDoRescheduleAhead
<LI><a href="#[86]">&gt;&gt;</a>&nbsp;&nbsp;&nbsp;chSchGoSleepS
</UL>

<P><STRONG><a name="[50]"></a>write</STRONG> (Thumb, 26 bytes, Stack size 16 bytes, serial.o(.text))
<BR><BR>[Stack]<UL><LI>Max Depth = 112<LI>Call Chain = write &rArr; chOQWriteTimeout &rArr; qwait &rArr; chSchGoSleepTimeoutS &rArr; chSchGoSleepS
</UL>
<BR>[Calls]<UL><LI><a href="#[a8]">&gt;&gt;</a>&nbsp;&nbsp;&nbsp;chOQWriteTimeout
</UL>
<BR>[Address Reference Count : 1]<UL><LI> serial.o(.constdata)
</UL>
<P><STRONG><a name="[51]"></a>read</STRONG> (Thumb, 26 bytes, Stack size 16 bytes, serial.o(.text))
<BR><BR>[Stack]<UL><LI>Max Depth = 112<LI>Call Chain = read &rArr; chIQReadTimeout &rArr; qwait &rArr; chSchGoSleepTimeoutS &rArr; chSchGoSleepS
</UL>
<BR>[Calls]<UL><LI><a href="#[a4]">&gt;&gt;</a>&nbsp;&nbsp;&nbsp;chIQReadTimeout
</UL>
<BR>[Address Reference Count : 1]<UL><LI> serial.o(.constdata)
</UL>
<P><STRONG><a name="[52]"></a>put</STRONG> (Thumb, 22 bytes, Stack size 16 bytes, serial.o(.text))
<BR><BR>[Stack]<UL><LI>Max Depth = 104<LI>Call Chain = put &rArr; chOQPutTimeout &rArr; qwait &rArr; chSchGoSleepTimeoutS &rArr; chSchGoSleepS
</UL>
<BR>[Calls]<UL><LI><a href="#[a6]">&gt;&gt;</a>&nbsp;&nbsp;&nbsp;chOQPutTimeout
</UL>
<BR>[Address Reference Count : 1]<UL><LI> serial.o(.constdata)
</UL>
<P><STRONG><a name="[53]"></a>get</STRONG> (Thumb, 18 bytes, Stack size 8 bytes, serial.o(.text))
<BR><BR>[Stack]<UL><LI>Max Depth = 96<LI>Call Chain = get &rArr; chIQGetTimeout &rArr; qwait &rArr; chSchGoSleepTimeoutS &rArr; chSchGoSleepS
</UL>
<BR>[Calls]<UL><LI><a href="#[a3]">&gt;&gt;</a>&nbsp;&nbsp;&nbsp;chIQGetTimeout
</UL>
<BR>[Address Reference Count : 1]<UL><LI> serial.o(.constdata)
</UL>
<P><STRONG><a name="[54]"></a>putt</STRONG> (Thumb, 22 bytes, Stack size 16 bytes, serial.o(.text))
<BR><BR>[Stack]<UL><LI>Max Depth = 104<LI>Call Chain = putt &rArr; chOQPutTimeout &rArr; qwait &rArr; chSchGoSleepTimeoutS &rArr; chSchGoSleepS
</UL>
<BR>[Calls]<UL><LI><a href="#[a6]">&gt;&gt;</a>&nbsp;&nbsp;&nbsp;chOQPutTimeout
</UL>
<BR>[Address Reference Count : 1]<UL><LI> serial.o(.constdata)
</UL>
<P><STRONG><a name="[55]"></a>gett</STRONG> (Thumb, 18 bytes, Stack size 16 bytes, serial.o(.text))
<BR><BR>[Stack]<UL><LI>Max Depth = 104<LI>Call Chain = gett &rArr; chIQGetTimeout &rArr; qwait &rArr; chSchGoSleepTimeoutS &rArr; chSchGoSleepS
</UL>
<BR>[Calls]<UL><LI><a href="#[a3]">&gt;&gt;</a>&nbsp;&nbsp;&nbsp;chIQGetTimeout
</UL>
<BR>[Address Reference Count : 1]<UL><LI> serial.o(.constdata)
</UL>
<P><STRONG><a name="[56]"></a>writet</STRONG> (Thumb, 30 bytes, Stack size 24 bytes, serial.o(.text))
<BR><BR>[Stack]<UL><LI>Max Depth = 120<LI>Call Chain = writet &rArr; chOQWriteTimeout &rArr; qwait &rArr; chSchGoSleepTimeoutS &rArr; chSchGoSleepS
</UL>
<BR>[Calls]<UL><LI><a href="#[a8]">&gt;&gt;</a>&nbsp;&nbsp;&nbsp;chOQWriteTimeout
</UL>
<BR>[Address Reference Count : 1]<UL><LI> serial.o(.constdata)
</UL>
<P><STRONG><a name="[57]"></a>readt</STRONG> (Thumb, 30 bytes, Stack size 24 bytes, serial.o(.text))
<BR><BR>[Stack]<UL><LI>Max Depth = 120<LI>Call Chain = readt &rArr; chIQReadTimeout &rArr; qwait &rArr; chSchGoSleepTimeoutS &rArr; chSchGoSleepS
</UL>
<BR>[Calls]<UL><LI><a href="#[a4]">&gt;&gt;</a>&nbsp;&nbsp;&nbsp;chIQReadTimeout
</UL>
<BR>[Address Reference Count : 1]<UL><LI> serial.o(.constdata)
</UL>
<P><STRONG><a name="[45]"></a>tm_start</STRONG> (Thumb, 8 bytes, Stack size 0 bytes, tm.o(.text))
<BR>[Address Reference Count : 1]<UL><LI> tm.o(.text)
</UL>
<P><STRONG><a name="[46]"></a>tm_stop</STRONG> (Thumb, 44 bytes, Stack size 0 bytes, tm.o(.text))
<BR>[Address Reference Count : 1]<UL><LI> tm.o(.text)
</UL>
<P><STRONG><a name="[e7]"></a>initgpio</STRONG> (Thumb, 30 bytes, Stack size 0 bytes, pal_lld.o(.text))
<BR><BR>[Called By]<UL><LI><a href="#[c0]">&gt;&gt;</a>&nbsp;&nbsp;&nbsp;_pal_lld_init
</UL>

<P><STRONG><a name="[e8]"></a>pwm_lld_serve_interrupt</STRONG> (Thumb, 96 bytes, Stack size 16 bytes, pwm_lld.o(.text))
<BR><BR>[Stack]<UL><LI>Max Depth = 16<LI>Call Chain = pwm_lld_serve_interrupt
</UL>
<BR>[Called By]<UL><LI><a href="#[2a]">&gt;&gt;</a>&nbsp;&nbsp;&nbsp;VectorA0
<LI><a href="#[30]">&gt;&gt;</a>&nbsp;&nbsp;&nbsp;VectorB8
<LI><a href="#[2f]">&gt;&gt;</a>&nbsp;&nbsp;&nbsp;VectorB4
<LI><a href="#[2e]">&gt;&gt;</a>&nbsp;&nbsp;&nbsp;VectorB0
</UL>

<P><STRONG><a name="[ee]"></a>usart_init</STRONG> (Thumb, 74 bytes, Stack size 8 bytes, serial_lld.o(.text))
<BR><BR>[Stack]<UL><LI>Max Depth = 8<LI>Call Chain = usart_init
</UL>
<BR>[Called By]<UL><LI><a href="#[e1]">&gt;&gt;</a>&nbsp;&nbsp;&nbsp;sd_lld_start
</UL>

<P><STRONG><a name="[ef]"></a>usart_deinit</STRONG> (Thumb, 10 bytes, Stack size 0 bytes, serial_lld.o(.text), UNUSED)
<BR><BR>[Called By]<UL><LI><a href="#[e3]">&gt;&gt;</a>&nbsp;&nbsp;&nbsp;sd_lld_stop
</UL>

<P><STRONG><a name="[ec]"></a>set_error</STRONG> (Thumb, 70 bytes, Stack size 16 bytes, serial_lld.o(.text))
<BR><BR>[Stack]<UL><LI>Max Depth = 48<LI>Call Chain = set_error &rArr; chEvtBroadcastFlagsI &rArr; chEvtSignalI
</UL>
<BR>[Calls]<UL><LI><a href="#[81]">&gt;&gt;</a>&nbsp;&nbsp;&nbsp;chEvtBroadcastFlagsI
</UL>
<BR>[Called By]<UL><LI><a href="#[ed]">&gt;&gt;</a>&nbsp;&nbsp;&nbsp;serve_interrupt
</UL>

<P><STRONG><a name="[ed]"></a>serve_interrupt</STRONG> (Thumb, 204 bytes, Stack size 32 bytes, serial_lld.o(.text))
<BR><BR>[Stack]<UL><LI>Max Depth = 80<LI>Call Chain = serve_interrupt &rArr; set_error &rArr; chEvtBroadcastFlagsI &rArr; chEvtSignalI
</UL>
<BR>[Calls]<UL><LI><a href="#[a7]">&gt;&gt;</a>&nbsp;&nbsp;&nbsp;chOQGetI
<LI><a href="#[81]">&gt;&gt;</a>&nbsp;&nbsp;&nbsp;chEvtBroadcastFlagsI
<LI><a href="#[ec]">&gt;&gt;</a>&nbsp;&nbsp;&nbsp;set_error
<LI><a href="#[e4]">&gt;&gt;</a>&nbsp;&nbsp;&nbsp;sdIncomingDataI
</UL>
<BR>[Called By]<UL><LI><a href="#[38]">&gt;&gt;</a>&nbsp;&nbsp;&nbsp;VectorD8
</UL>

<P><STRONG><a name="[47]"></a>notify2</STRONG> (Thumb, 14 bytes, Stack size 0 bytes, serial_lld.o(.text))
<BR>[Address Reference Count : 1]<UL><LI> serial_lld.o(.text)
</UL>
<P><STRONG><a name="[f2]"></a>hal_lld_backup_domain_init</STRONG> (Thumb, 106 bytes, Stack size 0 bytes, hal_lld.o(.text))
<BR><BR>[Called By]<UL><LI><a href="#[be]">&gt;&gt;</a>&nbsp;&nbsp;&nbsp;hal_lld_init
</UL>

<P><STRONG><a name="[f4]"></a>i2c_lld_abort_operation</STRONG> (Thumb, 78 bytes, Stack size 0 bytes, i2c_lld.o(.text))
<BR><BR>[Called By]<UL><LI><a href="#[4a]">&gt;&gt;</a>&nbsp;&nbsp;&nbsp;i2c_lld_safety_timeout
<LI><a href="#[cc]">&gt;&gt;</a>&nbsp;&nbsp;&nbsp;i2c_lld_stop
</UL>

<P><STRONG><a name="[4a]"></a>i2c_lld_safety_timeout</STRONG> (Thumb, 48 bytes, Stack size 16 bytes, i2c_lld.o(.text))
<BR><BR>[Stack]<UL><LI>Max Depth = 16<LI>Call Chain = i2c_lld_safety_timeout
</UL>
<BR>[Calls]<UL><LI><a href="#[80]">&gt;&gt;</a>&nbsp;&nbsp;&nbsp;chSchReadyI
<LI><a href="#[f4]">&gt;&gt;</a>&nbsp;&nbsp;&nbsp;i2c_lld_abort_operation
</UL>
<BR>[Address Reference Count : 1]<UL><LI> i2c_lld.o(.text)
</UL>
<P><STRONG><a name="[f8]"></a>i2c_lld_set_clock</STRONG> (Thumb, 132 bytes, Stack size 20 bytes, i2c_lld.o(.text))
<BR><BR>[Stack]<UL><LI>Max Depth = 20<LI>Call Chain = i2c_lld_set_clock
</UL>
<BR>[Called By]<UL><LI><a href="#[ca]">&gt;&gt;</a>&nbsp;&nbsp;&nbsp;i2c_lld_start
</UL>

<P><STRONG><a name="[f9]"></a>i2c_lld_set_opmode</STRONG> (Thumb, 58 bytes, Stack size 8 bytes, i2c_lld.o(.text))
<BR><BR>[Stack]<UL><LI>Max Depth = 8<LI>Call Chain = i2c_lld_set_opmode
</UL>
<BR>[Called By]<UL><LI><a href="#[ca]">&gt;&gt;</a>&nbsp;&nbsp;&nbsp;i2c_lld_start
</UL>

<P><STRONG><a name="[f5]"></a>i2c_lld_serve_event_interrupt</STRONG> (Thumb, 226 bytes, Stack size 24 bytes, i2c_lld.o(.text))
<BR><BR>[Stack]<UL><LI>Max Depth = 24<LI>Call Chain = i2c_lld_serve_event_interrupt
</UL>
<BR>[Calls]<UL><LI><a href="#[80]">&gt;&gt;</a>&nbsp;&nbsp;&nbsp;chSchReadyI
</UL>
<BR>[Called By]<UL><LI><a href="#[33]">&gt;&gt;</a>&nbsp;&nbsp;&nbsp;VectorC4
<LI><a href="#[31]">&gt;&gt;</a>&nbsp;&nbsp;&nbsp;VectorBC
</UL>

<P><STRONG><a name="[48]"></a>i2c_lld_serve_rx_end_irq</STRONG> (Thumb, 110 bytes, Stack size 24 bytes, i2c_lld.o(.text))
<BR><BR>[Stack]<UL><LI>Max Depth = 24<LI>Call Chain = i2c_lld_serve_rx_end_irq
</UL>
<BR>[Calls]<UL><LI><a href="#[80]">&gt;&gt;</a>&nbsp;&nbsp;&nbsp;chSchReadyI
<LI><a href="#[f6]">&gt;&gt;</a>&nbsp;&nbsp;&nbsp;port_halt
</UL>
<BR>[Address Reference Count : 1]<UL><LI> i2c_lld.o(.text)
</UL>
<P><STRONG><a name="[49]"></a>i2c_lld_serve_tx_end_irq</STRONG> (Thumb, 58 bytes, Stack size 16 bytes, i2c_lld.o(.text))
<BR><BR>[Stack]<UL><LI>Max Depth = 16<LI>Call Chain = i2c_lld_serve_tx_end_irq
</UL>
<BR>[Calls]<UL><LI><a href="#[f6]">&gt;&gt;</a>&nbsp;&nbsp;&nbsp;port_halt
</UL>
<BR>[Address Reference Count : 1]<UL><LI> i2c_lld.o(.text)
</UL>
<P><STRONG><a name="[f7]"></a>i2c_lld_serve_error_interrupt</STRONG> (Thumb, 234 bytes, Stack size 16 bytes, i2c_lld.o(.text))
<BR><BR>[Stack]<UL><LI>Max Depth = 16<LI>Call Chain = i2c_lld_serve_error_interrupt
</UL>
<BR>[Calls]<UL><LI><a href="#[80]">&gt;&gt;</a>&nbsp;&nbsp;&nbsp;chSchReadyI
</UL>
<BR>[Called By]<UL><LI><a href="#[34]">&gt;&gt;</a>&nbsp;&nbsp;&nbsp;VectorC8
<LI><a href="#[32]">&gt;&gt;</a>&nbsp;&nbsp;&nbsp;VectorC0
</UL>

<P><STRONG><a name="[59]"></a>pwmc1cb</STRONG> (Thumb, 10 bytes, Stack size 0 bytes, main.o(.text))
<BR>[Address Reference Count : 1]<UL><LI> main.o(.data)
</UL>
<P><STRONG><a name="[5a]"></a>pwmc2cb</STRONG> (Thumb, 10 bytes, Stack size 0 bytes, main.o(.text))
<BR>[Address Reference Count : 1]<UL><LI> main.o(.data)
</UL>
<P><STRONG><a name="[5b]"></a>pwmc3cb</STRONG> (Thumb, 10 bytes, Stack size 0 bytes, main.o(.text))
<BR>[Address Reference Count : 1]<UL><LI> main.o(.data)
</UL>
<P><STRONG><a name="[58]"></a>pwmpcb4</STRONG> (Thumb, 24 bytes, Stack size 0 bytes, main.o(.text))
<BR>[Address Reference Count : 1]<UL><LI> main.o(.data)
</UL>
<P><STRONG><a name="[5c]"></a>pwmc4cb</STRONG> (Thumb, 10 bytes, Stack size 0 bytes, main.o(.text))
<BR>[Address Reference Count : 1]<UL><LI> main.o(.data)
</UL>
<P><STRONG><a name="[4c]"></a>ThreadComSnd</STRONG> (Thumb, 28 bytes, Stack size 56 bytes, main.o(.text))
<BR><BR>[Stack]<UL><LI>Max Depth = 152<LI>Call Chain = ThreadComSnd &rArr; chIQReadTimeout &rArr; qwait &rArr; chSchGoSleepTimeoutS &rArr; chSchGoSleepS
</UL>
<BR>[Calls]<UL><LI><a href="#[a4]">&gt;&gt;</a>&nbsp;&nbsp;&nbsp;chIQReadTimeout
<LI><a href="#[fa]">&gt;&gt;</a>&nbsp;&nbsp;&nbsp;__aeabi_memclr4
</UL>
<BR>[Address Reference Count : 1]<UL><LI> main.o(.text)
</UL>
<P><STRONG><a name="[4b]"></a>ThreadComRcv</STRONG> (Thumb, 96 bytes, Stack size 24 bytes, main.o(.text))
<BR><BR>[Stack]<UL><LI>Max Depth = 160 + Unknown Stack Size
<LI>Call Chain = ThreadComRcv &rArr; __2sprintf &rArr; _printf_char_common &rArr; __printf
</UL>
<BR>[Calls]<UL><LI><a href="#[a8]">&gt;&gt;</a>&nbsp;&nbsp;&nbsp;chOQWriteTimeout
<LI><a href="#[e0]">&gt;&gt;</a>&nbsp;&nbsp;&nbsp;sdStart
<LI><a href="#[fc]">&gt;&gt;</a>&nbsp;&nbsp;&nbsp;_pal_lld_setgroupmode
<LI><a href="#[fb]">&gt;&gt;</a>&nbsp;&nbsp;&nbsp;__aeabi_memcpy4
<LI><a href="#[fe]">&gt;&gt;</a>&nbsp;&nbsp;&nbsp;strlen
<LI><a href="#[fd]">&gt;&gt;</a>&nbsp;&nbsp;&nbsp;__2sprintf
</UL>
<BR>[Address Reference Count : 1]<UL><LI> main.o(.text)
</UL>
<P><STRONG><a name="[ff]"></a>ThreadLacet</STRONG> (Thumb, 112 bytes, Stack size 40 bytes, main.o(.text), UNUSED)
<BR><BR>[Calls]<UL><LI><a href="#[d2]">&gt;&gt;</a>&nbsp;&nbsp;&nbsp;i2cReleaseBus
<LI><a href="#[d1]">&gt;&gt;</a>&nbsp;&nbsp;&nbsp;i2cAcquireBus
<LI><a href="#[cf]">&gt;&gt;</a>&nbsp;&nbsp;&nbsp;i2cMasterReceiveTimeout
<LI><a href="#[cd]">&gt;&gt;</a>&nbsp;&nbsp;&nbsp;i2cMasterTransmitTimeout
</UL>

<P><STRONG><a name="[4d]"></a>ThreadRoulisTangage</STRONG> (Thumb, 488 bytes, Stack size 40 bytes, main.o(.text))
<BR><BR>[Stack]<UL><LI>Max Depth = 160<LI>Call Chain = ThreadRoulisTangage &rArr; i2cMasterTransmitTimeout &rArr; i2c_lld_master_transmit_timeout &rArr; chSchGoSleepS
</UL>
<BR>[Calls]<UL><LI><a href="#[d2]">&gt;&gt;</a>&nbsp;&nbsp;&nbsp;i2cReleaseBus
<LI><a href="#[d1]">&gt;&gt;</a>&nbsp;&nbsp;&nbsp;i2cAcquireBus
<LI><a href="#[cd]">&gt;&gt;</a>&nbsp;&nbsp;&nbsp;i2cMasterTransmitTimeout
</UL>
<BR>[Address Reference Count : 1]<UL><LI> main.o(.text)
</UL>
<P><STRONG><a name="[10c]"></a>ThreadAltitude</STRONG> (Thumb, 876 bytes, Stack size 152 bytes, main.o(.text), UNUSED)
<BR><BR>[Calls]<UL><LI><a href="#[d2]">&gt;&gt;</a>&nbsp;&nbsp;&nbsp;i2cReleaseBus
<LI><a href="#[d1]">&gt;&gt;</a>&nbsp;&nbsp;&nbsp;i2cAcquireBus
<LI><a href="#[cd]">&gt;&gt;</a>&nbsp;&nbsp;&nbsp;i2cMasterTransmitTimeout
<LI><a href="#[104]">&gt;&gt;</a>&nbsp;&nbsp;&nbsp;pow
<LI><a href="#[108]">&gt;&gt;</a>&nbsp;&nbsp;&nbsp;__aeabi_dmul
<LI><a href="#[105]">&gt;&gt;</a>&nbsp;&nbsp;&nbsp;__aeabi_i2d
<LI><a href="#[107]">&gt;&gt;</a>&nbsp;&nbsp;&nbsp;__aeabi_d2iz
<LI><a href="#[106]">&gt;&gt;</a>&nbsp;&nbsp;&nbsp;__aeabi_ddiv
<LI><a href="#[10d]">&gt;&gt;</a>&nbsp;&nbsp;&nbsp;__aeabi_drsub
<LI><a href="#[102]">&gt;&gt;</a>&nbsp;&nbsp;&nbsp;calculatePressure
</UL>

<P><STRONG><a name="[130]"></a>_dadd1</STRONG> (Thumb, 0 bytes, Stack size unknown bytes, daddsub_clz.o(x$fpl$dadd), UNUSED)
<BR><BR>[Called By]<UL><LI><a href="#[131]">&gt;&gt;</a>&nbsp;&nbsp;&nbsp;_dsub
<LI><a href="#[12f]">&gt;&gt;</a>&nbsp;&nbsp;&nbsp;_drsb
</UL>

<P><STRONG><a name="[122]"></a>_dsub1</STRONG> (Thumb, 0 bytes, Stack size unknown bytes, daddsub_clz.o(x$fpl$dsub), UNUSED)
<BR><BR>[Called By]<UL><LI><a href="#[12f]">&gt;&gt;</a>&nbsp;&nbsp;&nbsp;_drsb
<LI><a href="#[121]">&gt;&gt;</a>&nbsp;&nbsp;&nbsp;_dadd
</UL>

<P><STRONG><a name="[4f]"></a>_printf_input_char</STRONG> (Thumb, 10 bytes, Stack size 0 bytes, _printf_char_common.o(.text))
<BR>[Address Reference Count : 1]<UL><LI> _printf_char_common.o(.text)
</UL><P>
<H3>
Undefined Global Symbols
</H3><HR></body></html>
