<html>
<body>
<pre>
<h1>µVision Build Log</h1>
<h2>Project:</h2>
D:\Bibliothèque\Mes documents\Programmation\Quadricoptère\Partie modèle\ChibiOS_2.6.1\demos\ARMCM3-STM32L152-DISCOVERY\keil\ch.uvproj
Project File Date:  11/16/2013

<h2>Output:</h2>
Build target 'Demo'
compiling main.c...
..\main.c(626): warning:  #550-D: variable "temperature" was set but never used
..\main.c(377): warning:  #177-D: variable "mb_Com" was declared but never referenced
..\main.c(379): warning:  #177-D: variable "mb_Lacet" was declared but never referenced
..\main.c(381): warning:  #177-D: variable "mb_Roulis_Tangage" was declared but never referenced
..\main.c(383): warning:  #177-D: variable "mb_Altitude" was declared but never referenced
..\main.c(430): warning:  #177-D: variable "waLacet" was declared but never referenced
..\main.c(431): warning:  #177-D: function "ThreadLacet" was declared but never referenced
..\main.c(660): warning:  #177-D: variable "waAltitude" was declared but never referenced
..\main.c(661): warning:  #177-D: function "ThreadAltitude" was declared but never referenced
..\main.c(794): warning:  #177-D: variable "waIntelligence" was declared but never referenced
..\main.c(795): warning:  #177-D: function "ThreadIntelligence" was declared but never referenced
linking...
Program Size: Code=21644 RO-data=772 RW-data=104 ZI-data=5864  
".\obj\ch.axf" - 0 Errors, 11 Warning(s).
Load "D:\\Bibliothèque\\Mes documents\\Programmation\\Quadricoptère\\Partie modèle\\ChibiOS_2.6.1\\demos\\ARMCM3-STM32L152-DISCOVERY\\keil\\obj\\ch.axf" 
Erase Done.
Programming Done.
Verify OK.
Application running ...
Build target 'Demo'
compiling main.c...
..\main.c(626): warning:  #550-D: variable "temperature" was set but never used
..\main.c(377): warning:  #177-D: variable "mb_Com" was declared but never referenced
..\main.c(379): warning:  #177-D: variable "mb_Lacet" was declared but never referenced
..\main.c(381): warning:  #177-D: variable "mb_Roulis_Tangage" was declared but never referenced
..\main.c(383): warning:  #177-D: variable "mb_Altitude" was declared but never referenced
..\main.c(430): warning:  #177-D: variable "waLacet" was declared but never referenced
..\main.c(431): warning:  #177-D: function "ThreadLacet" was declared but never referenced
..\main.c(660): warning:  #177-D: variable "waAltitude" was declared but never referenced
..\main.c(661): warning:  #177-D: function "ThreadAltitude" was declared but never referenced
..\main.c(794): warning:  #177-D: variable "waIntelligence" was declared but never referenced
..\main.c(795): warning:  #177-D: function "ThreadIntelligence" was declared but never referenced
linking...
Program Size: Code=21644 RO-data=772 RW-data=104 ZI-data=5864  
".\obj\ch.axf" - 0 Errors, 11 Warning(s).
Load "D:\\Bibliothèque\\Mes documents\\Programmation\\Quadricoptère\\Partie modèle\\ChibiOS_2.6.1\\demos\\ARMCM3-STM32L152-DISCOVERY\\keil\\obj\\ch.axf" 
Erase Done.
Programming Done.
Verify OK.
Application running ...
Build target 'Demo'
compiling main.c...
..\main.c(626): warning:  #550-D: variable "temperature" was set but never used
..\main.c(377): warning:  #177-D: variable "mb_Com" was declared but never referenced
..\main.c(379): warning:  #177-D: variable "mb_Lacet" was declared but never referenced
..\main.c(381): warning:  #177-D: variable "mb_Roulis_Tangage" was declared but never referenced
..\main.c(383): warning:  #177-D: variable "mb_Altitude" was declared but never referenced
..\main.c(430): warning:  #177-D: variable "waLacet" was declared but never referenced
..\main.c(431): warning:  #177-D: function "ThreadLacet" was declared but never referenced
..\main.c(660): warning:  #177-D: variable "waAltitude" was declared but never referenced
..\main.c(661): warning:  #177-D: function "ThreadAltitude" was declared but never referenced
..\main.c(794): warning:  #177-D: variable "waIntelligence" was declared but never referenced
..\main.c(795): warning:  #177-D: function "ThreadIntelligence" was declared but never referenced
linking...
Program Size: Code=21644 RO-data=772 RW-data=104 ZI-data=5864  
".\obj\ch.axf" - 0 Errors, 11 Warning(s).
Load "D:\\Bibliothèque\\Mes documents\\Programmation\\Quadricoptère\\Partie modèle\\ChibiOS_2.6.1\\demos\\ARMCM3-STM32L152-DISCOVERY\\keil\\obj\\ch.axf" 
Erase Done.
Programming Done.
Verify OK.
Application running ...
Build target 'Demo'
compiling main.c...
..\main.c(626): warning:  #550-D: variable "temperature" was set but never used
..\main.c(377): warning:  #177-D: variable "mb_Com" was declared but never referenced
..\main.c(379): warning:  #177-D: variable "mb_Lacet" was declared but never referenced
..\main.c(381): warning:  #177-D: variable "mb_Roulis_Tangage" was declared but never referenced
..\main.c(383): warning:  #177-D: variable "mb_Altitude" was declared but never referenced
..\main.c(430): warning:  #177-D: variable "waLacet" was declared but never referenced
..\main.c(431): warning:  #177-D: function "ThreadLacet" was declared but never referenced
..\main.c(660): warning:  #177-D: variable "waAltitude" was declared but never referenced
..\main.c(661): warning:  #177-D: function "ThreadAltitude" was declared but never referenced
..\main.c(794): warning:  #177-D: variable "waIntelligence" was declared but never referenced
..\main.c(795): warning:  #177-D: function "ThreadIntelligence" was declared but never referenced
linking...
Program Size: Code=21644 RO-data=772 RW-data=104 ZI-data=5864  
".\obj\ch.axf" - 0 Errors, 11 Warning(s).
Load "D:\\Bibliothèque\\Mes documents\\Programmation\\Quadricoptère\\Partie modèle\\ChibiOS_2.6.1\\demos\\ARMCM3-STM32L152-DISCOVERY\\keil\\obj\\ch.axf" 
Erase Done.
Programming Done.
Verify OK.
Application running ...
Build target 'Demo'
compiling main.c...
..\main.c(626): warning:  #550-D: variable "temperature" was set but never used
..\main.c(377): warning:  #177-D: variable "mb_Com" was declared but never referenced
..\main.c(379): warning:  #177-D: variable "mb_Lacet" was declared but never referenced
..\main.c(381): warning:  #177-D: variable "mb_Roulis_Tangage" was declared but never referenced
..\main.c(383): warning:  #177-D: variable "mb_Altitude" was declared but never referenced
..\main.c(430): warning:  #177-D: variable "waLacet" was declared but never referenced
..\main.c(431): warning:  #177-D: function "ThreadLacet" was declared but never referenced
..\main.c(660): warning:  #177-D: variable "waAltitude" was declared but never referenced
..\main.c(661): warning:  #177-D: function "ThreadAltitude" was declared but never referenced
..\main.c(794): warning:  #177-D: variable "waIntelligence" was declared but never referenced
..\main.c(795): warning:  #177-D: function "ThreadIntelligence" was declared but never referenced
linking...
Program Size: Code=21684 RO-data=772 RW-data=104 ZI-data=5864  
".\obj\ch.axf" - 0 Errors, 11 Warning(s).
Build target 'Demo'
compiling main.c...
..\main.c(626): warning:  #550-D: variable "temperature" was set but never used
..\main.c(377): warning:  #177-D: variable "mb_Com" was declared but never referenced
..\main.c(379): warning:  #177-D: variable "mb_Lacet" was declared but never referenced
..\main.c(381): warning:  #177-D: variable "mb_Roulis_Tangage" was declared but never referenced
..\main.c(383): warning:  #177-D: variable "mb_Altitude" was declared but never referenced
..\main.c(430): warning:  #177-D: variable "waLacet" was declared but never referenced
..\main.c(431): warning:  #177-D: function "ThreadLacet" was declared but never referenced
..\main.c(660): warning:  #177-D: variable "waAltitude" was declared but never referenced
..\main.c(661): warning:  #177-D: function "ThreadAltitude" was declared but never referenced
..\main.c(794): warning:  #177-D: variable "waIntelligence" was declared but never referenced
..\main.c(795): warning:  #177-D: function "ThreadIntelligence" was declared but never referenced
linking...
Program Size: Code=21684 RO-data=772 RW-data=104 ZI-data=5864  
".\obj\ch.axf" - 0 Errors, 11 Warning(s).
Load "D:\\Bibliothèque\\Mes documents\\Programmation\\Quadricoptère\\Partie modèle\\ChibiOS_2.6.1\\demos\\ARMCM3-STM32L152-DISCOVERY\\keil\\obj\\ch.axf" 
Erase Done.
Programming Done.
Verify OK.
Application running ...
